******************************************************************************
                  TI ARM Linker PC v18.12.4                    
******************************************************************************
>> Linked Fri Aug  7 15:34:36 2020

OUTPUT FILE NAME:   <Blink.out>
ENTRY POINT SYMBOL: "_c_int00_noargs"  address: 00003fe1


MEMORY CONFIGURATION

         name            origin    length      used     unused   attr    fill
----------------------  --------  ---------  --------  --------  ----  --------
  FLASH                 00000000   00040000  000044ea  0003bb16  R  X
  SRAM                  20000000   00008000  000025fe  00005a02  RW X


SEGMENT ALLOCATION MAP

run origin  load origin   length   init length attrs members
----------  ----------- ---------- ----------- ----- -------
00000000    00000000    000044f0   000044f0    r-x
  00000000    00000000    0000026c   0000026c    r-- .intvecs
  0000026c    0000026c    00003f22   00003f22    r-x .text
  00004190    00004190    0000030c   0000030c    r-- .const
  000044a0    000044a0    00000050   00000050    r-- .cinit
20000000    20000000    00002604   00000000    rw-
  20000000    20000000    0000026c   00000000    rw- .vtable
  2000026c    2000026c    00002136   00000000    rw- .bss
  200023a8    200023a8    00000200   00000000    rw- .stack
  200025a8    200025a8    0000005c   00000000    rw- .data


SECTION ALLOCATION MAP

 output                                  attributes/
section   page    origin      length       input sections
--------  ----  ----------  ----------   ----------------
.intvecs   0    00000000    0000026c     
                  00000000    0000026c     tm4c123gh6pm_startup_ccs.obj (.intvecs)

.text      0    0000026c    00003f22     
                  0000026c    0000116c     tasks.obj (.text)
                  000013d8    00000c84     ustdlib.obj (.text)
                  0000205c    00000a3e     queue.obj (.text)
                  00002a9a    00000002     rtsv7M4_T_le_v4SPD16_eabi.lib : div0.asm.obj (.text)
                  00002a9c    00000288     buttons4.obj (.text)
                  00002d24    0000024c     altitude.obj (.text)
                  00002f70    000001b8     heap_2.obj (.text)
                  00003128    000001b0     yaw.obj (.text)
                  000032d8    0000013c     port.obj (.text)
                  00003414    00000132     driverlib.lib : gpio.obj (.text:GPIOPadConfigSet)
                  00003546    0000012a     list.obj (.text)
                  00003670    00000118     driverlib.lib : sysctl.obj (.text:SysCtlClockGet)
                  00003788    000000f4                   : sysctl.obj (.text:SysCtlClockSet)
                  0000387c    000000da     portasm.obj (.text)
                  00003956    00000002     --HOLE-- [fill = 0]
                  00003958    000000c0     main.obj (.text)
                  00003a18    0000009c     rtsv7M4_T_le_v4SPD16_eabi.lib : memcpy_t2.asm.obj (.text)
                  00003ab4    0000007a     driverlib.lib : adc.obj (.text:ADCSequenceStepConfigure)
                  00003b2e    0000007a     rtsv7M4_T_le_v4SPD16_eabi.lib : memset_t2.asm.obj (.text)
                  00003ba8    00000074     uart.obj (.text)
                  00003c1c    00000068     driverlib.lib : interrupt.obj (.text:IntEnable)
                  00003c84    00000068     rtsv7M4_T_le_v4SPD16_eabi.lib : copy_decompress_lzss.c.obj (.text:decompress:lzss:__TI_decompress_lzss)
                  00003cec    00000058     driverlib.lib : gpio.obj (.text:GPIOIntTypeSet)
                  00003d44    00000050                   : adc.obj (.text:_ADCIntNumberGet)
                  00003d94    0000004e                   : adc.obj (.text:ADCSequenceConfigure)
                  00003de2    00000002     --HOLE-- [fill = 0]
                  00003de4    0000004c                   : gpio.obj (.text:GPIOPinConfigure)
                  00003e30    00000046                   : uart.obj (.text:UARTConfigSetExpClk)
                  00003e76    00000002     --HOLE-- [fill = 0]
                  00003e78    00000044                   : gpio.obj (.text:_GPIOIntNumberGet)
                  00003ebc    00000044     rtsv7M4_T_le_v4SPD16_eabi.lib : autoinit.c.obj (.text:__TI_auto_init_nobinit_nopinit:__TI_auto_init_nobinit_nopinit)
                  00003f00    00000040                                   : u_divt2.asm.obj (.text)
                  00003f40    00000038     driverlib.lib : sysctl.obj (.text:SysCtlPeripheralReady)
                  00003f78    00000034                   : interrupt.obj (.text:IntRegister)
                  00003fac    00000034                   : sysctl.obj (.text:SysCtlPeripheralEnable)
                  00003fe0    00000034     rtsv7M4_T_le_v4SPD16_eabi.lib : boot_cortex_m.c.obj (.text:_c_int00_noargs:_c_int00_noargs)
                  00004014    0000002c     driverlib.lib : gpio.obj (.text:GPIODirModeSet)
                  00004040    00000020                   : uart.obj (.text:UARTDisable)
                  00004060    0000001e                   : adc.obj (.text:ADCSequenceDataGet)
                  0000407e    00000018                   : adc.obj (.text:ADCIntRegister)
                  00004096    00000018                   : adc.obj (.text:ADCProcessorTrigger)
                  000040ae    00000018                   : gpio.obj (.text:GPIOIntRegister)
                  000040c6    00000016                   : gpio.obj (.text:GPIOPinTypeGPIOInput)
                  000040dc    00000016                   : gpio.obj (.text:GPIOPinTypeUART)
                  000040f2    00000014                   : uart.obj (.text:UARTEnable)
                  00004106    00000010                   : adc.obj (.text:ADCIntEnable)
                  00004116    0000000e                   : adc.obj (.text:ADCSequenceEnable)
                  00004124    0000000e     rtsv7M4_T_le_v4SPD16_eabi.lib : copy_decompress_none.c.obj (.text:decompress:none:__TI_decompress_none)
                  00004132    0000000c     driverlib.lib : gpio.obj (.text:GPIOIntEnable)
                  0000413e    0000000c     rtsv7M4_T_le_v4SPD16_eabi.lib : copy_zero_init.c.obj (.text:decompress:ZI:__TI_zero_init)
                  0000414a    0000000c     tm4c123gh6pm_startup_ccs.obj (.text)
                  00004156    0000000a     driverlib.lib : adc.obj (.text:ADCIntClear)
                  00004160    0000000a                   : uart.obj (.text:UARTCharPut)
                  0000416a    0000000a                   : uart.obj (.text:UARTFIFOEnable)
                  00004174    00000006                   : gpio.obj (.text:GPIOIntClear)
                  0000417a    00000006                   : gpio.obj (.text:GPIOPinRead)
                  00004180    00000006                   : sysctl.obj (.text:SysCtlDelay)
                  00004186    00000004     rtsv7M4_T_le_v4SPD16_eabi.lib : pre_init.c.obj (.text:_system_pre_init)
                  0000418a    00000004                                   : exit.c.obj (.text:abort:abort)

.const     0    00004190    0000030c     
                  00004190    000000d8     driverlib.lib : gpio.obj (.const:g_ppui32GPIOIntMapSnowflake)
                  00004268    000000c0                   : gpio.obj (.const:g_ppui32GPIOIntMapBlizzard)
                  00004328    00000090                   : gpio.obj (.const:g_pui32GPIOBaseAddrs)
                  000043b8    0000006c                   : sysctl.obj (.const:g_pui32Xtals)
                  00004424    00000030     ustdlib.obj (.const:g_psDaysToMonth)
                  00004454    00000018     ustdlib.obj (.const:g_pfExponents)
                  0000446c    00000014     driverlib.lib : interrupt.obj (.const:g_pui32EnRegs)
                  00004480    00000012     ustdlib.obj (.const:.string)
                  00004492    00000002     --HOLE-- [fill = 0]
                  00004494    00000004     port.obj (.const)
                  00004498    00000004     ustdlib.obj (.const)

.cinit     0    000044a0    00000050     
                  000044a0    00000018     (.cinit..data.load) [load image, compression = lzss]
                  000044b8    0000000c     (__TI_handler_table)
                  000044c4    00000004     --HOLE-- [fill = 0]
                  000044c8    00000008     (.cinit..bss.load) [load image, compression = zero_init]
                  000044d0    00000008     (.cinit..vtable.load) [load image, compression = zero_init]
                  000044d8    00000018     (__TI_cinit_table)

.init_array 
*          0    00000000    00000000     UNINITIALIZED

.vtable    0    20000000    0000026c     UNINITIALIZED
                  20000000    0000026c     driverlib.lib : interrupt.obj (.vtable)

.bss       0    2000026c    00002136     UNINITIALIZED
                  2000026c    00002000     heap_2.obj (.bss:ucHeap)
                  2000226c    000000a0     tasks.obj (.bss:pxReadyTasksLists)
                  2000230c    00000014     tasks.obj (.bss:xDelayedTaskList1)
                  20002320    00000014     tasks.obj (.bss:xDelayedTaskList2)
                  20002334    00000014     tasks.obj (.bss:xPendingReadyList)
                  20002348    00000014     tasks.obj (.bss:xSuspendedTaskList)
                  2000235c    00000014     tasks.obj (.bss:xTasksWaitingTermination)
                  20002370    00000008     tasks.obj (.bss)
                  20002378    00000008     heap_2.obj (.bss:xEnd)
                  20002380    00000008     heap_2.obj (.bss:xStart)
                  20002388    00000004     buttons4.obj (.bss:but_count)
                  2000238c    00000004     buttons4.obj (.bss:but_flag)
                  20002390    00000004     buttons4.obj (.bss:but_normal)
                  20002394    00000004     buttons4.obj (.bss:but_state)
                  20002398    00000004     (.common:slot)
                  2000239c    00000004     (.common:ulValue)
                  200023a0    00000001     (.common:State)
                  200023a1    00000001     (.common:nextState)

.data      0    200025a8    0000005c     UNINITIALIZED
                  200025a8    00000034     tasks.obj (.data)
                  200025dc    00000018     altitude.obj (.data)
                  200025f4    00000008     heap_2.obj (.data)
                  200025fc    00000004     port.obj (.data)
                  20002600    00000004     ustdlib.obj (.data)

.stack     0    200023a8    00000200     UNINITIALIZED
                  200023a8    00000004     rtsv7M4_T_le_v4SPD16_eabi.lib : boot_cortex_m.c.obj (.stack)
                  200023ac    000001fc     --HOLE--

MODULE SUMMARY

       Module                         code    ro data   rw data
       ------                         ----    -------   -------
    .\
       ustdlib.obj                    3204    94        4      
       buttons4.obj                   648     0         16     
       tm4c123gh6pm_startup_ccs.obj   12      620       0      
       altitude.obj                   588     0         28     
       yaw.obj                        432     0         6      
       main.obj                       192     0         0      
       uart.obj                       116     0         0      
    +--+------------------------------+-------+---------+---------+
       Total:                         5192    714       54     
                                                               
    .\FreeRTOS\
       tasks.obj                      4460    0         320    
       queue.obj                      2622    0         0      
       list.obj                       298     0         0      
    +--+------------------------------+-------+---------+---------+
       Total:                         7380    0         320    
                                                               
    .\FreeRTOS\portable\CCS\ARM_CM4F\
       port.obj                       316     4         4      
       portasm.obj                    218     0         0      
    +--+------------------------------+-------+---------+---------+
       Total:                         534     4         4      
                                                               
    .\FreeRTOS\portable\MemMang\
       heap_2.obj                     440     0         8216   
    +--+------------------------------+-------+---------+---------+
       Total:                         440     0         8216   
                                                               
    C:/ti/TivaWare_C_Series-2.1.4.178/driverlib/ccs/Debug/driverlib.lib
       gpio.obj                       674     552       0      
       interrupt.obj                  156     20        620    
       sysctl.obj                     638     108       0      
       adc.obj                        398     0         0      
       uart.obj                       142     0         0      
    +--+------------------------------+-------+---------+---------+
       Total:                         2008    680       620    
                                                               
    C:\ti\ccs920\ccs\tools\compiler\ti-cgt-arm_18.12.4.LTS\lib\rtsv7M4_T_le_v4SPD16_eabi.lib
       memcpy_t2.asm.obj              156     0         0      
       memset_t2.asm.obj              122     0         0      
       copy_decompress_lzss.c.obj     104     0         0      
       autoinit.c.obj                 68      0         0      
       u_divt2.asm.obj                64      0         0      
       boot_cortex_m.c.obj            52      0         0      
       copy_decompress_none.c.obj     14      0         0      
       copy_zero_init.c.obj           12      0         0      
       exit.c.obj                     4       0         0      
       pre_init.c.obj                 4       0         0      
       div0.asm.obj                   2       0         0      
    +--+------------------------------+-------+---------+---------+
       Total:                         602     0         0      
                                                               
       Stack:                         0       0         512    
       Linker Generated:              0       76        0      
    +--+------------------------------+-------+---------+---------+
       Grand Total:                   16156   1474      9726   


LINKER GENERATED COPY TABLES

__TI_cinit_table @ 000044d8 records: 3, size/record: 8, table size: 24
	.data: load addr=000044a0, load size=00000018 bytes, run addr=200025a8, run size=0000005c bytes, compression=lzss
	.bss: load addr=000044c8, load size=00000008 bytes, run addr=2000026c, run size=00002136 bytes, compression=zero_init
	.vtable: load addr=000044d0, load size=00000008 bytes, run addr=20000000, run size=0000026c bytes, compression=zero_init


LINKER GENERATED HANDLER TABLE

__TI_handler_table @ 000044b8 records: 3, size/record: 4, table size: 12
	index: 0, handler: __TI_zero_init
	index: 1, handler: __TI_decompress_lzss
	index: 2, handler: __TI_decompress_none


GLOBAL SYMBOLS: SORTED ALPHABETICALLY BY Name 

address   name                             
-------   ----                             
00004157  ADCIntClear                      
00004107  ADCIntEnable                     
00002d25  ADCIntHandler                    
0000407f  ADCIntRegister                   
00004097  ADCProcessorTrigger              
00003d95  ADCSequenceConfigure             
00004061  ADCSequenceDataGet               
00004117  ADCSequenceEnable                
00003ab5  ADCSequenceStepConfigure         
0000418b  C$$EXIT                          
00004015  GPIODirModeSet                   
00004175  GPIOIntClear                     
00004133  GPIOIntEnable                    
000040af  GPIOIntRegister                  
00003ced  GPIOIntTypeSet                   
00003415  GPIOPadConfigSet                 
00003de5  GPIOPinConfigure                 
0000417b  GPIOPinRead                      
000040c7  GPIOPinTypeGPIOInput             
000040dd  GPIOPinTypeUART                  
00003c1d  IntEnable                        
00003f79  IntRegister                      
0000414b  ResetISR                         
200023a0  State                            
00003671  SysCtlClockGet                   
00003789  SysCtlClockSet                   
00004181  SysCtlDelay                      
00003fad  SysCtlPeripheralEnable           
00003f41  SysCtlPeripheralReady            
00004161  UARTCharPut                      
00003e31  UARTConfigSetExpClk              
00004041  UARTDisable                      
000040f3  UARTEnable                       
0000416b  UARTFIFOEnable                   
00003bef  UARTSend                         
00003183  YawIntHandler                    
200025a8  __STACK_END                      
00000200  __STACK_SIZE                     
200025a8  __STACK_TOP                      
000044d8  __TI_CINIT_Base                  
000044f0  __TI_CINIT_Limit                 
000044b8  __TI_Handler_Table_Base          
000044c4  __TI_Handler_Table_Limit         
00003ebd  __TI_auto_init_nobinit_nopinit   
00003c85  __TI_decompress_lzss             
00004125  __TI_decompress_none             
ffffffff  __TI_pprof_out_hndl              
ffffffff  __TI_prof_data_size              
ffffffff  __TI_prof_data_start             
00000000  __TI_static_base__               
0000413f  __TI_zero_init                   
00002a9b  __aeabi_idiv0                    
00002a9b  __aeabi_ldiv0                    
00003b2f  __aeabi_memclr                   
00003b2f  __aeabi_memclr4                  
00003b2f  __aeabi_memclr8                  
00003a19  __aeabi_memcpy                   
00003a19  __aeabi_memcpy4                  
00003a19  __aeabi_memcpy8                  
00003b31  __aeabi_memset                   
00003b31  __aeabi_memset4                  
00003b31  __aeabi_memset8                  
00003f01  __aeabi_uidiv                    
00003f01  __aeabi_uidivmod                 
ffffffff  __binit__                        
ffffffff  __c_args__                       
UNDEFED   __mpu_init                       
200023a8  __stack                          
00003fe1  _c_int00_noargs                  
UNDEFED   _system_post_cinit               
00004187  _system_pre_init                 
0000418b  abort                            
ffffffff  binit                            
200025e4  calibrate_counter                
200025e0  calibrate_flag                   
00002c67  checkButton                      
20000000  g_pfnRAMVectors                  
00000000  g_pfnVectors                     
00003129  getYaw                           
00002d49  initADC                          
00002a9d  initButtons                      
00003241  initYaw                          
00003ba9  initialiseUSB_UART               
00003959  main                             
00003a19  memcpy                           
00003b37  memset                           
200023a1  nextState                        
00000993  pcTaskGetName                    
200025e8  percentAlt                       
00002dc1  percentAltitude                  
00002f71  pvPortMalloc                     
200025a8  pxCurrentTCB                     
000032d9  pxPortInitialiseStack            
00002db7  resetAltitude                    
0000317b  resetYaw                         
20002398  slot                             
00004494  ulMaxSyscallInterruptPriority    
0000388d  ulPortGetIPSR                    
00000ea5  ulTaskNotifyTake                 
000012d7  ulTaskNotifyValueClear           
2000239c  ulValue                          
000018bd  ulocaltime                       
00001abb  umktime                          
00002b93  updateButtons                    
00002035  urand                            
0000188d  usnprintf                        
0000185b  usprintf                         
00002025  usrand                           
00001f9d  ustrcasecmp                      
00002011  ustrcmp                          
00001ea1  ustrlen                          
00001ef9  ustrncasecmp                     
00001fb1  ustrncmp                         
000013d9  ustrncpy                         
00001ec3  ustrstr                          
00001c69  ustrtof                          
00001b31  ustrtoul                         
00001431  uvsnprintf                       
00003629  uxListRemove                     
0000281d  uxQueueMessagesWaiting           
00002853  uxQueueMessagesWaitingFromISR    
00002833  uxQueueSpacesAvailable           
0000098d  uxTaskGetNumberOfTasks           
00000e79  uxTaskResetEventItemValue        
00002de9  vADCSampleTask                   
00002e0d  vADCTask                         
00002ca5  vButtonTask                      
00003547  vListInitialise                  
00003577  vListInitialiseItem              
000035c3  vListInsert                      
00003587  vListInsertEnd                   
00003949  vPortEnableVFP                   
00003379  vPortEndScheduler                
0000337b  vPortEnterCritical               
0000339b  vPortExitCritical                
00003069  vPortFree                        
000030cd  vPortInitialiseBlocks            
00003905  vPortSVCHandler                  
000033d7  vPortSetupTimerInterrupt         
00003925  vPortStartFirstTask              
00002869  vQueueDelete                     
00000591  vTaskDelay                       
00000501  vTaskDelayUntil                  
00000453  vTaskDelete                      
0000084d  vTaskEndScheduler                
00000cc5  vTaskInternalSetTimeOutState     
00000d6d  vTaskMissedYield                 
000011f1  vTaskNotifyGiveFromISR           
00000b6b  vTaskPlaceOnEventList            
00000b8d  vTaskPlaceOnUnorderedEventList   
00000c3d  vTaskRemoveFromUnorderedEventList
000006fd  vTaskResume                      
00000c9f  vTaskSetTimeOutState             
00000803  vTaskStartScheduler              
000005d1  vTaskSuspend                     
00000869  vTaskSuspendAll                  
00000b09  vTaskSwitchContext               
0000327f  vYawTask                         
200025f0  xADCQueue                        
000030c7  xPortGetFreeHeapSize             
000038a5  xPortPendSVHandler               
00003343  xPortStartScheduler              
000033b1  xPortSysTickHandler              
000020fd  xQueueGenericCreate              
0000205d  xQueueGenericReset               
0000217d  xQueueGenericSend                
000022a7  xQueueGenericSendFromISR         
0000234d  xQueueGiveFromISR                
00002a2f  xQueueIsQueueEmptyFromISR        
00002a75  xQueueIsQueueFullFromISR         
0000260b  xQueuePeek                       
000027cb  xQueuePeekFromISR                
000023e1  xQueueReceive                    
00002731  xQueueReceiveFromISR             
000024fb  xQueueSemaphoreTake              
000009af  xTaskCatchUpTicks                
00000ce9  xTaskCheckForTimeOut             
0000026d  xTaskCreate                      
00000ff9  xTaskGenericNotify               
000010e5  xTaskGenericNotifyFromISR        
00000963  xTaskGetTickCount                
00000979  xTaskGetTickCountFromISR         
000009ed  xTaskIncrementTick               
0000129d  xTaskNotifyStateClear            
00000f25  xTaskNotifyWait                  
00000bbd  xTaskRemoveFromEventList         
0000087d  xTaskResumeAll                   
0000077d  xTaskResumeFromISR               


GLOBAL SYMBOLS: SORTED BY Symbol Address 

address   name                             
-------   ----                             
00000000  __TI_static_base__               
00000000  g_pfnVectors                     
00000200  __STACK_SIZE                     
0000026d  xTaskCreate                      
00000453  vTaskDelete                      
00000501  vTaskDelayUntil                  
00000591  vTaskDelay                       
000005d1  vTaskSuspend                     
000006fd  vTaskResume                      
0000077d  xTaskResumeFromISR               
00000803  vTaskStartScheduler              
0000084d  vTaskEndScheduler                
00000869  vTaskSuspendAll                  
0000087d  xTaskResumeAll                   
00000963  xTaskGetTickCount                
00000979  xTaskGetTickCountFromISR         
0000098d  uxTaskGetNumberOfTasks           
00000993  pcTaskGetName                    
000009af  xTaskCatchUpTicks                
000009ed  xTaskIncrementTick               
00000b09  vTaskSwitchContext               
00000b6b  vTaskPlaceOnEventList            
00000b8d  vTaskPlaceOnUnorderedEventList   
00000bbd  xTaskRemoveFromEventList         
00000c3d  vTaskRemoveFromUnorderedEventList
00000c9f  vTaskSetTimeOutState             
00000cc5  vTaskInternalSetTimeOutState     
00000ce9  xTaskCheckForTimeOut             
00000d6d  vTaskMissedYield                 
00000e79  uxTaskResetEventItemValue        
00000ea5  ulTaskNotifyTake                 
00000f25  xTaskNotifyWait                  
00000ff9  xTaskGenericNotify               
000010e5  xTaskGenericNotifyFromISR        
000011f1  vTaskNotifyGiveFromISR           
0000129d  xTaskNotifyStateClear            
000012d7  ulTaskNotifyValueClear           
000013d9  ustrncpy                         
00001431  uvsnprintf                       
0000185b  usprintf                         
0000188d  usnprintf                        
000018bd  ulocaltime                       
00001abb  umktime                          
00001b31  ustrtoul                         
00001c69  ustrtof                          
00001ea1  ustrlen                          
00001ec3  ustrstr                          
00001ef9  ustrncasecmp                     
00001f9d  ustrcasecmp                      
00001fb1  ustrncmp                         
00002011  ustrcmp                          
00002025  usrand                           
00002035  urand                            
0000205d  xQueueGenericReset               
000020fd  xQueueGenericCreate              
0000217d  xQueueGenericSend                
000022a7  xQueueGenericSendFromISR         
0000234d  xQueueGiveFromISR                
000023e1  xQueueReceive                    
000024fb  xQueueSemaphoreTake              
0000260b  xQueuePeek                       
00002731  xQueueReceiveFromISR             
000027cb  xQueuePeekFromISR                
0000281d  uxQueueMessagesWaiting           
00002833  uxQueueSpacesAvailable           
00002853  uxQueueMessagesWaitingFromISR    
00002869  vQueueDelete                     
00002a2f  xQueueIsQueueEmptyFromISR        
00002a75  xQueueIsQueueFullFromISR         
00002a9b  __aeabi_idiv0                    
00002a9b  __aeabi_ldiv0                    
00002a9d  initButtons                      
00002b93  updateButtons                    
00002c67  checkButton                      
00002ca5  vButtonTask                      
00002d25  ADCIntHandler                    
00002d49  initADC                          
00002db7  resetAltitude                    
00002dc1  percentAltitude                  
00002de9  vADCSampleTask                   
00002e0d  vADCTask                         
00002f71  pvPortMalloc                     
00003069  vPortFree                        
000030c7  xPortGetFreeHeapSize             
000030cd  vPortInitialiseBlocks            
00003129  getYaw                           
0000317b  resetYaw                         
00003183  YawIntHandler                    
00003241  initYaw                          
0000327f  vYawTask                         
000032d9  pxPortInitialiseStack            
00003343  xPortStartScheduler              
00003379  vPortEndScheduler                
0000337b  vPortEnterCritical               
0000339b  vPortExitCritical                
000033b1  xPortSysTickHandler              
000033d7  vPortSetupTimerInterrupt         
00003415  GPIOPadConfigSet                 
00003547  vListInitialise                  
00003577  vListInitialiseItem              
00003587  vListInsertEnd                   
000035c3  vListInsert                      
00003629  uxListRemove                     
00003671  SysCtlClockGet                   
00003789  SysCtlClockSet                   
0000388d  ulPortGetIPSR                    
000038a5  xPortPendSVHandler               
00003905  vPortSVCHandler                  
00003925  vPortStartFirstTask              
00003949  vPortEnableVFP                   
00003959  main                             
00003a19  __aeabi_memcpy                   
00003a19  __aeabi_memcpy4                  
00003a19  __aeabi_memcpy8                  
00003a19  memcpy                           
00003ab5  ADCSequenceStepConfigure         
00003b2f  __aeabi_memclr                   
00003b2f  __aeabi_memclr4                  
00003b2f  __aeabi_memclr8                  
00003b31  __aeabi_memset                   
00003b31  __aeabi_memset4                  
00003b31  __aeabi_memset8                  
00003b37  memset                           
00003ba9  initialiseUSB_UART               
00003bef  UARTSend                         
00003c1d  IntEnable                        
00003c85  __TI_decompress_lzss             
00003ced  GPIOIntTypeSet                   
00003d95  ADCSequenceConfigure             
00003de5  GPIOPinConfigure                 
00003e31  UARTConfigSetExpClk              
00003ebd  __TI_auto_init_nobinit_nopinit   
00003f01  __aeabi_uidiv                    
00003f01  __aeabi_uidivmod                 
00003f41  SysCtlPeripheralReady            
00003f79  IntRegister                      
00003fad  SysCtlPeripheralEnable           
00003fe1  _c_int00_noargs                  
00004015  GPIODirModeSet                   
00004041  UARTDisable                      
00004061  ADCSequenceDataGet               
0000407f  ADCIntRegister                   
00004097  ADCProcessorTrigger              
000040af  GPIOIntRegister                  
000040c7  GPIOPinTypeGPIOInput             
000040dd  GPIOPinTypeUART                  
000040f3  UARTEnable                       
00004107  ADCIntEnable                     
00004117  ADCSequenceEnable                
00004125  __TI_decompress_none             
00004133  GPIOIntEnable                    
0000413f  __TI_zero_init                   
0000414b  ResetISR                         
00004157  ADCIntClear                      
00004161  UARTCharPut                      
0000416b  UARTFIFOEnable                   
00004175  GPIOIntClear                     
0000417b  GPIOPinRead                      
00004181  SysCtlDelay                      
00004187  _system_pre_init                 
0000418b  C$$EXIT                          
0000418b  abort                            
00004494  ulMaxSyscallInterruptPriority    
000044b8  __TI_Handler_Table_Base          
000044c4  __TI_Handler_Table_Limit         
000044d8  __TI_CINIT_Base                  
000044f0  __TI_CINIT_Limit                 
20000000  g_pfnRAMVectors                  
20002398  slot                             
2000239c  ulValue                          
200023a0  State                            
200023a1  nextState                        
200023a8  __stack                          
200025a8  __STACK_END                      
200025a8  __STACK_TOP                      
200025a8  pxCurrentTCB                     
200025e0  calibrate_flag                   
200025e4  calibrate_counter                
200025e8  percentAlt                       
200025f0  xADCQueue                        
ffffffff  __TI_pprof_out_hndl              
ffffffff  __TI_prof_data_size              
ffffffff  __TI_prof_data_start             
ffffffff  __binit__                        
ffffffff  __c_args__                       
ffffffff  binit                            
UNDEFED   __mpu_init                       
UNDEFED   _system_post_cinit               

[188 symbols]
