<?xml version="1.0" encoding="ISO-8859-1" ?>
<link_info>
   <banner>TI ARM Linker PC v18.12.4.LTS</banner>
   <copyright>Copyright (c) 1996-2018 Texas Instruments Incorporated</copyright>
   <link_time>0x5f2ccbcc</link_time>
   <link_errors>0x0</link_errors>
   <output_file>Blink.out</output_file>
   <entry_point>
      <name>_c_int00_noargs</name>
      <address>0x3fe1</address>
   </entry_point>
   <input_file_list>
      <input_file id="fl-2">
         <path>.\</path>
         <kind>object</kind>
         <file>altitude.obj</file>
         <name>altitude.obj</name>
      </input_file>
      <input_file id="fl-3">
         <path>.\</path>
         <kind>object</kind>
         <file>buttons4.obj</file>
         <name>buttons4.obj</name>
      </input_file>
      <input_file id="fl-4">
         <path>.\</path>
         <kind>object</kind>
         <file>main.obj</file>
         <name>main.obj</name>
      </input_file>
      <input_file id="fl-5">
         <path>.\</path>
         <kind>object</kind>
         <file>tm4c123gh6pm_startup_ccs.obj</file>
         <name>tm4c123gh6pm_startup_ccs.obj</name>
      </input_file>
      <input_file id="fl-6">
         <path>.\</path>
         <kind>object</kind>
         <file>uart.obj</file>
         <name>uart.obj</name>
      </input_file>
      <input_file id="fl-7">
         <path>.\</path>
         <kind>object</kind>
         <file>ustdlib.obj</file>
         <name>ustdlib.obj</name>
      </input_file>
      <input_file id="fl-8">
         <path>.\</path>
         <kind>object</kind>
         <file>yaw.obj</file>
         <name>yaw.obj</name>
      </input_file>
      <input_file id="fl-9">
         <path>.\FreeRTOS\</path>
         <kind>object</kind>
         <file>croutine.obj</file>
         <name>croutine.obj</name>
      </input_file>
      <input_file id="fl-a">
         <path>.\FreeRTOS\</path>
         <kind>object</kind>
         <file>event_groups.obj</file>
         <name>event_groups.obj</name>
      </input_file>
      <input_file id="fl-b">
         <path>.\FreeRTOS\</path>
         <kind>object</kind>
         <file>list.obj</file>
         <name>list.obj</name>
      </input_file>
      <input_file id="fl-c">
         <path>.\FreeRTOS\</path>
         <kind>object</kind>
         <file>queue.obj</file>
         <name>queue.obj</name>
      </input_file>
      <input_file id="fl-d">
         <path>.\FreeRTOS\</path>
         <kind>object</kind>
         <file>stream_buffer.obj</file>
         <name>stream_buffer.obj</name>
      </input_file>
      <input_file id="fl-e">
         <path>.\FreeRTOS\</path>
         <kind>object</kind>
         <file>tasks.obj</file>
         <name>tasks.obj</name>
      </input_file>
      <input_file id="fl-f">
         <path>.\FreeRTOS\</path>
         <kind>object</kind>
         <file>timers.obj</file>
         <name>timers.obj</name>
      </input_file>
      <input_file id="fl-10">
         <path>.\FreeRTOS\portable\CCS\ARM_CM4F\</path>
         <kind>object</kind>
         <file>port.obj</file>
         <name>port.obj</name>
      </input_file>
      <input_file id="fl-11">
         <path>.\FreeRTOS\portable\CCS\ARM_CM4F\</path>
         <kind>object</kind>
         <file>portasm.obj</file>
         <name>portasm.obj</name>
      </input_file>
      <input_file id="fl-12">
         <path>.\FreeRTOS\portable\MemMang\</path>
         <kind>object</kind>
         <file>heap_2.obj</file>
         <name>heap_2.obj</name>
      </input_file>
      <input_file id="fl-13">
         <path>.\OrbitOLED\</path>
         <kind>object</kind>
         <file>OrbitOLEDInterface.obj</file>
         <name>OrbitOLEDInterface.obj</name>
      </input_file>
      <input_file id="fl-14">
         <path>.\OrbitOLED\lib_OrbitOled\</path>
         <kind>object</kind>
         <file>ChrFont0.obj</file>
         <name>ChrFont0.obj</name>
      </input_file>
      <input_file id="fl-15">
         <path>.\OrbitOLED\lib_OrbitOled\</path>
         <kind>object</kind>
         <file>FillPat.obj</file>
         <name>FillPat.obj</name>
      </input_file>
      <input_file id="fl-16">
         <path>.\OrbitOLED\lib_OrbitOled\</path>
         <kind>object</kind>
         <file>OrbitOled.obj</file>
         <name>OrbitOled.obj</name>
      </input_file>
      <input_file id="fl-17">
         <path>.\OrbitOLED\lib_OrbitOled\</path>
         <kind>object</kind>
         <file>OrbitOledChar.obj</file>
         <name>OrbitOledChar.obj</name>
      </input_file>
      <input_file id="fl-18">
         <path>.\OrbitOLED\lib_OrbitOled\</path>
         <kind>object</kind>
         <file>OrbitOledGrph.obj</file>
         <name>OrbitOledGrph.obj</name>
      </input_file>
      <input_file id="fl-19">
         <path>.\OrbitOLED\lib_OrbitOled\</path>
         <kind>object</kind>
         <file>delay.obj</file>
         <name>delay.obj</name>
      </input_file>
      <input_file id="fl-1e">
         <kind>object</kind>
         <file>&lt;internal&gt;</file>
         <name>&lt;internal&gt;</name>
      </input_file>
      <input_file id="fl-1f">
         <path>C:\ti\TivaWare_C_Series-2.1.4.178\driverlib\ccs\Debug\</path>
         <kind>archive</kind>
         <file>driverlib.lib</file>
         <name>adc.obj</name>
      </input_file>
      <input_file id="fl-20">
         <path>C:\ti\TivaWare_C_Series-2.1.4.178\driverlib\ccs\Debug\</path>
         <kind>archive</kind>
         <file>driverlib.lib</file>
         <name>gpio.obj</name>
      </input_file>
      <input_file id="fl-21">
         <path>C:\ti\TivaWare_C_Series-2.1.4.178\driverlib\ccs\Debug\</path>
         <kind>archive</kind>
         <file>driverlib.lib</file>
         <name>interrupt.obj</name>
      </input_file>
      <input_file id="fl-22">
         <path>C:\ti\TivaWare_C_Series-2.1.4.178\driverlib\ccs\Debug\</path>
         <kind>archive</kind>
         <file>driverlib.lib</file>
         <name>ssi.obj</name>
      </input_file>
      <input_file id="fl-23">
         <path>C:\ti\TivaWare_C_Series-2.1.4.178\driverlib\ccs\Debug\</path>
         <kind>archive</kind>
         <file>driverlib.lib</file>
         <name>sysctl.obj</name>
      </input_file>
      <input_file id="fl-24">
         <path>C:\ti\TivaWare_C_Series-2.1.4.178\driverlib\ccs\Debug\</path>
         <kind>archive</kind>
         <file>driverlib.lib</file>
         <name>timer.obj</name>
      </input_file>
      <input_file id="fl-25">
         <path>C:\ti\TivaWare_C_Series-2.1.4.178\driverlib\ccs\Debug\</path>
         <kind>archive</kind>
         <file>driverlib.lib</file>
         <name>uart.obj</name>
      </input_file>
      <input_file id="fl-26">
         <path>C:\ti\TivaWare_C_Series-2.1.4.178\driverlib\ccs\Debug\</path>
         <kind>archive</kind>
         <file>driverlib.lib</file>
         <name>cpu.obj</name>
      </input_file>
      <input_file id="fl-dc">
         <path>C:\ti\ccs920\ccs\tools\compiler\ti-cgt-arm_18.12.4.LTS\lib\</path>
         <kind>archive</kind>
         <file>rtsv7M4_T_le_v4SPD16_eabi.lib</file>
         <name>memcpy_t2.asm.obj</name>
      </input_file>
      <input_file id="fl-dd">
         <path>C:\ti\ccs920\ccs\tools\compiler\ti-cgt-arm_18.12.4.LTS\lib\</path>
         <kind>archive</kind>
         <file>rtsv7M4_T_le_v4SPD16_eabi.lib</file>
         <name>u_divt2.asm.obj</name>
      </input_file>
      <input_file id="fl-de">
         <path>C:\ti\ccs920\ccs\tools\compiler\ti-cgt-arm_18.12.4.LTS\lib\</path>
         <kind>archive</kind>
         <file>rtsv7M4_T_le_v4SPD16_eabi.lib</file>
         <name>memset_t2.asm.obj</name>
      </input_file>
      <input_file id="fl-df">
         <path>C:\ti\ccs920\ccs\tools\compiler\ti-cgt-arm_18.12.4.LTS\lib\</path>
         <kind>archive</kind>
         <file>rtsv7M4_T_le_v4SPD16_eabi.lib</file>
         <name>copy_zero_init.c.obj</name>
      </input_file>
      <input_file id="fl-e0">
         <path>C:\ti\ccs920\ccs\tools\compiler\ti-cgt-arm_18.12.4.LTS\lib\</path>
         <kind>archive</kind>
         <file>rtsv7M4_T_le_v4SPD16_eabi.lib</file>
         <name>copy_decompress_none.c.obj</name>
      </input_file>
      <input_file id="fl-e1">
         <path>C:\ti\ccs920\ccs\tools\compiler\ti-cgt-arm_18.12.4.LTS\lib\</path>
         <kind>archive</kind>
         <file>rtsv7M4_T_le_v4SPD16_eabi.lib</file>
         <name>copy_decompress_lzss.c.obj</name>
      </input_file>
      <input_file id="fl-e2">
         <path>C:\ti\ccs920\ccs\tools\compiler\ti-cgt-arm_18.12.4.LTS\lib\</path>
         <kind>archive</kind>
         <file>rtsv7M4_T_le_v4SPD16_eabi.lib</file>
         <name>boot_cortex_m.c.obj</name>
      </input_file>
      <input_file id="fl-e3">
         <path>C:\ti\ccs920\ccs\tools\compiler\ti-cgt-arm_18.12.4.LTS\lib\</path>
         <kind>archive</kind>
         <file>rtsv7M4_T_le_v4SPD16_eabi.lib</file>
         <name>div0.asm.obj</name>
      </input_file>
      <input_file id="fl-e4">
         <path>C:\ti\ccs920\ccs\tools\compiler\ti-cgt-arm_18.12.4.LTS\lib\</path>
         <kind>archive</kind>
         <file>rtsv7M4_T_le_v4SPD16_eabi.lib</file>
         <name>autoinit.c.obj</name>
      </input_file>
      <input_file id="fl-e5">
         <path>C:\ti\ccs920\ccs\tools\compiler\ti-cgt-arm_18.12.4.LTS\lib\</path>
         <kind>archive</kind>
         <file>rtsv7M4_T_le_v4SPD16_eabi.lib</file>
         <name>pre_init.c.obj</name>
      </input_file>
      <input_file id="fl-e6">
         <path>C:\ti\ccs920\ccs\tools\compiler\ti-cgt-arm_18.12.4.LTS\lib\</path>
         <kind>archive</kind>
         <file>rtsv7M4_T_le_v4SPD16_eabi.lib</file>
         <name>cpy_tbl.c.obj</name>
      </input_file>
      <input_file id="fl-e7">
         <path>C:\ti\ccs920\ccs\tools\compiler\ti-cgt-arm_18.12.4.LTS\lib\</path>
         <kind>archive</kind>
         <file>rtsv7M4_T_le_v4SPD16_eabi.lib</file>
         <name>exit.c.obj</name>
      </input_file>
      <input_file id="fl-e8">
         <path>C:\ti\ccs920\ccs\tools\compiler\ti-cgt-arm_18.12.4.LTS\lib\</path>
         <kind>archive</kind>
         <file>rtsv7M4_T_le_v4SPD16_eabi.lib</file>
         <name>_lock.c.obj</name>
      </input_file>
      <input_file id="fl-e9">
         <path>C:\ti\ccs920\ccs\tools\compiler\ti-cgt-arm_18.12.4.LTS\lib\</path>
         <kind>archive</kind>
         <file>rtsv7M4_T_le_v4SPD16_eabi.lib</file>
         <name>args_main.c.obj</name>
      </input_file>
   </input_file_list>
   <object_component_list>
      <object_component id="oc-f">
         <name>.intvecs</name>
         <load_address>0x0</load_address>
         <run_address>0x0</run_address>
         <size>0x26c</size>
         <input_file_ref idref="fl-5"/>
      </object_component>
      <object_component id="oc-7c">
         <name>.text</name>
         <load_address>0x26c</load_address>
         <run_address>0x26c</run_address>
         <size>0x116c</size>
         <input_file_ref idref="fl-e"/>
      </object_component>
      <object_component id="oc-20e">
         <name>.text</name>
         <load_address>0x13d8</load_address>
         <run_address>0x13d8</run_address>
         <size>0xc84</size>
         <input_file_ref idref="fl-7"/>
      </object_component>
      <object_component id="oc-1d8">
         <name>.text</name>
         <load_address>0x205c</load_address>
         <run_address>0x205c</run_address>
         <size>0xa3e</size>
         <input_file_ref idref="fl-c"/>
      </object_component>
      <object_component id="oc-383">
         <name>.text</name>
         <load_address>0x2a9a</load_address>
         <run_address>0x2a9a</run_address>
         <size>0x2</size>
         <input_file_ref idref="fl-e3"/>
      </object_component>
      <object_component id="oc-143">
         <name>.text</name>
         <load_address>0x2a9c</load_address>
         <run_address>0x2a9c</run_address>
         <size>0x288</size>
         <input_file_ref idref="fl-3"/>
      </object_component>
      <object_component id="oc-137">
         <name>.text</name>
         <load_address>0x2d24</load_address>
         <run_address>0x2d24</run_address>
         <size>0x24c</size>
         <input_file_ref idref="fl-2"/>
      </object_component>
      <object_component id="oc-db">
         <name>.text</name>
         <load_address>0x2f70</load_address>
         <run_address>0x2f70</run_address>
         <size>0x1b8</size>
         <input_file_ref idref="fl-12"/>
      </object_component>
      <object_component id="oc-13d">
         <name>.text</name>
         <load_address>0x3128</load_address>
         <run_address>0x3128</run_address>
         <size>0x1b0</size>
         <input_file_ref idref="fl-8"/>
      </object_component>
      <object_component id="oc-2f">
         <name>.text</name>
         <load_address>0x32d8</load_address>
         <run_address>0x32d8</run_address>
         <size>0x13c</size>
         <input_file_ref idref="fl-10"/>
      </object_component>
      <object_component id="oc-231">
         <name>.text:GPIOPadConfigSet</name>
         <load_address>0x3414</load_address>
         <run_address>0x3414</run_address>
         <size>0x132</size>
         <input_file_ref idref="fl-20"/>
      </object_component>
      <object_component id="oc-e1">
         <name>.text</name>
         <load_address>0x3546</load_address>
         <run_address>0x3546</run_address>
         <size>0x12a</size>
         <input_file_ref idref="fl-b"/>
      </object_component>
      <object_component id="oc-26e">
         <name>.text:SysCtlClockGet</name>
         <load_address>0x3670</load_address>
         <run_address>0x3670</run_address>
         <size>0x118</size>
         <input_file_ref idref="fl-23"/>
      </object_component>
      <object_component id="oc-131">
         <name>.text:SysCtlClockSet</name>
         <load_address>0x3788</load_address>
         <run_address>0x3788</run_address>
         <size>0xf4</size>
         <input_file_ref idref="fl-23"/>
      </object_component>
      <object_component id="oc-2a">
         <name>.text</name>
         <load_address>0x387c</load_address>
         <run_address>0x387c</run_address>
         <size>0xda</size>
         <input_file_ref idref="fl-11"/>
      </object_component>
      <object_component id="oc-bf">
         <name>.text</name>
         <load_address>0x3958</load_address>
         <run_address>0x3958</run_address>
         <size>0xc0</size>
         <input_file_ref idref="fl-4"/>
      </object_component>
      <object_component id="oc-43">
         <name>.text</name>
         <load_address>0x3a18</load_address>
         <run_address>0x3a18</run_address>
         <size>0x9c</size>
         <input_file_ref idref="fl-dc"/>
      </object_component>
      <object_component id="oc-1f6">
         <name>.text:ADCSequenceStepConfigure</name>
         <load_address>0x3ab4</load_address>
         <run_address>0x3ab4</run_address>
         <size>0x7a</size>
         <input_file_ref idref="fl-1f"/>
      </object_component>
      <object_component id="oc-b3">
         <name>.text</name>
         <load_address>0x3b2e</load_address>
         <run_address>0x3b2e</run_address>
         <size>0x7a</size>
         <input_file_ref idref="fl-de"/>
      </object_component>
      <object_component id="oc-149">
         <name>.text</name>
         <load_address>0x3ba8</load_address>
         <run_address>0x3ba8</run_address>
         <size>0x74</size>
         <input_file_ref idref="fl-6"/>
      </object_component>
      <object_component id="oc-249">
         <name>.text:IntEnable</name>
         <load_address>0x3c1c</load_address>
         <run_address>0x3c1c</run_address>
         <size>0x68</size>
         <input_file_ref idref="fl-21"/>
      </object_component>
      <object_component id="oc-12">
         <name>.text:decompress:lzss:__TI_decompress_lzss</name>
         <load_address>0x3c84</load_address>
         <run_address>0x3c84</run_address>
         <size>0x68</size>
         <input_file_ref idref="fl-e1"/>
      </object_component>
      <object_component id="oc-237">
         <name>.text:GPIOIntTypeSet</name>
         <load_address>0x3cec</load_address>
         <run_address>0x3cec</run_address>
         <size>0x58</size>
         <input_file_ref idref="fl-20"/>
      </object_component>
      <object_component id="oc-2dc">
         <name>.text:_ADCIntNumberGet</name>
         <load_address>0x3d44</load_address>
         <run_address>0x3d44</run_address>
         <size>0x50</size>
         <input_file_ref idref="fl-1f"/>
      </object_component>
      <object_component id="oc-1f0">
         <name>.text:ADCSequenceConfigure</name>
         <load_address>0x3d94</load_address>
         <run_address>0x3d94</run_address>
         <size>0x4e</size>
         <input_file_ref idref="fl-1f"/>
      </object_component>
      <object_component id="oc-268">
         <name>.text:GPIOPinConfigure</name>
         <load_address>0x3de4</load_address>
         <run_address>0x3de4</run_address>
         <size>0x4c</size>
         <input_file_ref idref="fl-20"/>
      </object_component>
      <object_component id="oc-274">
         <name>.text:UARTConfigSetExpClk</name>
         <load_address>0x3e30</load_address>
         <run_address>0x3e30</run_address>
         <size>0x46</size>
         <input_file_ref idref="fl-25"/>
      </object_component>
      <object_component id="oc-317">
         <name>.text:_GPIOIntNumberGet</name>
         <load_address>0x3e78</load_address>
         <run_address>0x3e78</run_address>
         <size>0x44</size>
         <input_file_ref idref="fl-20"/>
      </object_component>
      <object_component id="oc-15c">
         <name>.text:__TI_auto_init_nobinit_nopinit:__TI_auto_init_nobinit_nopinit</name>
         <load_address>0x3ebc</load_address>
         <run_address>0x3ebc</run_address>
         <size>0x44</size>
         <input_file_ref idref="fl-e4"/>
      </object_component>
      <object_component id="oc-2ea">
         <name>.text</name>
         <load_address>0x3f00</load_address>
         <run_address>0x3f00</run_address>
         <size>0x40</size>
         <input_file_ref idref="fl-dd"/>
      </object_component>
      <object_component id="oc-1ea">
         <name>.text:SysCtlPeripheralReady</name>
         <load_address>0x3f40</load_address>
         <run_address>0x3f40</run_address>
         <size>0x38</size>
         <input_file_ref idref="fl-23"/>
      </object_component>
      <object_component id="oc-2e2">
         <name>.text:IntRegister</name>
         <load_address>0x3f78</load_address>
         <run_address>0x3f78</run_address>
         <size>0x34</size>
         <input_file_ref idref="fl-21"/>
      </object_component>
      <object_component id="oc-1e4">
         <name>.text:SysCtlPeripheralEnable</name>
         <load_address>0x3fac</load_address>
         <run_address>0x3fac</run_address>
         <size>0x34</size>
         <input_file_ref idref="fl-23"/>
      </object_component>
      <object_component id="oc-61">
         <name>.text:_c_int00_noargs:_c_int00_noargs</name>
         <load_address>0x3fe0</load_address>
         <run_address>0x3fe0</run_address>
         <size>0x34</size>
         <input_file_ref idref="fl-e2"/>
      </object_component>
      <object_component id="oc-30d">
         <name>.text:GPIODirModeSet</name>
         <load_address>0x4014</load_address>
         <run_address>0x4014</run_address>
         <size>0x2c</size>
         <input_file_ref idref="fl-20"/>
      </object_component>
      <object_component id="oc-33b">
         <name>.text:UARTDisable</name>
         <load_address>0x4040</load_address>
         <run_address>0x4040</run_address>
         <size>0x20</size>
         <input_file_ref idref="fl-25"/>
      </object_component>
      <object_component id="oc-1d2">
         <name>.text:ADCSequenceDataGet</name>
         <load_address>0x4060</load_address>
         <run_address>0x4060</run_address>
         <size>0x1e</size>
         <input_file_ref idref="fl-1f"/>
      </object_component>
      <object_component id="oc-202">
         <name>.text:ADCIntRegister</name>
         <load_address>0x407e</load_address>
         <run_address>0x407e</run_address>
         <size>0x18</size>
         <input_file_ref idref="fl-1f"/>
      </object_component>
      <object_component id="oc-214">
         <name>.text:ADCProcessorTrigger</name>
         <load_address>0x4096</load_address>
         <run_address>0x4096</run_address>
         <size>0x18</size>
         <input_file_ref idref="fl-1f"/>
      </object_component>
      <object_component id="oc-243">
         <name>.text:GPIOIntRegister</name>
         <load_address>0x40ae</load_address>
         <run_address>0x40ae</run_address>
         <size>0x18</size>
         <input_file_ref idref="fl-20"/>
      </object_component>
      <object_component id="oc-22b">
         <name>.text:GPIOPinTypeGPIOInput</name>
         <load_address>0x40c6</load_address>
         <run_address>0x40c6</run_address>
         <size>0x16</size>
         <input_file_ref idref="fl-20"/>
      </object_component>
      <object_component id="oc-262">
         <name>.text:GPIOPinTypeUART</name>
         <load_address>0x40dc</load_address>
         <run_address>0x40dc</run_address>
         <size>0x16</size>
         <input_file_ref idref="fl-20"/>
      </object_component>
      <object_component id="oc-280">
         <name>.text:UARTEnable</name>
         <load_address>0x40f2</load_address>
         <run_address>0x40f2</run_address>
         <size>0x14</size>
         <input_file_ref idref="fl-25"/>
      </object_component>
      <object_component id="oc-208">
         <name>.text:ADCIntEnable</name>
         <load_address>0x4106</load_address>
         <run_address>0x4106</run_address>
         <size>0x10</size>
         <input_file_ref idref="fl-1f"/>
      </object_component>
      <object_component id="oc-1fc">
         <name>.text:ADCSequenceEnable</name>
         <load_address>0x4116</load_address>
         <run_address>0x4116</run_address>
         <size>0xe</size>
         <input_file_ref idref="fl-1f"/>
      </object_component>
      <object_component id="oc-18">
         <name>.text:decompress:none:__TI_decompress_none</name>
         <load_address>0x4124</load_address>
         <run_address>0x4124</run_address>
         <size>0xe</size>
         <input_file_ref idref="fl-e0"/>
      </object_component>
      <object_component id="oc-23d">
         <name>.text:GPIOIntEnable</name>
         <load_address>0x4132</load_address>
         <run_address>0x4132</run_address>
         <size>0xc</size>
         <input_file_ref idref="fl-20"/>
      </object_component>
      <object_component id="oc-55">
         <name>.text:decompress:ZI:__TI_zero_init</name>
         <load_address>0x413e</load_address>
         <run_address>0x413e</run_address>
         <size>0xc</size>
         <input_file_ref idref="fl-df"/>
      </object_component>
      <object_component id="oc-24">
         <name>.text</name>
         <load_address>0x414a</load_address>
         <run_address>0x414a</run_address>
         <size>0xc</size>
         <input_file_ref idref="fl-5"/>
      </object_component>
      <object_component id="oc-1de">
         <name>.text:ADCIntClear</name>
         <load_address>0x4156</load_address>
         <run_address>0x4156</run_address>
         <size>0xa</size>
         <input_file_ref idref="fl-1f"/>
      </object_component>
      <object_component id="oc-286">
         <name>.text:UARTCharPut</name>
         <load_address>0x4160</load_address>
         <run_address>0x4160</run_address>
         <size>0xa</size>
         <input_file_ref idref="fl-25"/>
      </object_component>
      <object_component id="oc-27a">
         <name>.text:UARTFIFOEnable</name>
         <load_address>0x416a</load_address>
         <run_address>0x416a</run_address>
         <size>0xa</size>
         <input_file_ref idref="fl-25"/>
      </object_component>
      <object_component id="oc-21f">
         <name>.text:GPIOIntClear</name>
         <load_address>0x4174</load_address>
         <run_address>0x4174</run_address>
         <size>0x6</size>
         <input_file_ref idref="fl-20"/>
      </object_component>
      <object_component id="oc-225">
         <name>.text:GPIOPinRead</name>
         <load_address>0x417a</load_address>
         <run_address>0x417a</run_address>
         <size>0x6</size>
         <input_file_ref idref="fl-20"/>
      </object_component>
      <object_component id="oc-1cf">
         <name>.text:SysCtlDelay</name>
         <load_address>0x4180</load_address>
         <run_address>0x4180</run_address>
         <size>0x6</size>
         <input_file_ref idref="fl-23"/>
      </object_component>
      <object_component id="oc-b9">
         <name>.text:_system_pre_init</name>
         <load_address>0x4186</load_address>
         <run_address>0x4186</run_address>
         <size>0x4</size>
         <input_file_ref idref="fl-e5"/>
      </object_component>
      <object_component id="oc-150">
         <name>.text:abort:abort</name>
         <load_address>0x418a</load_address>
         <run_address>0x418a</run_address>
         <size>0x4</size>
         <input_file_ref idref="fl-e7"/>
      </object_component>
      <object_component id="oc-39a">
         <name>.const:g_ppui32GPIOIntMapSnowflake</name>
         <load_address>0x4190</load_address>
         <run_address>0x4190</run_address>
         <size>0xd8</size>
         <input_file_ref idref="fl-20"/>
      </object_component>
      <object_component id="oc-397">
         <name>.const:g_ppui32GPIOIntMapBlizzard</name>
         <load_address>0x4268</load_address>
         <run_address>0x4268</run_address>
         <size>0xc0</size>
         <input_file_ref idref="fl-20"/>
      </object_component>
      <object_component id="oc-333">
         <name>.const:g_pui32GPIOBaseAddrs</name>
         <load_address>0x4328</load_address>
         <run_address>0x4328</run_address>
         <size>0x90</size>
         <input_file_ref idref="fl-20"/>
      </object_component>
      <object_component id="oc-337">
         <name>.const:g_pui32Xtals</name>
         <load_address>0x43b8</load_address>
         <run_address>0x43b8</run_address>
         <size>0x6c</size>
         <input_file_ref idref="fl-23"/>
      </object_component>
      <object_component id="oc-2f2">
         <name>.const:g_psDaysToMonth</name>
         <load_address>0x4424</load_address>
         <run_address>0x4424</run_address>
         <size>0x30</size>
         <input_file_ref idref="fl-7"/>
      </object_component>
      <object_component id="oc-2f5">
         <name>.const:g_pfExponents</name>
         <load_address>0x4454</load_address>
         <run_address>0x4454</run_address>
         <size>0x18</size>
         <input_file_ref idref="fl-7"/>
      </object_component>
      <object_component id="oc-31e">
         <name>.const:g_pui32EnRegs</name>
         <load_address>0x446c</load_address>
         <run_address>0x446c</run_address>
         <size>0x14</size>
         <input_file_ref idref="fl-21"/>
      </object_component>
      <object_component id="oc-389">
         <name>.const:.string</name>
         <load_address>0x4480</load_address>
         <run_address>0x4480</run_address>
         <size>0x12</size>
         <input_file_ref idref="fl-7"/>
      </object_component>
      <object_component id="oc-79">
         <name>.const</name>
         <load_address>0x4494</load_address>
         <run_address>0x4494</run_address>
         <size>0x4</size>
         <input_file_ref idref="fl-10"/>
      </object_component>
      <object_component id="oc-2ef">
         <name>.const</name>
         <load_address>0x4498</load_address>
         <run_address>0x4498</run_address>
         <size>0x4</size>
         <input_file_ref idref="fl-7"/>
      </object_component>
      <object_component id="oc-3e9">
         <name>.cinit..data.load</name>
         <load_address>0x44a0</load_address>
         <run_address>0x44a0</run_address>
         <size>0x18</size>
      </object_component>
      <object_component id="oc-3e6">
         <name>__TI_handler_table</name>
         <load_address>0x44b8</load_address>
         <run_address>0x44b8</run_address>
         <size>0xc</size>
      </object_component>
      <object_component id="oc-3ea">
         <name>.cinit..bss.load</name>
         <load_address>0x44c8</load_address>
         <run_address>0x44c8</run_address>
         <size>0x8</size>
      </object_component>
      <object_component id="oc-3e8">
         <name>.cinit..vtable.load</name>
         <load_address>0x44d0</load_address>
         <run_address>0x44d0</run_address>
         <size>0x8</size>
      </object_component>
      <object_component id="oc-3e7">
         <name>__TI_cinit_table</name>
         <load_address>0x44d8</load_address>
         <run_address>0x44d8</run_address>
         <size>0x18</size>
      </object_component>
      <object_component id="oc-37f">
         <name>.vtable</name>
         <uninitialized>true</uninitialized>
         <run_address>0x20000000</run_address>
         <size>0x26c</size>
         <input_file_ref idref="fl-21"/>
      </object_component>
      <object_component id="oc-21b">
         <name>.data</name>
         <load_address>0x200025dc</load_address>
         <run_address>0x200025dc</run_address>
         <size>0x18</size>
         <input_file_ref idref="fl-2"/>
      </object_component>
      <object_component id="oc-2f8">
         <name>.data</name>
         <load_address>0x20002600</load_address>
         <run_address>0x20002600</run_address>
         <size>0x4</size>
         <input_file_ref idref="fl-7"/>
      </object_component>
      <object_component id="oc-76">
         <name>.data</name>
         <load_address>0x200025a8</load_address>
         <run_address>0x200025a8</run_address>
         <size>0x34</size>
         <input_file_ref idref="fl-e"/>
      </object_component>
      <object_component id="oc-83">
         <name>.data</name>
         <load_address>0x200025fc</load_address>
         <run_address>0x200025fc</run_address>
         <size>0x4</size>
         <input_file_ref idref="fl-10"/>
      </object_component>
      <object_component id="oc-1a4">
         <name>.data</name>
         <load_address>0x200025f4</load_address>
         <run_address>0x200025f4</run_address>
         <size>0x8</size>
         <input_file_ref idref="fl-12"/>
      </object_component>
      <object_component id="oc-258">
         <name>.bss:but_state</name>
         <uninitialized>true</uninitialized>
         <run_address>0x20002394</run_address>
         <size>0x4</size>
         <input_file_ref idref="fl-3"/>
      </object_component>
      <object_component id="oc-25b">
         <name>.bss:but_count</name>
         <uninitialized>true</uninitialized>
         <run_address>0x20002388</run_address>
         <size>0x4</size>
         <input_file_ref idref="fl-3"/>
      </object_component>
      <object_component id="oc-25e">
         <name>.bss:but_flag</name>
         <uninitialized>true</uninitialized>
         <run_address>0x2000238c</run_address>
         <size>0x4</size>
         <input_file_ref idref="fl-3"/>
      </object_component>
      <object_component id="oc-255">
         <name>.bss:but_normal</name>
         <uninitialized>true</uninitialized>
         <run_address>0x20002390</run_address>
         <size>0x4</size>
         <input_file_ref idref="fl-3"/>
      </object_component>
      <object_component id="oc-e7">
         <name>.bss:pxReadyTasksLists</name>
         <uninitialized>true</uninitialized>
         <run_address>0x2000226c</run_address>
         <size>0xa0</size>
         <input_file_ref idref="fl-e"/>
      </object_component>
      <object_component id="oc-f6">
         <name>.bss:xDelayedTaskList1</name>
         <uninitialized>true</uninitialized>
         <run_address>0x2000230c</run_address>
         <size>0x14</size>
         <input_file_ref idref="fl-e"/>
      </object_component>
      <object_component id="oc-f9">
         <name>.bss:xDelayedTaskList2</name>
         <uninitialized>true</uninitialized>
         <run_address>0x20002320</run_address>
         <size>0x14</size>
         <input_file_ref idref="fl-e"/>
      </object_component>
      <object_component id="oc-f3">
         <name>.bss</name>
         <uninitialized>true</uninitialized>
         <run_address>0x20002370</run_address>
         <size>0x8</size>
         <input_file_ref idref="fl-e"/>
      </object_component>
      <object_component id="oc-f0">
         <name>.bss:xPendingReadyList</name>
         <uninitialized>true</uninitialized>
         <run_address>0x20002334</run_address>
         <size>0x14</size>
         <input_file_ref idref="fl-e"/>
      </object_component>
      <object_component id="oc-ea">
         <name>.bss:xTasksWaitingTermination</name>
         <uninitialized>true</uninitialized>
         <run_address>0x2000235c</run_address>
         <size>0x14</size>
         <input_file_ref idref="fl-e"/>
      </object_component>
      <object_component id="oc-ed">
         <name>.bss:xSuspendedTaskList</name>
         <uninitialized>true</uninitialized>
         <run_address>0x20002348</run_address>
         <size>0x14</size>
         <input_file_ref idref="fl-e"/>
      </object_component>
      <object_component id="oc-1ad">
         <name>.bss:ucHeap</name>
         <uninitialized>true</uninitialized>
         <run_address>0x2000026c</run_address>
         <size>0x2000</size>
         <input_file_ref idref="fl-12"/>
      </object_component>
      <object_component id="oc-1a7">
         <name>.bss:xStart</name>
         <uninitialized>true</uninitialized>
         <run_address>0x20002380</run_address>
         <size>0x8</size>
         <input_file_ref idref="fl-12"/>
      </object_component>
      <object_component id="oc-1aa">
         <name>.bss:xEnd</name>
         <uninitialized>true</uninitialized>
         <run_address>0x20002378</run_address>
         <size>0x8</size>
         <input_file_ref idref="fl-12"/>
      </object_component>
      <object_component id="oc-21a">
         <name>.common:ulValue</name>
         <uninitialized>true</uninitialized>
         <run_address>0x2000239c</run_address>
         <size>0x4</size>
      </object_component>
      <object_component id="oc-253">
         <name>.common:State</name>
         <uninitialized>true</uninitialized>
         <run_address>0x200023a0</run_address>
         <size>0x1</size>
      </object_component>
      <object_component id="oc-252">
         <name>.common:nextState</name>
         <uninitialized>true</uninitialized>
         <run_address>0x200023a1</run_address>
         <size>0x1</size>
      </object_component>
      <object_component id="oc-24f">
         <name>.common:slot</name>
         <uninitialized>true</uninitialized>
         <run_address>0x20002398</run_address>
         <size>0x4</size>
      </object_component>
      <object_component id="oc-21">
         <name>.stack</name>
         <uninitialized>true</uninitialized>
         <run_address>0x200023a8</run_address>
         <size>0x4</size>
         <input_file_ref idref="fl-e2"/>
      </object_component>
      <object_component id="oc-3eb">
         <name>.stack</name>
         <uninitialized>true</uninitialized>
         <run_address>0x200023a8</run_address>
         <size>0x0</size>
      </object_component>
      <object_component id="oc-115">
         <name>.debug_info</name>
         <load_address>0x0</load_address>
         <run_address>0x0</run_address>
         <size>0x841</size>
         <input_file_ref idref="fl-2"/>
      </object_component>
      <object_component id="oc-21c">
         <name>.debug_info</name>
         <load_address>0x841</load_address>
         <run_address>0x841</run_address>
         <size>0x1a2</size>
         <input_file_ref idref="fl-2"/>
      </object_component>
      <object_component id="oc-138">
         <name>.debug_info</name>
         <load_address>0x9e3</load_address>
         <run_address>0x9e3</run_address>
         <size>0x682</size>
         <input_file_ref idref="fl-2"/>
      </object_component>
      <object_component id="oc-106">
         <name>.debug_info</name>
         <load_address>0x1065</load_address>
         <run_address>0x1065</run_address>
         <size>0x315</size>
         <input_file_ref idref="fl-2"/>
      </object_component>
      <object_component id="oc-94">
         <name>.debug_info</name>
         <load_address>0x137a</load_address>
         <run_address>0x137a</run_address>
         <size>0x26b</size>
         <input_file_ref idref="fl-2"/>
      </object_component>
      <object_component id="oc-195">
         <name>.debug_info</name>
         <load_address>0x15e5</load_address>
         <run_address>0x15e5</run_address>
         <size>0x110</size>
         <input_file_ref idref="fl-2"/>
      </object_component>
      <object_component id="oc-19f">
         <name>.debug_info</name>
         <load_address>0x16f5</load_address>
         <run_address>0x16f5</run_address>
         <size>0x3ce</size>
         <input_file_ref idref="fl-2"/>
      </object_component>
      <object_component id="oc-1c5">
         <name>.debug_info</name>
         <load_address>0x1ac3</load_address>
         <run_address>0x1ac3</run_address>
         <size>0x4f</size>
         <input_file_ref idref="fl-2"/>
      </object_component>
      <object_component id="oc-117">
         <name>.debug_info</name>
         <load_address>0x1b12</load_address>
         <run_address>0x1b12</run_address>
         <size>0x8b</size>
         <input_file_ref idref="fl-2"/>
      </object_component>
      <object_component id="oc-88">
         <name>.debug_info</name>
         <load_address>0x1b9d</load_address>
         <run_address>0x1b9d</run_address>
         <size>0x2c</size>
         <input_file_ref idref="fl-2"/>
      </object_component>
      <object_component id="oc-11c">
         <name>.debug_info</name>
         <load_address>0x1bc9</load_address>
         <run_address>0x1bc9</run_address>
         <size>0x297</size>
         <input_file_ref idref="fl-2"/>
      </object_component>
      <object_component id="oc-2c8">
         <name>.debug_info</name>
         <load_address>0x1e60</load_address>
         <run_address>0x1e60</run_address>
         <size>0xef</size>
         <input_file_ref idref="fl-2"/>
      </object_component>
      <object_component id="oc-99">
         <name>.debug_info</name>
         <load_address>0x1f4f</load_address>
         <run_address>0x1f4f</run_address>
         <size>0xbb</size>
         <input_file_ref idref="fl-2"/>
      </object_component>
      <object_component id="oc-8d">
         <name>.debug_info</name>
         <load_address>0x200a</load_address>
         <run_address>0x200a</run_address>
         <size>0x53</size>
         <input_file_ref idref="fl-2"/>
      </object_component>
      <object_component id="oc-302">
         <name>.debug_info</name>
         <load_address>0x205d</load_address>
         <run_address>0x205d</run_address>
         <size>0x2c</size>
         <input_file_ref idref="fl-2"/>
      </object_component>
      <object_component id="oc-1ca">
         <name>.debug_info</name>
         <load_address>0x2089</load_address>
         <run_address>0x2089</run_address>
         <size>0x35</size>
         <input_file_ref idref="fl-2"/>
      </object_component>
      <object_component id="oc-10b">
         <name>.debug_info</name>
         <load_address>0x20be</load_address>
         <run_address>0x20be</run_address>
         <size>0x14c</size>
         <input_file_ref idref="fl-2"/>
      </object_component>
      <object_component id="oc-1c2">
         <name>.debug_info</name>
         <load_address>0x220a</load_address>
         <run_address>0x220a</run_address>
         <size>0x582</size>
         <input_file_ref idref="fl-3"/>
      </object_component>
      <object_component id="oc-259">
         <name>.debug_info</name>
         <load_address>0x278c</load_address>
         <run_address>0x278c</run_address>
         <size>0xd8</size>
         <input_file_ref idref="fl-3"/>
      </object_component>
      <object_component id="oc-25c">
         <name>.debug_info</name>
         <load_address>0x2864</load_address>
         <run_address>0x2864</run_address>
         <size>0xd8</size>
         <input_file_ref idref="fl-3"/>
      </object_component>
      <object_component id="oc-25f">
         <name>.debug_info</name>
         <load_address>0x293c</load_address>
         <run_address>0x293c</run_address>
         <size>0xd6</size>
         <input_file_ref idref="fl-3"/>
      </object_component>
      <object_component id="oc-256">
         <name>.debug_info</name>
         <load_address>0x2a12</load_address>
         <run_address>0x2a12</run_address>
         <size>0xda</size>
         <input_file_ref idref="fl-3"/>
      </object_component>
      <object_component id="oc-144">
         <name>.debug_info</name>
         <load_address>0x2aec</load_address>
         <run_address>0x2aec</run_address>
         <size>0x517</size>
         <input_file_ref idref="fl-3"/>
      </object_component>
      <object_component id="oc-110">
         <name>.debug_info</name>
         <load_address>0x3003</load_address>
         <run_address>0x3003</run_address>
         <size>0x3ce</size>
         <input_file_ref idref="fl-3"/>
      </object_component>
      <object_component id="oc-101">
         <name>.debug_info</name>
         <load_address>0x33d1</load_address>
         <run_address>0x33d1</run_address>
         <size>0x53</size>
         <input_file_ref idref="fl-3"/>
      </object_component>
      <object_component id="oc-c1">
         <name>.debug_info</name>
         <load_address>0x3424</load_address>
         <run_address>0x3424</run_address>
         <size>0x1b1</size>
         <input_file_ref idref="fl-4"/>
      </object_component>
      <object_component id="oc-3e">
         <name>.debug_info</name>
         <load_address>0x35d5</load_address>
         <run_address>0x35d5</run_address>
         <size>0x84</size>
         <input_file_ref idref="fl-4"/>
      </object_component>
      <object_component id="oc-37">
         <name>.debug_info</name>
         <load_address>0x3659</load_address>
         <run_address>0x3659</run_address>
         <size>0x330</size>
         <input_file_ref idref="fl-5"/>
      </object_component>
      <object_component id="oc-10">
         <name>.debug_info</name>
         <load_address>0x3989</load_address>
         <run_address>0x3989</run_address>
         <size>0xef</size>
         <input_file_ref idref="fl-5"/>
      </object_component>
      <object_component id="oc-27">
         <name>.debug_info</name>
         <load_address>0x3a78</load_address>
         <run_address>0x3a78</run_address>
         <size>0x26b</size>
         <input_file_ref idref="fl-5"/>
      </object_component>
      <object_component id="oc-28d">
         <name>.debug_info</name>
         <load_address>0x3ce3</load_address>
         <run_address>0x3ce3</run_address>
         <size>0x443</size>
         <input_file_ref idref="fl-6"/>
      </object_component>
      <object_component id="oc-14b">
         <name>.debug_info</name>
         <load_address>0x4126</load_address>
         <run_address>0x4126</run_address>
         <size>0x270</size>
         <input_file_ref idref="fl-6"/>
      </object_component>
      <object_component id="oc-2fd">
         <name>.debug_info</name>
         <load_address>0x4396</load_address>
         <run_address>0x4396</run_address>
         <size>0x196</size>
         <input_file_ref idref="fl-6"/>
      </object_component>
      <object_component id="oc-2fc">
         <name>.debug_info</name>
         <load_address>0x452c</load_address>
         <run_address>0x452c</run_address>
         <size>0x2cc</size>
         <input_file_ref idref="fl-7"/>
      </object_component>
      <object_component id="oc-2f0">
         <name>.debug_info</name>
         <load_address>0x47f8</load_address>
         <run_address>0x47f8</run_address>
         <size>0xd3</size>
         <input_file_ref idref="fl-7"/>
      </object_component>
      <object_component id="oc-2f3">
         <name>.debug_info</name>
         <load_address>0x48cb</load_address>
         <run_address>0x48cb</run_address>
         <size>0xe4</size>
         <input_file_ref idref="fl-7"/>
      </object_component>
      <object_component id="oc-2f6">
         <name>.debug_info</name>
         <load_address>0x49af</load_address>
         <run_address>0x49af</run_address>
         <size>0xe0</size>
         <input_file_ref idref="fl-7"/>
      </object_component>
      <object_component id="oc-2f9">
         <name>.debug_info</name>
         <load_address>0x4a8f</load_address>
         <run_address>0x4a8f</run_address>
         <size>0xe0</size>
         <input_file_ref idref="fl-7"/>
      </object_component>
      <object_component id="oc-20f">
         <name>.debug_info</name>
         <load_address>0x4b6f</load_address>
         <run_address>0x4b6f</run_address>
         <size>0xe52</size>
         <input_file_ref idref="fl-7"/>
      </object_component>
      <object_component id="oc-250">
         <name>.debug_info</name>
         <load_address>0x59c1</load_address>
         <run_address>0x59c1</run_address>
         <size>0x662</size>
         <input_file_ref idref="fl-8"/>
      </object_component>
      <object_component id="oc-13f">
         <name>.debug_info</name>
         <load_address>0x6023</load_address>
         <run_address>0x6023</run_address>
         <size>0x3d6</size>
         <input_file_ref idref="fl-8"/>
      </object_component>
      <object_component id="oc-325">
         <name>.debug_info</name>
         <load_address>0x63f9</load_address>
         <run_address>0x63f9</run_address>
         <size>0x51</size>
         <input_file_ref idref="fl-8"/>
      </object_component>
      <object_component id="oc-2ae">
         <name>.debug_info</name>
         <load_address>0x644a</load_address>
         <run_address>0x644a</run_address>
         <size>0x625</size>
         <input_file_ref idref="fl-a"/>
      </object_component>
      <object_component id="oc-36b">
         <name>.debug_info</name>
         <load_address>0x6a6f</load_address>
         <run_address>0x6a6f</run_address>
         <size>0x62</size>
         <input_file_ref idref="fl-a"/>
      </object_component>
      <object_component id="oc-370">
         <name>.debug_info</name>
         <load_address>0x6ad1</load_address>
         <run_address>0x6ad1</run_address>
         <size>0x39</size>
         <input_file_ref idref="fl-a"/>
      </object_component>
      <object_component id="oc-190">
         <name>.debug_info</name>
         <load_address>0x6b0a</load_address>
         <run_address>0x6b0a</run_address>
         <size>0x4f</size>
         <input_file_ref idref="fl-a"/>
      </object_component>
      <object_component id="oc-1b3">
         <name>.debug_info</name>
         <load_address>0x6b59</load_address>
         <run_address>0x6b59</run_address>
         <size>0x357</size>
         <input_file_ref idref="fl-b"/>
      </object_component>
      <object_component id="oc-e4">
         <name>.debug_info</name>
         <load_address>0x6eb0</load_address>
         <run_address>0x6eb0</run_address>
         <size>0x4ab</size>
         <input_file_ref idref="fl-b"/>
      </object_component>
      <object_component id="oc-2d5">
         <name>.debug_info</name>
         <load_address>0x735b</load_address>
         <run_address>0x735b</run_address>
         <size>0x678</size>
         <input_file_ref idref="fl-c"/>
      </object_component>
      <object_component id="oc-1db">
         <name>.debug_info</name>
         <load_address>0x79d3</load_address>
         <run_address>0x79d3</run_address>
         <size>0x2799</size>
         <input_file_ref idref="fl-c"/>
      </object_component>
      <object_component id="oc-379">
         <name>.debug_info</name>
         <load_address>0xa16c</load_address>
         <run_address>0xa16c</run_address>
         <size>0x1c7</size>
         <input_file_ref idref="fl-c"/>
      </object_component>
      <object_component id="oc-2d0">
         <name>.debug_info</name>
         <load_address>0xa333</load_address>
         <run_address>0xa333</run_address>
         <size>0x46</size>
         <input_file_ref idref="fl-c"/>
      </object_component>
      <object_component id="oc-128">
         <name>.debug_info</name>
         <load_address>0xa379</load_address>
         <run_address>0xa379</run_address>
         <size>0x2c</size>
         <input_file_ref idref="fl-d"/>
      </object_component>
      <object_component id="oc-d3">
         <name>.debug_info</name>
         <load_address>0xa3a5</load_address>
         <run_address>0xa3a5</run_address>
         <size>0x6dc</size>
         <input_file_ref idref="fl-e"/>
      </object_component>
      <object_component id="oc-77">
         <name>.debug_info</name>
         <load_address>0xaa81</load_address>
         <run_address>0xaa81</run_address>
         <size>0x346</size>
         <input_file_ref idref="fl-e"/>
      </object_component>
      <object_component id="oc-e8">
         <name>.debug_info</name>
         <load_address>0xadc7</load_address>
         <run_address>0xadc7</run_address>
         <size>0xef</size>
         <input_file_ref idref="fl-e"/>
      </object_component>
      <object_component id="oc-f7">
         <name>.debug_info</name>
         <load_address>0xaeb6</load_address>
         <run_address>0xaeb6</run_address>
         <size>0xef</size>
         <input_file_ref idref="fl-e"/>
      </object_component>
      <object_component id="oc-fa">
         <name>.debug_info</name>
         <load_address>0xafa5</load_address>
         <run_address>0xafa5</run_address>
         <size>0xef</size>
         <input_file_ref idref="fl-e"/>
      </object_component>
      <object_component id="oc-f4">
         <name>.debug_info</name>
         <load_address>0xb094</load_address>
         <run_address>0xb094</run_address>
         <size>0x132</size>
         <input_file_ref idref="fl-e"/>
      </object_component>
      <object_component id="oc-f1">
         <name>.debug_info</name>
         <load_address>0xb1c6</load_address>
         <run_address>0xb1c6</run_address>
         <size>0xef</size>
         <input_file_ref idref="fl-e"/>
      </object_component>
      <object_component id="oc-eb">
         <name>.debug_info</name>
         <load_address>0xb2b5</load_address>
         <run_address>0xb2b5</run_address>
         <size>0xfd</size>
         <input_file_ref idref="fl-e"/>
      </object_component>
      <object_component id="oc-ee">
         <name>.debug_info</name>
         <load_address>0xb3b2</load_address>
         <run_address>0xb3b2</run_address>
         <size>0xf1</size>
         <input_file_ref idref="fl-e"/>
      </object_component>
      <object_component id="oc-7d">
         <name>.debug_info</name>
         <load_address>0xb4a3</load_address>
         <run_address>0xb4a3</run_address>
         <size>0x3649</size>
         <input_file_ref idref="fl-e"/>
      </object_component>
      <object_component id="oc-d4">
         <name>.debug_info</name>
         <load_address>0xeaec</load_address>
         <run_address>0xeaec</run_address>
         <size>0x30c</size>
         <input_file_ref idref="fl-e"/>
      </object_component>
      <object_component id="oc-19a">
         <name>.debug_info</name>
         <load_address>0xedf8</load_address>
         <run_address>0xedf8</run_address>
         <size>0xf0</size>
         <input_file_ref idref="fl-e"/>
      </object_component>
      <object_component id="oc-87">
         <name>.debug_info</name>
         <load_address>0xeee8</load_address>
         <run_address>0xeee8</run_address>
         <size>0x3f2</size>
         <input_file_ref idref="fl-10"/>
      </object_component>
      <object_component id="oc-7a">
         <name>.debug_info</name>
         <load_address>0xf2da</load_address>
         <run_address>0xf2da</run_address>
         <size>0x11c</size>
         <input_file_ref idref="fl-10"/>
      </object_component>
      <object_component id="oc-84">
         <name>.debug_info</name>
         <load_address>0xf3f6</load_address>
         <run_address>0xf3f6</run_address>
         <size>0x103</size>
         <input_file_ref idref="fl-10"/>
      </object_component>
      <object_component id="oc-30">
         <name>.debug_info</name>
         <load_address>0xf4f9</load_address>
         <run_address>0xf4f9</run_address>
         <size>0x6b3</size>
         <input_file_ref idref="fl-10"/>
      </object_component>
      <object_component id="oc-2c">
         <name>.debug_info</name>
         <load_address>0xfbac</load_address>
         <run_address>0xfbac</run_address>
         <size>0x251</size>
         <input_file_ref idref="fl-11"/>
      </object_component>
      <object_component id="oc-1b1">
         <name>.debug_info</name>
         <load_address>0xfdfd</load_address>
         <run_address>0xfdfd</run_address>
         <size>0x401</size>
         <input_file_ref idref="fl-12"/>
      </object_component>
      <object_component id="oc-1ae">
         <name>.debug_info</name>
         <load_address>0x101fe</load_address>
         <run_address>0x101fe</run_address>
         <size>0xea</size>
         <input_file_ref idref="fl-12"/>
      </object_component>
      <object_component id="oc-1a8">
         <name>.debug_info</name>
         <load_address>0x102e8</load_address>
         <run_address>0x102e8</run_address>
         <size>0xea</size>
         <input_file_ref idref="fl-12"/>
      </object_component>
      <object_component id="oc-1ab">
         <name>.debug_info</name>
         <load_address>0x103d2</load_address>
         <run_address>0x103d2</run_address>
         <size>0xe6</size>
         <input_file_ref idref="fl-12"/>
      </object_component>
      <object_component id="oc-1a5">
         <name>.debug_info</name>
         <load_address>0x104b8</load_address>
         <run_address>0x104b8</run_address>
         <size>0x104</size>
         <input_file_ref idref="fl-12"/>
      </object_component>
      <object_component id="oc-dd">
         <name>.debug_info</name>
         <load_address>0x105bc</load_address>
         <run_address>0x105bc</run_address>
         <size>0x664</size>
         <input_file_ref idref="fl-12"/>
      </object_component>
      <object_component id="oc-2b3">
         <name>.debug_info</name>
         <load_address>0x10c20</load_address>
         <run_address>0x10c20</run_address>
         <size>0x62</size>
         <input_file_ref idref="fl-12"/>
      </object_component>
      <object_component id="oc-2ce">
         <name>.debug_info</name>
         <load_address>0x10c82</load_address>
         <run_address>0x10c82</run_address>
         <size>0x36c</size>
         <input_file_ref idref="fl-1f"/>
      </object_component>
      <object_component id="oc-1f8">
         <name>.debug_info</name>
         <load_address>0x10fee</load_address>
         <run_address>0x10fee</run_address>
         <size>0x2a0</size>
         <input_file_ref idref="fl-1f"/>
      </object_component>
      <object_component id="oc-1fd">
         <name>.debug_info</name>
         <load_address>0x1128e</load_address>
         <run_address>0x1128e</run_address>
         <size>0x20d</size>
         <input_file_ref idref="fl-1f"/>
      </object_component>
      <object_component id="oc-1d3">
         <name>.debug_info</name>
         <load_address>0x1149b</load_address>
         <run_address>0x1149b</run_address>
         <size>0x26c</size>
         <input_file_ref idref="fl-1f"/>
      </object_component>
      <object_component id="oc-1f1">
         <name>.debug_info</name>
         <load_address>0x11707</load_address>
         <run_address>0x11707</run_address>
         <size>0x293</size>
         <input_file_ref idref="fl-1f"/>
      </object_component>
      <object_component id="oc-215">
         <name>.debug_info</name>
         <load_address>0x1199a</load_address>
         <run_address>0x1199a</run_address>
         <size>0x211</size>
         <input_file_ref idref="fl-1f"/>
      </object_component>
      <object_component id="oc-2dd">
         <name>.debug_info</name>
         <load_address>0x11bab</load_address>
         <run_address>0x11bab</run_address>
         <size>0x22c</size>
         <input_file_ref idref="fl-1f"/>
      </object_component>
      <object_component id="oc-203">
         <name>.debug_info</name>
         <load_address>0x11dd7</load_address>
         <run_address>0x11dd7</run_address>
         <size>0x24c</size>
         <input_file_ref idref="fl-1f"/>
      </object_component>
      <object_component id="oc-209">
         <name>.debug_info</name>
         <load_address>0x12023</load_address>
         <run_address>0x12023</run_address>
         <size>0x203</size>
         <input_file_ref idref="fl-1f"/>
      </object_component>
      <object_component id="oc-1df">
         <name>.debug_info</name>
         <load_address>0x12226</load_address>
         <run_address>0x12226</run_address>
         <size>0x201</size>
         <input_file_ref idref="fl-1f"/>
      </object_component>
      <object_component id="oc-30b">
         <name>.debug_info</name>
         <load_address>0x12427</load_address>
         <run_address>0x12427</run_address>
         <size>0x396</size>
         <input_file_ref idref="fl-20"/>
      </object_component>
      <object_component id="oc-398">
         <name>.debug_info</name>
         <load_address>0x127bd</load_address>
         <run_address>0x127bd</run_address>
         <size>0x122</size>
         <input_file_ref idref="fl-20"/>
      </object_component>
      <object_component id="oc-39b">
         <name>.debug_info</name>
         <load_address>0x128df</load_address>
         <run_address>0x128df</run_address>
         <size>0x124</size>
         <input_file_ref idref="fl-20"/>
      </object_component>
      <object_component id="oc-334">
         <name>.debug_info</name>
         <load_address>0x12a03</load_address>
         <run_address>0x12a03</run_address>
         <size>0x116</size>
         <input_file_ref idref="fl-20"/>
      </object_component>
      <object_component id="oc-310">
         <name>.debug_info</name>
         <load_address>0x12b19</load_address>
         <run_address>0x12b19</run_address>
         <size>0x220</size>
         <input_file_ref idref="fl-20"/>
      </object_component>
      <object_component id="oc-234">
         <name>.debug_info</name>
         <load_address>0x12d39</load_address>
         <run_address>0x12d39</run_address>
         <size>0x283</size>
         <input_file_ref idref="fl-20"/>
      </object_component>
      <object_component id="oc-265">
         <name>.debug_info</name>
         <load_address>0x12fbc</load_address>
         <run_address>0x12fbc</run_address>
         <size>0x1ff</size>
         <input_file_ref idref="fl-20"/>
      </object_component>
      <object_component id="oc-22e">
         <name>.debug_info</name>
         <load_address>0x131bb</load_address>
         <run_address>0x131bb</run_address>
         <size>0x209</size>
         <input_file_ref idref="fl-20"/>
      </object_component>
      <object_component id="oc-229">
         <name>.debug_info</name>
         <load_address>0x133c4</load_address>
         <run_address>0x133c4</run_address>
         <size>0x1e8</size>
         <input_file_ref idref="fl-20"/>
      </object_component>
      <object_component id="oc-26c">
         <name>.debug_info</name>
         <load_address>0x135ac</load_address>
         <run_address>0x135ac</run_address>
         <size>0x1ed</size>
         <input_file_ref idref="fl-20"/>
      </object_component>
      <object_component id="oc-31b">
         <name>.debug_info</name>
         <load_address>0x13799</load_address>
         <run_address>0x13799</run_address>
         <size>0x205</size>
         <input_file_ref idref="fl-20"/>
      </object_component>
      <object_component id="oc-23b">
         <name>.debug_info</name>
         <load_address>0x1399e</load_address>
         <run_address>0x1399e</run_address>
         <size>0x228</size>
         <input_file_ref idref="fl-20"/>
      </object_component>
      <object_component id="oc-247">
         <name>.debug_info</name>
         <load_address>0x13bc6</load_address>
         <run_address>0x13bc6</run_address>
         <size>0x23c</size>
         <input_file_ref idref="fl-20"/>
      </object_component>
      <object_component id="oc-241">
         <name>.debug_info</name>
         <load_address>0x13e02</load_address>
         <run_address>0x13e02</run_address>
         <size>0x1fc</size>
         <input_file_ref idref="fl-20"/>
      </object_component>
      <object_component id="oc-223">
         <name>.debug_info</name>
         <load_address>0x13ffe</load_address>
         <run_address>0x13ffe</run_address>
         <size>0x1fa</size>
         <input_file_ref idref="fl-20"/>
      </object_component>
      <object_component id="oc-322">
         <name>.debug_info</name>
         <load_address>0x141f8</load_address>
         <run_address>0x141f8</run_address>
         <size>0x369</size>
         <input_file_ref idref="fl-21"/>
      </object_component>
      <object_component id="oc-31f">
         <name>.debug_info</name>
         <load_address>0x14561</load_address>
         <run_address>0x14561</run_address>
         <size>0x10d</size>
         <input_file_ref idref="fl-21"/>
      </object_component>
      <object_component id="oc-380">
         <name>.debug_info</name>
         <load_address>0x1466e</load_address>
         <run_address>0x1466e</run_address>
         <size>0x112</size>
         <input_file_ref idref="fl-21"/>
      </object_component>
      <object_component id="oc-2e6">
         <name>.debug_info</name>
         <load_address>0x14780</load_address>
         <run_address>0x14780</run_address>
         <size>0x22e</size>
         <input_file_ref idref="fl-21"/>
      </object_component>
      <object_component id="oc-24b">
         <name>.debug_info</name>
         <load_address>0x149ae</load_address>
         <run_address>0x149ae</run_address>
         <size>0x1d5</size>
         <input_file_ref idref="fl-21"/>
      </object_component>
      <object_component id="oc-1d1">
         <name>.debug_info</name>
         <load_address>0x14b83</load_address>
         <run_address>0x14b83</run_address>
         <size>0x3f3</size>
         <input_file_ref idref="fl-23"/>
      </object_component>
      <object_component id="oc-338">
         <name>.debug_info</name>
         <load_address>0x14f76</load_address>
         <run_address>0x14f76</run_address>
         <size>0x108</size>
         <input_file_ref idref="fl-23"/>
      </object_component>
      <object_component id="oc-1ed">
         <name>.debug_info</name>
         <load_address>0x1507e</load_address>
         <run_address>0x1507e</run_address>
         <size>0x1ec</size>
         <input_file_ref idref="fl-23"/>
      </object_component>
      <object_component id="oc-1e7">
         <name>.debug_info</name>
         <load_address>0x1526a</load_address>
         <run_address>0x1526a</run_address>
         <size>0x1ea</size>
         <input_file_ref idref="fl-23"/>
      </object_component>
      <object_component id="oc-133">
         <name>.debug_info</name>
         <load_address>0x15454</load_address>
         <run_address>0x15454</run_address>
         <size>0x248</size>
         <input_file_ref idref="fl-23"/>
      </object_component>
      <object_component id="oc-26f">
         <name>.debug_info</name>
         <load_address>0x1569c</load_address>
         <run_address>0x1569c</run_address>
         <size>0x222</size>
         <input_file_ref idref="fl-23"/>
      </object_component>
      <object_component id="oc-2c4">
         <name>.debug_info</name>
         <load_address>0x158be</load_address>
         <run_address>0x158be</run_address>
         <size>0x51</size>
         <input_file_ref idref="fl-23"/>
      </object_component>
      <object_component id="oc-342">
         <name>.debug_info</name>
         <load_address>0x1590f</load_address>
         <run_address>0x1590f</run_address>
         <size>0x37d</size>
         <input_file_ref idref="fl-25"/>
      </object_component>
      <object_component id="oc-27b">
         <name>.debug_info</name>
         <load_address>0x15c8c</load_address>
         <run_address>0x15c8c</run_address>
         <size>0x1bc</size>
         <input_file_ref idref="fl-25"/>
      </object_component>
      <object_component id="oc-281">
         <name>.debug_info</name>
         <load_address>0x15e48</load_address>
         <run_address>0x15e48</run_address>
         <size>0x1b4</size>
         <input_file_ref idref="fl-25"/>
      </object_component>
      <object_component id="oc-33c">
         <name>.debug_info</name>
         <load_address>0x15ffc</load_address>
         <run_address>0x15ffc</run_address>
         <size>0x1b6</size>
         <input_file_ref idref="fl-25"/>
      </object_component>
      <object_component id="oc-275">
         <name>.debug_info</name>
         <load_address>0x161b2</load_address>
         <run_address>0x161b2</run_address>
         <size>0x293</size>
         <input_file_ref idref="fl-25"/>
      </object_component>
      <object_component id="oc-287">
         <name>.debug_info</name>
         <load_address>0x16445</load_address>
         <run_address>0x16445</run_address>
         <size>0x1e0</size>
         <input_file_ref idref="fl-25"/>
      </object_component>
      <object_component id="oc-44">
         <name>.debug_info</name>
         <load_address>0x16625</load_address>
         <run_address>0x16625</run_address>
         <size>0x118</size>
         <input_file_ref idref="fl-dc"/>
      </object_component>
      <object_component id="oc-2ed">
         <name>.debug_info</name>
         <load_address>0x1673d</load_address>
         <run_address>0x1673d</run_address>
         <size>0x141</size>
         <input_file_ref idref="fl-dd"/>
      </object_component>
      <object_component id="oc-b4">
         <name>.debug_info</name>
         <load_address>0x1687e</load_address>
         <run_address>0x1687e</run_address>
         <size>0x146</size>
         <input_file_ref idref="fl-de"/>
      </object_component>
      <object_component id="oc-b2">
         <name>.debug_info</name>
         <load_address>0x169c4</load_address>
         <run_address>0x169c4</run_address>
         <size>0x2d3</size>
         <input_file_ref idref="fl-df"/>
      </object_component>
      <object_component id="oc-57">
         <name>.debug_info</name>
         <load_address>0x16c97</load_address>
         <run_address>0x16c97</run_address>
         <size>0x1b4</size>
         <input_file_ref idref="fl-df"/>
      </object_component>
      <object_component id="oc-ad">
         <name>.debug_info</name>
         <load_address>0x16e4b</load_address>
         <run_address>0x16e4b</run_address>
         <size>0x46</size>
         <input_file_ref idref="fl-df"/>
      </object_component>
      <object_component id="oc-4e">
         <name>.debug_info</name>
         <load_address>0x16e91</load_address>
         <run_address>0x16e91</run_address>
         <size>0x2a7</size>
         <input_file_ref idref="fl-e0"/>
      </object_component>
      <object_component id="oc-1a">
         <name>.debug_info</name>
         <load_address>0x17138</load_address>
         <run_address>0x17138</run_address>
         <size>0x1e9</size>
         <input_file_ref idref="fl-e0"/>
      </object_component>
      <object_component id="oc-49">
         <name>.debug_info</name>
         <load_address>0x17321</load_address>
         <run_address>0x17321</run_address>
         <size>0x46</size>
         <input_file_ref idref="fl-e0"/>
      </object_component>
      <object_component id="oc-a5">
         <name>.debug_info</name>
         <load_address>0x17367</load_address>
         <run_address>0x17367</run_address>
         <size>0x2c</size>
         <input_file_ref idref="fl-e0"/>
      </object_component>
      <object_component id="oc-a3">
         <name>.debug_info</name>
         <load_address>0x17393</load_address>
         <run_address>0x17393</run_address>
         <size>0x29d</size>
         <input_file_ref idref="fl-e1"/>
      </object_component>
      <object_component id="oc-14">
         <name>.debug_info</name>
         <load_address>0x17630</load_address>
         <run_address>0x17630</run_address>
         <size>0x24f</size>
         <input_file_ref idref="fl-e1"/>
      </object_component>
      <object_component id="oc-39">
         <name>.debug_info</name>
         <load_address>0x1787f</load_address>
         <run_address>0x1787f</run_address>
         <size>0x60</size>
         <input_file_ref idref="fl-e1"/>
      </object_component>
      <object_component id="oc-121">
         <name>.debug_info</name>
         <load_address>0x178df</load_address>
         <run_address>0x178df</run_address>
         <size>0x46</size>
         <input_file_ref idref="fl-e1"/>
      </object_component>
      <object_component id="oc-9e">
         <name>.debug_info</name>
         <load_address>0x17925</load_address>
         <run_address>0x17925</run_address>
         <size>0x39</size>
         <input_file_ref idref="fl-e1"/>
      </object_component>
      <object_component id="oc-22">
         <name>.debug_info</name>
         <load_address>0x1795e</load_address>
         <run_address>0x1795e</run_address>
         <size>0x10a</size>
         <input_file_ref idref="fl-e2"/>
      </object_component>
      <object_component id="oc-65">
         <name>.debug_info</name>
         <load_address>0x17a68</load_address>
         <run_address>0x17a68</run_address>
         <size>0x1a8</size>
         <input_file_ref idref="fl-e2"/>
      </object_component>
      <object_component id="oc-385">
         <name>.debug_info</name>
         <load_address>0x17c10</load_address>
         <run_address>0x17c10</run_address>
         <size>0x114</size>
         <input_file_ref idref="fl-e3"/>
      </object_component>
      <object_component id="oc-299">
         <name>.debug_info</name>
         <load_address>0x17d24</load_address>
         <run_address>0x17d24</run_address>
         <size>0x4b2</size>
         <input_file_ref idref="fl-e4"/>
      </object_component>
      <object_component id="oc-15d">
         <name>.debug_info</name>
         <load_address>0x181d6</load_address>
         <run_address>0x181d6</run_address>
         <size>0x1a5</size>
         <input_file_ref idref="fl-e4"/>
      </object_component>
      <object_component id="oc-358">
         <name>.debug_info</name>
         <load_address>0x1837b</load_address>
         <run_address>0x1837b</run_address>
         <size>0x39</size>
         <input_file_ref idref="fl-e4"/>
      </object_component>
      <object_component id="oc-3ac">
         <name>.debug_info</name>
         <load_address>0x183b4</load_address>
         <run_address>0x183b4</run_address>
         <size>0x39</size>
         <input_file_ref idref="fl-e4"/>
      </object_component>
      <object_component id="oc-35d">
         <name>.debug_info</name>
         <load_address>0x183ed</load_address>
         <run_address>0x183ed</run_address>
         <size>0x39</size>
         <input_file_ref idref="fl-e4"/>
      </object_component>
      <object_component id="oc-362">
         <name>.debug_info</name>
         <load_address>0x18426</load_address>
         <run_address>0x18426</run_address>
         <size>0xcd</size>
         <input_file_ref idref="fl-e4"/>
      </object_component>
      <object_component id="oc-bc">
         <name>.debug_info</name>
         <load_address>0x184f3</load_address>
         <run_address>0x184f3</run_address>
         <size>0x152</size>
         <input_file_ref idref="fl-e5"/>
      </object_component>
      <object_component id="oc-151">
         <name>.debug_info</name>
         <load_address>0x18645</load_address>
         <run_address>0x18645</run_address>
         <size>0x121</size>
         <input_file_ref idref="fl-e7"/>
      </object_component>
      <object_component id="oc-3ec">
         <name>.debug_info</name>
         <load_address>0x18766</load_address>
         <run_address>0x18766</run_address>
         <size>0xa2</size>
      </object_component>
      <object_component id="oc-1c4">
         <name>.debug_line</name>
         <load_address>0x0</load_address>
         <run_address>0x0</run_address>
         <size>0x171</size>
         <input_file_ref idref="fl-2"/>
      </object_component>
      <object_component id="oc-309">
         <name>.debug_line</name>
         <load_address>0x171</load_address>
         <run_address>0x171</run_address>
         <size>0x31</size>
         <input_file_ref idref="fl-2"/>
      </object_component>
      <object_component id="oc-13b">
         <name>.debug_line</name>
         <load_address>0x1a2</load_address>
         <run_address>0x1a2</run_address>
         <size>0x131</size>
         <input_file_ref idref="fl-2"/>
      </object_component>
      <object_component id="oc-109">
         <name>.debug_line</name>
         <load_address>0x2d3</load_address>
         <run_address>0x2d3</run_address>
         <size>0x68</size>
         <input_file_ref idref="fl-2"/>
      </object_component>
      <object_component id="oc-97">
         <name>.debug_line</name>
         <load_address>0x33b</load_address>
         <run_address>0x33b</run_address>
         <size>0x6f</size>
         <input_file_ref idref="fl-2"/>
      </object_component>
      <object_component id="oc-198">
         <name>.debug_line</name>
         <load_address>0x3aa</load_address>
         <run_address>0x3aa</run_address>
         <size>0x6b</size>
         <input_file_ref idref="fl-2"/>
      </object_component>
      <object_component id="oc-1a2">
         <name>.debug_line</name>
         <load_address>0x415</load_address>
         <run_address>0x415</run_address>
         <size>0x31</size>
         <input_file_ref idref="fl-2"/>
      </object_component>
      <object_component id="oc-1c8">
         <name>.debug_line</name>
         <load_address>0x446</load_address>
         <run_address>0x446</run_address>
         <size>0x69</size>
         <input_file_ref idref="fl-2"/>
      </object_component>
      <object_component id="oc-11a">
         <name>.debug_line</name>
         <load_address>0x4af</load_address>
         <run_address>0x4af</run_address>
         <size>0x20</size>
         <input_file_ref idref="fl-2"/>
      </object_component>
      <object_component id="oc-8b">
         <name>.debug_line</name>
         <load_address>0x4cf</load_address>
         <run_address>0x4cf</run_address>
         <size>0x6c</size>
         <input_file_ref idref="fl-2"/>
      </object_component>
      <object_component id="oc-11f">
         <name>.debug_line</name>
         <load_address>0x53b</load_address>
         <run_address>0x53b</run_address>
         <size>0x73</size>
         <input_file_ref idref="fl-2"/>
      </object_component>
      <object_component id="oc-2cb">
         <name>.debug_line</name>
         <load_address>0x5ae</load_address>
         <run_address>0x5ae</run_address>
         <size>0x6f</size>
         <input_file_ref idref="fl-2"/>
      </object_component>
      <object_component id="oc-9c">
         <name>.debug_line</name>
         <load_address>0x61d</load_address>
         <run_address>0x61d</run_address>
         <size>0x70</size>
         <input_file_ref idref="fl-2"/>
      </object_component>
      <object_component id="oc-90">
         <name>.debug_line</name>
         <load_address>0x68d</load_address>
         <run_address>0x68d</run_address>
         <size>0x7b</size>
         <input_file_ref idref="fl-2"/>
      </object_component>
      <object_component id="oc-305">
         <name>.debug_line</name>
         <load_address>0x708</load_address>
         <run_address>0x708</run_address>
         <size>0x6b</size>
         <input_file_ref idref="fl-2"/>
      </object_component>
      <object_component id="oc-1cd">
         <name>.debug_line</name>
         <load_address>0x773</load_address>
         <run_address>0x773</run_address>
         <size>0x72</size>
         <input_file_ref idref="fl-2"/>
      </object_component>
      <object_component id="oc-10e">
         <name>.debug_line</name>
         <load_address>0x7e5</load_address>
         <run_address>0x7e5</run_address>
         <size>0x68</size>
         <input_file_ref idref="fl-2"/>
      </object_component>
      <object_component id="oc-2c1">
         <name>.debug_line</name>
         <load_address>0x84d</load_address>
         <run_address>0x84d</run_address>
         <size>0x118</size>
         <input_file_ref idref="fl-3"/>
      </object_component>
      <object_component id="oc-32d">
         <name>.debug_line</name>
         <load_address>0x965</load_address>
         <run_address>0x965</run_address>
         <size>0x31</size>
         <input_file_ref idref="fl-3"/>
      </object_component>
      <object_component id="oc-32f">
         <name>.debug_line</name>
         <load_address>0x996</load_address>
         <run_address>0x996</run_address>
         <size>0x31</size>
         <input_file_ref idref="fl-3"/>
      </object_component>
      <object_component id="oc-331">
         <name>.debug_line</name>
         <load_address>0x9c7</load_address>
         <run_address>0x9c7</run_address>
         <size>0x31</size>
         <input_file_ref idref="fl-3"/>
      </object_component>
      <object_component id="oc-32b">
         <name>.debug_line</name>
         <load_address>0x9f8</load_address>
         <run_address>0x9f8</run_address>
         <size>0x31</size>
         <input_file_ref idref="fl-3"/>
      </object_component>
      <object_component id="oc-147">
         <name>.debug_line</name>
         <load_address>0xa29</load_address>
         <run_address>0xa29</run_address>
         <size>0x114</size>
         <input_file_ref idref="fl-3"/>
      </object_component>
      <object_component id="oc-113">
         <name>.debug_line</name>
         <load_address>0xb3d</load_address>
         <run_address>0xb3d</run_address>
         <size>0x31</size>
         <input_file_ref idref="fl-3"/>
      </object_component>
      <object_component id="oc-104">
         <name>.debug_line</name>
         <load_address>0xb6e</load_address>
         <run_address>0xb6e</run_address>
         <size>0x6b</size>
         <input_file_ref idref="fl-3"/>
      </object_component>
      <object_component id="oc-c0">
         <name>.debug_line</name>
         <load_address>0xbd9</load_address>
         <run_address>0xbd9</run_address>
         <size>0x61</size>
         <input_file_ref idref="fl-4"/>
      </object_component>
      <object_component id="oc-41">
         <name>.debug_line</name>
         <load_address>0xc3a</load_address>
         <run_address>0xc3a</run_address>
         <size>0x20</size>
         <input_file_ref idref="fl-4"/>
      </object_component>
      <object_component id="oc-93">
         <name>.debug_line</name>
         <load_address>0xc5a</load_address>
         <run_address>0xc5a</run_address>
         <size>0x41</size>
         <input_file_ref idref="fl-5"/>
      </object_component>
      <object_component id="oc-36">
         <name>.debug_line</name>
         <load_address>0xc9b</load_address>
         <run_address>0xc9b</run_address>
         <size>0x41</size>
         <input_file_ref idref="fl-5"/>
      </object_component>
[...]
         <value>0x2a2f</value>
         <object_component_ref idref="oc-1d8"/>
      </symbol>
      <symbol id="sm-35b">
         <name>xQueueGenericSendFromISR</name>
         <value>0x22a7</value>
         <object_component_ref idref="oc-1d8"/>
      </symbol>
      <symbol id="sm-35c">
         <name>uxQueueMessagesWaiting</name>
         <value>0x281d</value>
         <object_component_ref idref="oc-1d8"/>
      </symbol>
      <symbol id="sm-35d">
         <name>xQueueIsQueueFullFromISR</name>
         <value>0x2a75</value>
         <object_component_ref idref="oc-1d8"/>
      </symbol>
      <symbol id="sm-35e">
         <name>xQueueGenericCreate</name>
         <value>0x20fd</value>
         <object_component_ref idref="oc-1d8"/>
      </symbol>
      <symbol id="sm-35f">
         <name>xQueueGenericSend</name>
         <value>0x217d</value>
         <object_component_ref idref="oc-1d8"/>
      </symbol>
      <symbol id="sm-360">
         <name>xQueueGenericReset</name>
         <value>0x205d</value>
         <object_component_ref idref="oc-1d8"/>
      </symbol>
      <symbol id="sm-361">
         <name>xQueueReceiveFromISR</name>
         <value>0x2731</value>
         <object_component_ref idref="oc-1d8"/>
      </symbol>
      <symbol id="sm-362">
         <name>uxQueueSpacesAvailable</name>
         <value>0x2833</value>
         <object_component_ref idref="oc-1d8"/>
      </symbol>
      <symbol id="sm-363">
         <name>xQueueSemaphoreTake</name>
         <value>0x24fb</value>
         <object_component_ref idref="oc-1d8"/>
      </symbol>
      <symbol id="sm-364">
         <name>xQueueGiveFromISR</name>
         <value>0x234d</value>
         <object_component_ref idref="oc-1d8"/>
      </symbol>
      <symbol id="sm-365">
         <name>uxQueueMessagesWaitingFromISR</name>
         <value>0x2853</value>
         <object_component_ref idref="oc-1d8"/>
      </symbol>
      <symbol id="sm-366">
         <name>vQueueDelete</name>
         <value>0x2869</value>
         <object_component_ref idref="oc-1d8"/>
      </symbol>
      <symbol id="sm-367">
         <name>xQueuePeek</name>
         <value>0x260b</value>
         <object_component_ref idref="oc-1d8"/>
      </symbol>
      <symbol id="sm-368">
         <name>xQueueReceive</name>
         <value>0x23e1</value>
         <object_component_ref idref="oc-1d8"/>
      </symbol>
      <symbol id="sm-4ee">
         <name>vTaskDelay</name>
         <value>0x591</value>
         <object_component_ref idref="oc-7c"/>
      </symbol>
      <symbol id="sm-4ef">
         <name>vTaskSuspendAll</name>
         <value>0x869</value>
         <object_component_ref idref="oc-7c"/>
      </symbol>
      <symbol id="sm-4f0">
         <name>vTaskPlaceOnEventList</name>
         <value>0xb6b</value>
         <object_component_ref idref="oc-7c"/>
      </symbol>
      <symbol id="sm-4f1">
         <name>ulTaskNotifyTake</name>
         <value>0xea5</value>
         <object_component_ref idref="oc-7c"/>
      </symbol>
      <symbol id="sm-4f2">
         <name>pcTaskGetName</name>
         <value>0x993</value>
         <object_component_ref idref="oc-7c"/>
      </symbol>
      <symbol id="sm-4f3">
         <name>xTaskCheckForTimeOut</name>
         <value>0xce9</value>
         <object_component_ref idref="oc-7c"/>
      </symbol>
      <symbol id="sm-4f4">
         <name>vTaskRemoveFromUnorderedEventList</name>
         <value>0xc3d</value>
         <object_component_ref idref="oc-7c"/>
      </symbol>
      <symbol id="sm-4f5">
         <name>vTaskStartScheduler</name>
         <value>0x803</value>
         <object_component_ref idref="oc-7c"/>
      </symbol>
      <symbol id="sm-4f6">
         <name>vTaskInternalSetTimeOutState</name>
         <value>0xcc5</value>
         <object_component_ref idref="oc-7c"/>
      </symbol>
      <symbol id="sm-4f7">
         <name>xTaskNotifyStateClear</name>
         <value>0x129d</value>
         <object_component_ref idref="oc-7c"/>
      </symbol>
      <symbol id="sm-4f8">
         <name>xTaskGenericNotify</name>
         <value>0xff9</value>
         <object_component_ref idref="oc-7c"/>
      </symbol>
      <symbol id="sm-4f9">
         <name>xTaskCreate</name>
         <value>0x26d</value>
         <object_component_ref idref="oc-7c"/>
      </symbol>
      <symbol id="sm-4fa">
         <name>vTaskDelayUntil</name>
         <value>0x501</value>
         <object_component_ref idref="oc-7c"/>
      </symbol>
      <symbol id="sm-4fb">
         <name>vTaskEndScheduler</name>
         <value>0x84d</value>
         <object_component_ref idref="oc-7c"/>
      </symbol>
      <symbol id="sm-4fc">
         <name>xTaskNotifyWait</name>
         <value>0xf25</value>
         <object_component_ref idref="oc-7c"/>
      </symbol>
      <symbol id="sm-4fd">
         <name>vTaskMissedYield</name>
         <value>0xd6d</value>
         <object_component_ref idref="oc-7c"/>
      </symbol>
      <symbol id="sm-4fe">
         <name>uxTaskGetNumberOfTasks</name>
         <value>0x98d</value>
         <object_component_ref idref="oc-7c"/>
      </symbol>
      <symbol id="sm-4ff">
         <name>xTaskCatchUpTicks</name>
         <value>0x9af</value>
         <object_component_ref idref="oc-7c"/>
      </symbol>
      <symbol id="sm-500">
         <name>xTaskGenericNotifyFromISR</name>
         <value>0x10e5</value>
         <object_component_ref idref="oc-7c"/>
      </symbol>
      <symbol id="sm-501">
         <name>xTaskResumeAll</name>
         <value>0x87d</value>
         <object_component_ref idref="oc-7c"/>
      </symbol>
      <symbol id="sm-502">
         <name>xTaskGetTickCount</name>
         <value>0x963</value>
         <object_component_ref idref="oc-7c"/>
      </symbol>
      <symbol id="sm-503">
         <name>ulTaskNotifyValueClear</name>
         <value>0x12d7</value>
         <object_component_ref idref="oc-7c"/>
      </symbol>
      <symbol id="sm-504">
         <name>vTaskDelete</name>
         <value>0x453</value>
         <object_component_ref idref="oc-7c"/>
      </symbol>
      <symbol id="sm-505">
         <name>pxCurrentTCB</name>
         <value>0x200025a8</value>
         <object_component_ref idref="oc-76"/>
      </symbol>
      <symbol id="sm-506">
         <name>vTaskNotifyGiveFromISR</name>
         <value>0x11f1</value>
         <object_component_ref idref="oc-7c"/>
      </symbol>
      <symbol id="sm-507">
         <name>vTaskSuspend</name>
         <value>0x5d1</value>
         <object_component_ref idref="oc-7c"/>
      </symbol>
      <symbol id="sm-508">
         <name>xTaskGetTickCountFromISR</name>
         <value>0x979</value>
         <object_component_ref idref="oc-7c"/>
      </symbol>
      <symbol id="sm-509">
         <name>vTaskResume</name>
         <value>0x6fd</value>
         <object_component_ref idref="oc-7c"/>
      </symbol>
      <symbol id="sm-50a">
         <name>vTaskSetTimeOutState</name>
         <value>0xc9f</value>
         <object_component_ref idref="oc-7c"/>
      </symbol>
      <symbol id="sm-50b">
         <name>xTaskIncrementTick</name>
         <value>0x9ed</value>
         <object_component_ref idref="oc-7c"/>
      </symbol>
      <symbol id="sm-50c">
         <name>vTaskSwitchContext</name>
         <value>0xb09</value>
         <object_component_ref idref="oc-7c"/>
      </symbol>
      <symbol id="sm-50d">
         <name>uxTaskResetEventItemValue</name>
         <value>0xe79</value>
         <object_component_ref idref="oc-7c"/>
      </symbol>
      <symbol id="sm-50e">
         <name>xTaskResumeFromISR</name>
         <value>0x77d</value>
         <object_component_ref idref="oc-7c"/>
      </symbol>
      <symbol id="sm-50f">
         <name>vTaskPlaceOnUnorderedEventList</name>
         <value>0xb8d</value>
         <object_component_ref idref="oc-7c"/>
      </symbol>
      <symbol id="sm-510">
         <name>xTaskRemoveFromEventList</name>
         <value>0xbbd</value>
         <object_component_ref idref="oc-7c"/>
      </symbol>
      <symbol id="sm-541">
         <name>ulMaxSyscallInterruptPriority</name>
         <value>0x4494</value>
         <object_component_ref idref="oc-79"/>
      </symbol>
      <symbol id="sm-542">
         <name>vPortSetupTimerInterrupt</name>
         <value>0x33d7</value>
         <object_component_ref idref="oc-2f"/>
      </symbol>
      <symbol id="sm-543">
         <name>vPortEndScheduler</name>
         <value>0x3379</value>
         <object_component_ref idref="oc-2f"/>
      </symbol>
      <symbol id="sm-544">
         <name>xPortSysTickHandler</name>
         <value>0x33b1</value>
         <object_component_ref idref="oc-2f"/>
      </symbol>
      <symbol id="sm-545">
         <name>pxPortInitialiseStack</name>
         <value>0x32d9</value>
         <object_component_ref idref="oc-2f"/>
      </symbol>
      <symbol id="sm-546">
         <name>vPortExitCritical</name>
         <value>0x339b</value>
         <object_component_ref idref="oc-2f"/>
      </symbol>
      <symbol id="sm-547">
         <name>xPortStartScheduler</name>
         <value>0x3343</value>
         <object_component_ref idref="oc-2f"/>
      </symbol>
      <symbol id="sm-548">
         <name>vPortEnterCritical</name>
         <value>0x337b</value>
         <object_component_ref idref="oc-2f"/>
      </symbol>
      <symbol id="sm-557">
         <name>vPortStartFirstTask</name>
         <value>0x3925</value>
         <object_component_ref idref="oc-2a"/>
      </symbol>
      <symbol id="sm-558">
         <name>ulPortGetIPSR</name>
         <value>0x388d</value>
         <object_component_ref idref="oc-2a"/>
      </symbol>
      <symbol id="sm-559">
         <name>vPortEnableVFP</name>
         <value>0x3949</value>
         <object_component_ref idref="oc-2a"/>
      </symbol>
      <symbol id="sm-55a">
         <name>xPortPendSVHandler</name>
         <value>0x38a5</value>
         <object_component_ref idref="oc-2a"/>
      </symbol>
      <symbol id="sm-55b">
         <name>vPortSVCHandler</name>
         <value>0x3905</value>
         <object_component_ref idref="oc-2a"/>
      </symbol>
      <symbol id="sm-5a2">
         <name>vPortInitialiseBlocks</name>
         <value>0x30cd</value>
         <object_component_ref idref="oc-db"/>
      </symbol>
      <symbol id="sm-5a3">
         <name>xPortGetFreeHeapSize</name>
         <value>0x30c7</value>
         <object_component_ref idref="oc-db"/>
      </symbol>
      <symbol id="sm-5a4">
         <name>pvPortMalloc</name>
         <value>0x2f71</value>
         <object_component_ref idref="oc-db"/>
      </symbol>
      <symbol id="sm-5a5">
         <name>vPortFree</name>
         <value>0x3069</value>
         <object_component_ref idref="oc-db"/>
      </symbol>
      <symbol id="sm-60a">
         <name>ADCProcessorTrigger</name>
         <value>0x4097</value>
         <object_component_ref idref="oc-214"/>
      </symbol>
      <symbol id="sm-60b">
         <name>ADCSequenceEnable</name>
         <value>0x4117</value>
         <object_component_ref idref="oc-1fc"/>
      </symbol>
      <symbol id="sm-60c">
         <name>ADCSequenceConfigure</name>
         <value>0x3d95</value>
         <object_component_ref idref="oc-1f0"/>
      </symbol>
      <symbol id="sm-60d">
         <name>ADCIntEnable</name>
         <value>0x4107</value>
         <object_component_ref idref="oc-208"/>
      </symbol>
      <symbol id="sm-60e">
         <name>ADCSequenceStepConfigure</name>
         <value>0x3ab5</value>
         <object_component_ref idref="oc-1f6"/>
      </symbol>
      <symbol id="sm-60f">
         <name>ADCIntClear</name>
         <value>0x4157</value>
         <object_component_ref idref="oc-1de"/>
      </symbol>
      <symbol id="sm-610">
         <name>ADCIntRegister</name>
         <value>0x407f</value>
         <object_component_ref idref="oc-202"/>
      </symbol>
      <symbol id="sm-611">
         <name>ADCSequenceDataGet</name>
         <value>0x4061</value>
         <object_component_ref idref="oc-1d2"/>
      </symbol>
      <symbol id="sm-693">
         <name>GPIOIntRegister</name>
         <value>0x40af</value>
         <object_component_ref idref="oc-243"/>
      </symbol>
      <symbol id="sm-694">
         <name>GPIOPinConfigure</name>
         <value>0x3de5</value>
         <object_component_ref idref="oc-268"/>
      </symbol>
      <symbol id="sm-695">
         <name>GPIOIntEnable</name>
         <value>0x4133</value>
         <object_component_ref idref="oc-23d"/>
      </symbol>
      <symbol id="sm-696">
         <name>GPIOIntTypeSet</name>
         <value>0x3ced</value>
         <object_component_ref idref="oc-237"/>
      </symbol>
      <symbol id="sm-697">
         <name>GPIOPinTypeGPIOInput</name>
         <value>0x40c7</value>
         <object_component_ref idref="oc-22b"/>
      </symbol>
      <symbol id="sm-698">
         <name>GPIOIntClear</name>
         <value>0x4175</value>
         <object_component_ref idref="oc-21f"/>
      </symbol>
      <symbol id="sm-699">
         <name>GPIOPinTypeUART</name>
         <value>0x40dd</value>
         <object_component_ref idref="oc-262"/>
      </symbol>
      <symbol id="sm-69a">
         <name>GPIOPinRead</name>
         <value>0x417b</value>
         <object_component_ref idref="oc-225"/>
      </symbol>
      <symbol id="sm-69b">
         <name>GPIODirModeSet</name>
         <value>0x4015</value>
         <object_component_ref idref="oc-30d"/>
      </symbol>
      <symbol id="sm-69c">
         <name>GPIOPadConfigSet</name>
         <value>0x3415</value>
         <object_component_ref idref="oc-231"/>
      </symbol>
      <symbol id="sm-6cd">
         <name>IntEnable</name>
         <value>0x3c1d</value>
         <object_component_ref idref="oc-249"/>
      </symbol>
      <symbol id="sm-6ce">
         <name>IntRegister</name>
         <value>0x3f79</value>
         <object_component_ref idref="oc-2e2"/>
      </symbol>
      <symbol id="sm-6cf">
         <name>g_pfnRAMVectors</name>
         <value>0x20000000</value>
         <object_component_ref idref="oc-37f"/>
      </symbol>
      <symbol id="sm-72e">
         <name>SysCtlClockSet</name>
         <value>0x3789</value>
         <object_component_ref idref="oc-131"/>
      </symbol>
      <symbol id="sm-72f">
         <name>SysCtlDelay</name>
         <value>0x4181</value>
         <object_component_ref idref="oc-1cf"/>
      </symbol>
      <symbol id="sm-730">
         <name>SysCtlPeripheralEnable</name>
         <value>0x3fad</value>
         <object_component_ref idref="oc-1e4"/>
      </symbol>
      <symbol id="sm-731">
         <name>SysCtlClockGet</name>
         <value>0x3671</value>
         <object_component_ref idref="oc-26e"/>
      </symbol>
      <symbol id="sm-732">
         <name>SysCtlPeripheralReady</name>
         <value>0x3f41</value>
         <object_component_ref idref="oc-1ea"/>
      </symbol>
      <symbol id="sm-765">
         <name>UARTConfigSetExpClk</name>
         <value>0x3e31</value>
         <object_component_ref idref="oc-274"/>
      </symbol>
      <symbol id="sm-766">
         <name>UARTDisable</name>
         <value>0x4041</value>
         <object_component_ref idref="oc-33b"/>
      </symbol>
      <symbol id="sm-767">
         <name>UARTCharPut</name>
         <value>0x4161</value>
         <object_component_ref idref="oc-286"/>
      </symbol>
      <symbol id="sm-768">
         <name>UARTEnable</name>
         <value>0x40f3</value>
         <object_component_ref idref="oc-280"/>
      </symbol>
      <symbol id="sm-769">
         <name>UARTFIFOEnable</name>
         <value>0x416b</value>
         <object_component_ref idref="oc-27a"/>
      </symbol>
      <symbol id="sm-785">
         <name>memcpy</name>
         <value>0x3a19</value>
         <object_component_ref idref="oc-43"/>
      </symbol>
      <symbol id="sm-786">
         <name>__aeabi_memcpy</name>
         <value>0x3a19</value>
         <object_component_ref idref="oc-43"/>
      </symbol>
      <symbol id="sm-787">
         <name>__aeabi_memcpy8</name>
         <value>0x3a19</value>
         <object_component_ref idref="oc-43"/>
      </symbol>
      <symbol id="sm-788">
         <name>__aeabi_memcpy4</name>
         <value>0x3a19</value>
         <object_component_ref idref="oc-43"/>
      </symbol>
      <symbol id="sm-797">
         <name>__aeabi_uidivmod</name>
         <value>0x3f01</value>
         <object_component_ref idref="oc-2ea"/>
      </symbol>
      <symbol id="sm-798">
         <name>__aeabi_uidiv</name>
         <value>0x3f01</value>
         <object_component_ref idref="oc-2ea"/>
      </symbol>
      <symbol id="sm-7a7">
         <name>__aeabi_memset</name>
         <value>0x3b31</value>
         <object_component_ref idref="oc-b3"/>
      </symbol>
      <symbol id="sm-7a8">
         <name>memset</name>
         <value>0x3b37</value>
         <object_component_ref idref="oc-b3"/>
      </symbol>
      <symbol id="sm-7a9">
         <name>__aeabi_memset8</name>
         <value>0x3b31</value>
         <object_component_ref idref="oc-b3"/>
      </symbol>
      <symbol id="sm-7aa">
         <name>__aeabi_memset4</name>
         <value>0x3b31</value>
         <object_component_ref idref="oc-b3"/>
      </symbol>
      <symbol id="sm-7ab">
         <name>__aeabi_memclr8</name>
         <value>0x3b2f</value>
         <object_component_ref idref="oc-b3"/>
      </symbol>
      <symbol id="sm-7ac">
         <name>__aeabi_memclr4</name>
         <value>0x3b2f</value>
         <object_component_ref idref="oc-b3"/>
      </symbol>
      <symbol id="sm-7ad">
         <name>__aeabi_memclr</name>
         <value>0x3b2f</value>
         <object_component_ref idref="oc-b3"/>
      </symbol>
      <symbol id="sm-7bf">
         <name>__TI_zero_init</name>
         <value>0x413f</value>
         <object_component_ref idref="oc-55"/>
      </symbol>
      <symbol id="sm-7d6">
         <name>__TI_decompress_none</name>
         <value>0x4125</value>
         <object_component_ref idref="oc-18"/>
      </symbol>
      <symbol id="sm-7f9">
         <name>__TI_decompress_lzss</name>
         <value>0x3c85</value>
         <object_component_ref idref="oc-12"/>
      </symbol>
      <symbol id="sm-80c">
         <name>__stack</name>
         <value>0x200023a8</value>
         <object_component_ref idref="oc-21"/>
      </symbol>
      <symbol id="sm-80d">
         <name>_c_int00_noargs</name>
         <value>0x3fe1</value>
         <object_component_ref idref="oc-61"/>
      </symbol>
      <symbol id="sm-817">
         <name>__aeabi_idiv0</name>
         <value>0x2a9b</value>
         <object_component_ref idref="oc-383"/>
      </symbol>
      <symbol id="sm-818">
         <name>__aeabi_ldiv0</name>
         <value>0x2a9b</value>
         <object_component_ref idref="oc-383"/>
      </symbol>
      <symbol id="sm-840">
         <name>__TI_auto_init_nobinit_nopinit</name>
         <value>0x3ebd</value>
         <object_component_ref idref="oc-15c"/>
      </symbol>
      <symbol id="sm-84a">
         <name>_system_pre_init</name>
         <value>0x4187</value>
         <object_component_ref idref="oc-b9"/>
      </symbol>
      <symbol id="sm-856">
         <name>C$$EXIT</name>
         <value>0x418b</value>
         <object_component_ref idref="oc-150"/>
      </symbol>
      <symbol id="sm-857">
         <name>abort</name>
         <value>0x418b</value>
         <object_component_ref idref="oc-150"/>
      </symbol>
      <symbol id="sm-85a">
         <name>__TI_static_base__</name>
         <value>0x0</value>
      </symbol>
      <symbol id="sm-85d">
         <name>__mpu_init</name>
         <value>0x0</value>
      </symbol>
      <symbol id="sm-85e">
         <name>_system_post_cinit</name>
         <value>0x0</value>
      </symbol>
   </symbol_table>
   <title>Link successful</title>
</link_info>
