******************************************************************************
                  TI ARM Linker PC v18.12.3                    
******************************************************************************
>> Linked Thu Jul 30 13:09:37 2020

OUTPUT FILE NAME:   <freertos_demo.out>
ENTRY POINT SYMBOL: "_c_int00_noargs"  address: 00002ec9


MEMORY CONFIGURATION

         name            origin    length      used     unused   attr    fill
----------------------  --------  ---------  --------  --------  ----  --------
  FLASH                 00000000   00040000  00003008  0003cff8  R  X
  SRAM                  20000000   00008000  000079b4  0000064c  RW X


SEGMENT ALLOCATION MAP

run origin  load origin   length   init length attrs members
----------  ----------- ---------- ----------- ----- -------
00000000    00000000    00003008   00003008    r-x
  00000000    00000000    0000026c   0000026c    r-- .intvecs
  0000026c    0000026c    00002cd4   00002cd4    r-x .text
  00002f40    00002f40    00000088   00000088    r-- .const
  00002fc8    00002fc8    00000040   00000040    r-- .cinit
20000000    20000000    000079b4   00000000    rw-
  20000000    20000000    00007758   00000000    rw- .data
  20007758    20007758    00000200   00000000    rw- .stack
  20007958    20007958    0000005c   00000000    rw- .bss


SECTION ALLOCATION MAP

 output                                  attributes/
section   page    origin      length       input sections
--------  ----  ----------  ----------   ----------------
.intvecs   0    00000000    0000026c     
                  00000000    0000026c     startup_ccs.obj (.intvecs)

.text      0    0000026c    00002cd4     
                  0000026c    000011fc     tasks.obj (.text)
                  00001468    00000868     queue.obj (.text)
                  00001cd0    0000037c     rgb.obj (.text)
                  0000204c    0000034c     uartstdio.obj (.text)
                  00002398    00000198     led_task.obj (.text)
                  00002530    00000134     switch_task.obj (.text)
                  00002664    00000118     driverlib.lib : sysctl.obj (.text:SysCtlClockGet)
                  0000277c    00000104     heap_2.obj (.text)
                  00002880    000000e4     port.obj (.text)
                  00002964    000000dc     freertos_demo.obj (.text)
                  00002a40    000000da     portasm.obj (.text)
                  00002b1a    00000002     rtsv7M4_T_le_v4SPD16_eabi.lib : div0.asm.obj (.text)
                  00002b1c    000000c8     buttons.obj (.text)
                  00002be4    0000009c     rtsv7M4_T_le_v4SPD16_eabi.lib : memcpy_t2.asm.obj (.text)
                  00002c80    00000092     list.obj (.text)
                  00002d12    0000007a     rtsv7M4_T_le_v4SPD16_eabi.lib : memset_t2.asm.obj (.text)
                  00002d8c    00000068                                   : copy_decompress_lzss.c.obj (.text:decompress:lzss:__TI_decompress_lzss)
                  00002df4    00000050                                   : fs_toull_t2.asm.obj (.text)
                  00002e44    00000044                                   : autoinit.c.obj (.text:__TI_auto_init_nobinit_nopinit:__TI_auto_init_nobinit_nopinit)
                  00002e88    00000040                                   : u_divt2.asm.obj (.text)
                  00002ec8    00000034                                   : boot_cortex_m.c.obj (.text:_c_int00_noargs:_c_int00_noargs)
                  00002efc    0000001c                                   : copy_zero_init.c.obj (.text:decompress:ZI:__TI_zero_init_nomemset:__TI_zero_init_nomemset)
                  00002f18    0000000e                                   : copy_decompress_none.c.obj (.text:decompress:none:__TI_decompress_none)
                  00002f26    0000000c     startup_ccs.obj (.text)
                  00002f32    00000006     driverlib.lib : uart.obj (.text:UARTClockSourceSet)
                  00002f38    00000004     rtsv7M4_T_le_v4SPD16_eabi.lib : pre_init.c.obj (.text:_system_pre_init)
                  00002f3c    00000004                                   : exit.c.obj (.text:abort:abort)

.const     0    00002f40    00000088     
                  00002f40    0000006c     driverlib.lib : sysctl.obj (.const:g_pui32Xtals)
                  00002fac    00000018     uartstdio.obj (.const:$O2$$)
                  00002fc4    00000004     port.obj (.const)

.cinit     0    00002fc8    00000040     
                  00002fc8    00000019     (.cinit..data.load) [load image, compression = lzss]
                  00002fe1    00000003     --HOLE-- [fill = 0]
                  00002fe4    0000000c     (__TI_handler_table)
                  00002ff0    00000008     (.cinit..bss.load) [load image, compression = zero_init]
                  00002ff8    00000010     (__TI_cinit_table)

.init_array 
*          0    00000000    00000000     UNINITIALIZED

.data      0    20000000    00007758     UNINITIALIZED
                  20000000    00007548     heap_2.obj (.data:$O1$$)
                  20007548    000001ac     tasks.obj (.data:$O1$$)
                  200076f4    0000002c     tasks.obj (.data)
                  20007720    00000014     led_task.obj (.data:$O1$$)
                  20007734    00000014     rgb.obj (.data:$O1$$)
                  20007748    00000008     uartstdio.obj (.data:$O1$$)
                  20007750    00000004     buttons.obj (.data:$O1$$)
                  20007754    00000004     port.obj (.data)

.bss       0    20007958    0000005c     UNINITIALIZED
                  20007958    00000050     (.common:xQueueRegistry)
                  200079a8    00000008     tasks.obj (.bss)
                  200079b0    00000004     (.common:g_pUARTSemaphore)

.stack     0    20007758    00000200     UNINITIALIZED
                  20007758    00000004     rtsv7M4_T_le_v4SPD16_eabi.lib : boot_cortex_m.c.obj (.stack)
                  2000775c    000001fc     --HOLE--

MODULE SUMMARY

       Module                       code    ro data   rw data
       ------                       ----    -------   -------
    .\
       startup_ccs.obj              12      620       0      
       led_task.obj                 408     0         20     
       switch_task.obj              308     0         0      
       freertos_demo.obj            220     0         4      
    +--+----------------------------+-------+---------+---------+
       Total:                       948     620       24     
                                                             
    .\FreeRTOS\Source\
       tasks.obj                    4604    0         480    
       queue.obj                    2152    0         80     
       list.obj                     146     0         0      
    +--+----------------------------+-------+---------+---------+
       Total:                       6902    0         560    
                                                             
    .\FreeRTOS\Source\portable\CCS\ARM_CM4F\
       port.obj                     228     4         4      
       portasm.obj                  218     0         0      
    +--+----------------------------+-------+---------+---------+
       Total:                       446     4         4      
                                                             
    .\FreeRTOS\Source\portable\MemMang\
       heap_2.obj                   260     0         30024  
    +--+----------------------------+-------+---------+---------+
       Total:                       260     0         30024  
                                                             
    .\drivers\
       rgb.obj                      892     0         20     
       buttons.obj                  200     0         4      
    +--+----------------------------+-------+---------+---------+
       Total:                       1092    0         24     
                                                             
    .\utils\
       uartstdio.obj                844     24        8      
    +--+----------------------------+-------+---------+---------+
       Total:                       844     24        8      
                                                             
    C:/ti/TivaWare_C_Series-2.1.4.178/driverlib/ccs/Debug/driverlib.lib
       sysctl.obj                   280     108       0      
       uart.obj                     6       0         0      
    +--+----------------------------+-------+---------+---------+
       Total:                       286     108       0      
                                                             
    C:\ti\ccs920\ccs\tools\compiler\ti-cgt-arm_18.12.3.LTS\lib\rtsv7M4_T_le_v4SPD16_eabi.lib
       memcpy_t2.asm.obj            156     0         0      
       memset_t2.asm.obj            122     0         0      
       copy_decompress_lzss.c.obj   104     0         0      
       fs_toull_t2.asm.obj          80      0         0      
       autoinit.c.obj               68      0         0      
       u_divt2.asm.obj              64      0         0      
       boot_cortex_m.c.obj          52      0         0      
       copy_zero_init.c.obj         28      0         0      
       copy_decompress_none.c.obj   14      0         0      
       exit.c.obj                   4       0         0      
       pre_init.c.obj               4       0         0      
       div0.asm.obj                 2       0         0      
    +--+----------------------------+-------+---------+---------+
       Total:                       698     0         0      
                                                             
       Stack:                       0       0         512    
       Linker Generated:            0       61        0      
    +--+----------------------------+-------+---------+---------+
       Grand Total:                 11476   817       31156  


LINKER GENERATED COPY TABLES

__TI_cinit_table @ 00002ff8 records: 2, size/record: 8, table size: 16
	.data: load addr=00002fc8, load size=00000019 bytes, run addr=20000000, run size=00007758 bytes, compression=lzss
	.bss: load addr=00002ff0, load size=00000008 bytes, run addr=20007958, run size=0000005c bytes, compression=zero_init


LINKER GENERATED HANDLER TABLE

__TI_handler_table @ 00002fe4 records: 3, size/record: 4, table size: 12
	index: 0, handler: __TI_decompress_lzss
	index: 1, handler: __TI_decompress_none
	index: 2, handler: __TI_zero_init


GLOBAL SYMBOLS: SORTED ALPHABETICALLY BY Name 

address   name                               
-------   ----                               
00002b79  ButtonsInit                        
00002b1d  ButtonsPoll                        
00002f3d  C$$EXIT                            
00002967  ConfigureUART                      
00002399  LEDTaskInit                        
00001feb  RGBBlinkIntHandler                 
00001f7b  RGBBlinkRateSet                    
00001f63  RGBColorGet                        
00001cd1  RGBColorSet                        
00001f09  RGBDisable                         
00001d77  RGBEnable                          
00001e1f  RGBInit                            
00001d4f  RGBIntensitySet                    
00001d5b  RGBSet                             
00002f27  ResetISR                           
00002531  SwitchTaskInit                     
00002665  SysCtlClockGet                     
00002f33  UARTClockSourceSet                 
0000230d  UARTStdioConfig                    
000022f3  UARTgetc                           
00002275  UARTgets                           
0000225b  UARTprintf                         
0000208d  UARTvprintf                        
0000204d  UARTwrite                          
20007958  __STACK_END                        
00000200  __STACK_SIZE                       
20007958  __STACK_TOP                        
00002ff8  __TI_CINIT_Base                    
00003008  __TI_CINIT_Limit                   
00002fe4  __TI_Handler_Table_Base            
00002ff0  __TI_Handler_Table_Limit           
00002e45  __TI_auto_init_nobinit_nopinit     
00002d8d  __TI_decompress_lzss               
00002f19  __TI_decompress_none               
ffffffff  __TI_pprof_out_hndl                
ffffffff  __TI_prof_data_size                
ffffffff  __TI_prof_data_start               
00000000  __TI_static_base__                 
00002efd  __TI_zero_init_nomemset            
00002df5  __aeabi_f2ulz                      
00002b1b  __aeabi_idiv0                      
00002b1b  __aeabi_ldiv0                      
00002d13  __aeabi_memclr                     
00002d13  __aeabi_memclr4                    
00002d13  __aeabi_memclr8                    
00002be5  __aeabi_memcpy                     
00002be5  __aeabi_memcpy4                    
00002be5  __aeabi_memcpy8                    
00002d15  __aeabi_memset                     
00002d15  __aeabi_memset4                    
00002d15  __aeabi_memset8                    
00002e89  __aeabi_uidiv                      
00002e89  __aeabi_uidivmod                   
ffffffff  __binit__                          
ffffffff  __c_args__                         
UNDEFED   __mpu_init                         
20007758  __stack                            
00002ec9  _c_int00_noargs                    
UNDEFED   _system_post_cinit                 
00002f39  _system_pre_init                   
00002f3d  abort                              
ffffffff  binit                              
00000fbd  eTaskGetState                      
20007724  g_pLEDQueue                        
200079b0  g_pUARTSemaphore                   
00000000  g_pfnVectors                       
000029bb  main                               
00002be5  memcpy                             
00002d1b  memset                             
00001cad  pcQueueGetName                     
00001437  pcTaskGetName                      
000027c1  pvPortMalloc                       
000013e9  pvTaskIncrementMutexHeldCount      
200076f4  pxCurrentTCB                       
0000291f  pxPortInitialiseStack              
00001ca7  ucQueueGetQueueType                
00002fc4  ulMaxSyscallInterruptPriority      
00002a51  ulPortGetIPSR                      
0000138d  ulTaskNotifyTake                   
00001363  ulTaskNotifyValueClear             
00002ced  uxListRemove                       
00001ca3  uxQueueGetQueueNumber              
00001c91  uxQueueMessagesWaiting             
00001c89  uxQueueMessagesWaitingFromISR      
00001c75  uxQueueSpacesAvailable             
0000135d  uxTaskGetNumberOfTasks             
00001351  uxTaskGetStackHighWaterMark        
000012b1  uxTaskGetSystemState               
00001235  uxTaskGetTaskNumber                
0000121d  uxTaskPriorityGet                  
000011fd  uxTaskPriorityGetFromISR           
000011e9  uxTaskResetEventItemValue          
00002965  vApplicationStackOverflowHook      
00002cd7  vListInitialise                    
00002cd1  vListInitialiseItem                
00002c99  vListInsert                        
00002c81  vListInsertEnd                     
00002b0d  vPortEnableVFP                     
0000291d  vPortEndScheduler                  
00002905  vPortEnterCritical                 
000028f3  vPortExitCritical                  
00002785  vPortFree                          
00002783  vPortInitialiseBlocks              
00002ac9  vPortSVCHandler                    
000028a7  vPortSetupTimerInterrupt           
00002ae9  vPortStartFirstTask                
00001c59  vQueueAddToRegistry                
00001c49  vQueueDelete                       
00001c45  vQueueSetQueueNumber               
00001c29  vQueueUnregisterQueue              
000011b9  vTaskDelay                         
0000115d  vTaskDelayUntil                    
000010b9  vTaskDelete                        
0000109b  vTaskEndScheduler                  
00001027  vTaskGetInfo                       
00000a9f  vTaskInternalSetTimeOutState       
00000fa1  vTaskMissedYield                   
00000f15  vTaskNotifyGiveFromISR             
00000ef3  vTaskPlaceOnEventList              
00000ed1  vTaskPlaceOnUnorderedEventList     
00000e5d  vTaskPriorityDisinheritAfterTimeout
00000d9d  vTaskPrioritySet                   
00000d3f  vTaskRemoveFromUnorderedEventList  
00000cd7  vTaskResume                        
00000cd1  vTaskSetTaskNumber                 
00000cb7  vTaskSetTimeOutState               
00000c77  vTaskStartScheduler                
00000bc9  vTaskSuspend                       
00000b0f  vTaskSuspendAll                    
00000b39  vTaskSwitchContext                 
0000277d  xPortGetFreeHeapSize               
00002a69  xPortPendSVHandler                 
000028bb  xPortStartScheduler                
00002881  xPortSysTickHandler                
00001bef  xQueueCreateMutex                  
00001bbb  xQueueGenericCreate                
00001b3f  xQueueGenericReset                 
00001965  xQueueGenericSend                  
00001adf  xQueueGenericSendFromISR           
00001a8d  xQueueGiveFromISR                  
00001a61  xQueueGiveMutexRecursive           
000018e3  xQueueIsQueueEmptyFromISR          
000018d5  xQueueIsQueueFullFromISR           
000017d3  xQueuePeek                         
000017a1  xQueuePeekFromISR                  
000016b1  xQueueReceive                      
00001655  xQueueReceiveFromISR               
20007958  xQueueRegistry                     
000014e1  xQueueSemaphoreTake                
00001609  xQueueTakeMutexRecursive           
00000b19  xTaskCatchUpTicks                  
00000ab1  xTaskCheckForTimeOut               
000009cd  xTaskCreate                        
0000083b  xTaskGenericNotify                 
00000785  xTaskGenericNotifyFromISR          
00000775  xTaskGetCurrentTaskHandle          
0000076f  xTaskGetTickCount                  
00000769  xTaskGetTickCountFromISR           
00000325  xTaskIncrementTick                 
0000073d  xTaskNotifyStateClear              
000006b9  xTaskNotifyWait                    
000005a9  xTaskPriorityDisinherit            
00000513  xTaskPriorityInherit               
000004b9  xTaskRemoveFromEventList           
000003ff  xTaskResumeAll                     
0000028d  xTaskResumeFromISR                 


GLOBAL SYMBOLS: SORTED BY Symbol Address 

address   name                               
-------   ----                               
00000000  __TI_static_base__                 
00000000  g_pfnVectors                       
00000200  __STACK_SIZE                       
0000028d  xTaskResumeFromISR                 
00000325  xTaskIncrementTick                 
000003ff  xTaskResumeAll                     
000004b9  xTaskRemoveFromEventList           
00000513  xTaskPriorityInherit               
000005a9  xTaskPriorityDisinherit            
000006b9  xTaskNotifyWait                    
0000073d  xTaskNotifyStateClear              
00000769  xTaskGetTickCountFromISR           
0000076f  xTaskGetTickCount                  
00000775  xTaskGetCurrentTaskHandle          
00000785  xTaskGenericNotifyFromISR          
0000083b  xTaskGenericNotify                 
000009cd  xTaskCreate                        
00000a9f  vTaskInternalSetTimeOutState       
00000ab1  xTaskCheckForTimeOut               
00000b0f  vTaskSuspendAll                    
00000b19  xTaskCatchUpTicks                  
00000b39  vTaskSwitchContext                 
00000bc9  vTaskSuspend                       
00000c77  vTaskStartScheduler                
00000cb7  vTaskSetTimeOutState               
00000cd1  vTaskSetTaskNumber                 
00000cd7  vTaskResume                        
00000d3f  vTaskRemoveFromUnorderedEventList  
00000d9d  vTaskPrioritySet                   
00000e5d  vTaskPriorityDisinheritAfterTimeout
00000ed1  vTaskPlaceOnUnorderedEventList     
00000ef3  vTaskPlaceOnEventList              
00000f15  vTaskNotifyGiveFromISR             
00000fa1  vTaskMissedYield                   
00000fbd  eTaskGetState                      
00001027  vTaskGetInfo                       
0000109b  vTaskEndScheduler                  
000010b9  vTaskDelete                        
0000115d  vTaskDelayUntil                    
000011b9  vTaskDelay                         
000011e9  uxTaskResetEventItemValue          
000011fd  uxTaskPriorityGetFromISR           
0000121d  uxTaskPriorityGet                  
00001235  uxTaskGetTaskNumber                
000012b1  uxTaskGetSystemState               
00001351  uxTaskGetStackHighWaterMark        
0000135d  uxTaskGetNumberOfTasks             
00001363  ulTaskNotifyValueClear             
0000138d  ulTaskNotifyTake                   
000013e9  pvTaskIncrementMutexHeldCount      
00001437  pcTaskGetName                      
000014e1  xQueueSemaphoreTake                
00001609  xQueueTakeMutexRecursive           
00001655  xQueueReceiveFromISR               
000016b1  xQueueReceive                      
000017a1  xQueuePeekFromISR                  
000017d3  xQueuePeek                         
000018d5  xQueueIsQueueFullFromISR           
000018e3  xQueueIsQueueEmptyFromISR          
00001965  xQueueGenericSend                  
00001a61  xQueueGiveMutexRecursive           
00001a8d  xQueueGiveFromISR                  
00001adf  xQueueGenericSendFromISR           
00001b3f  xQueueGenericReset                 
00001bbb  xQueueGenericCreate                
00001bef  xQueueCreateMutex                  
00001c29  vQueueUnregisterQueue              
00001c45  vQueueSetQueueNumber               
00001c49  vQueueDelete                       
00001c59  vQueueAddToRegistry                
00001c75  uxQueueSpacesAvailable             
00001c89  uxQueueMessagesWaitingFromISR      
00001c91  uxQueueMessagesWaiting             
00001ca3  uxQueueGetQueueNumber              
00001ca7  ucQueueGetQueueType                
00001cad  pcQueueGetName                     
00001cd1  RGBColorSet                        
00001d4f  RGBIntensitySet                    
00001d5b  RGBSet                             
00001d77  RGBEnable                          
00001e1f  RGBInit                            
00001f09  RGBDisable                         
00001f63  RGBColorGet                        
00001f7b  RGBBlinkRateSet                    
00001feb  RGBBlinkIntHandler                 
0000204d  UARTwrite                          
0000208d  UARTvprintf                        
0000225b  UARTprintf                         
00002275  UARTgets                           
000022f3  UARTgetc                           
0000230d  UARTStdioConfig                    
00002399  LEDTaskInit                        
00002531  SwitchTaskInit                     
00002665  SysCtlClockGet                     
0000277d  xPortGetFreeHeapSize               
00002783  vPortInitialiseBlocks              
00002785  vPortFree                          
000027c1  pvPortMalloc                       
00002881  xPortSysTickHandler                
000028a7  vPortSetupTimerInterrupt           
000028bb  xPortStartScheduler                
000028f3  vPortExitCritical                  
00002905  vPortEnterCritical                 
0000291d  vPortEndScheduler                  
0000291f  pxPortInitialiseStack              
00002965  vApplicationStackOverflowHook      
00002967  ConfigureUART                      
000029bb  main                               
00002a51  ulPortGetIPSR                      
00002a69  xPortPendSVHandler                 
00002ac9  vPortSVCHandler                    
00002ae9  vPortStartFirstTask                
00002b0d  vPortEnableVFP                     
00002b1b  __aeabi_idiv0                      
00002b1b  __aeabi_ldiv0                      
00002b1d  ButtonsPoll                        
00002b79  ButtonsInit                        
00002be5  __aeabi_memcpy                     
00002be5  __aeabi_memcpy4                    
00002be5  __aeabi_memcpy8                    
00002be5  memcpy                             
00002c81  vListInsertEnd                     
00002c99  vListInsert                        
00002cd1  vListInitialiseItem                
00002cd7  vListInitialise                    
00002ced  uxListRemove                       
00002d13  __aeabi_memclr                     
00002d13  __aeabi_memclr4                    
00002d13  __aeabi_memclr8                    
00002d15  __aeabi_memset                     
00002d15  __aeabi_memset4                    
00002d15  __aeabi_memset8                    
00002d1b  memset                             
00002d8d  __TI_decompress_lzss               
00002df5  __aeabi_f2ulz                      
00002e45  __TI_auto_init_nobinit_nopinit     
00002e89  __aeabi_uidiv                      
00002e89  __aeabi_uidivmod                   
00002ec9  _c_int00_noargs                    
00002efd  __TI_zero_init_nomemset            
00002f19  __TI_decompress_none               
00002f27  ResetISR                           
00002f33  UARTClockSourceSet                 
00002f39  _system_pre_init                   
00002f3d  C$$EXIT                            
00002f3d  abort                              
00002fc4  ulMaxSyscallInterruptPriority      
00002fe4  __TI_Handler_Table_Base            
00002ff0  __TI_Handler_Table_Limit           
00002ff8  __TI_CINIT_Base                    
00003008  __TI_CINIT_Limit                   
200076f4  pxCurrentTCB                       
20007724  g_pLEDQueue                        
20007758  __stack                            
20007958  __STACK_END                        
20007958  __STACK_TOP                        
20007958  xQueueRegistry                     
200079b0  g_pUARTSemaphore                   
ffffffff  __TI_pprof_out_hndl                
ffffffff  __TI_prof_data_size                
ffffffff  __TI_prof_data_start               
ffffffff  __binit__                          
ffffffff  __c_args__                         
ffffffff  binit                              
UNDEFED   __mpu_init                         
UNDEFED   _system_post_cinit                 

[166 symbols]
