******************************************************************************
                  TI ARM Linker PC v18.12.4                    
******************************************************************************
>> Linked Tue Aug  4 22:08:27 2020

OUTPUT FILE NAME:   <Blink.out>
ENTRY POINT SYMBOL: "_c_int00_noargs"  address: 000032e9


MEMORY CONFIGURATION

         name            origin    length      used     unused   attr    fill
----------------------  --------  ---------  --------  --------  ----  --------
  FLASH                 00000000   00040000  0000366a  0003c996  R  X
  SRAM                  20000000   00008000  000045fc  00003a04  RW X


SEGMENT ALLOCATION MAP

run origin  load origin   length   init length attrs members
----------  ----------- ---------- ----------- ----- -------
00000000    00000000    00003670   00003670    r-x
  00000000    00000000    0000026c   0000026c    r-- .intvecs
  0000026c    0000026c    00003232   00003232    r-x .text
  000034a0    000034a0    00000174   00000174    r-- .const
  00003618    00003618    00000058   00000058    r-- .cinit
20000000    20000000    00004600   00000000    rw-
  20000000    20000000    0000026c   00000000    rw- .vtable
  2000026c    2000026c    00002130   00000000    rw- .bss
  200023a0    200023a0    00002000   00000000    rw- .sysmem
  200043a0    200043a0    00000200   00000000    rw- .stack
  200045a0    200045a0    00000060   00000000    rw- .data


SECTION ALLOCATION MAP

 output                                  attributes/
section   page    origin      length       input sections
--------  ----  ----------  ----------   ----------------
.intvecs   0    00000000    0000026c     
                  00000000    0000026c     tm4c123gh6pm_startup_ccs.obj (.intvecs)

.text      0    0000026c    00003232     
                  0000026c    000010d4     tasks.obj (.text)
                  00001340    00000c84     ustdlib.obj (.text)
                  00001fc4    00000200     altitude.obj (.text)
                  000021c4    000001b8     heap_2.obj (.text)
                  0000237c    0000013c     port.obj (.text)
                  000024b8    00000132     driverlib.lib : gpio.obj (.text:GPIOPadConfigSet)
                  000025ea    0000012a     list.obj (.text)
                  00002714    00000118     driverlib.lib : sysctl.obj (.text:SysCtlClockGet)
                  0000282c    00000118     rtsv7M4_T_le_v4SPD16_eabi.lib : memory.c.obj (.text:aligned_alloc)
                  00002944    000000f4     driverlib.lib : sysctl.obj (.text:SysCtlClockSet)
                  00002a38    000000e4     rtsv7M4_T_le_v4SPD16_eabi.lib : memory.c.obj (.text:free)
                  00002b1c    000000da     portasm.obj (.text)
                  00002bf6    000000b8     circBufT.obj (.text)
                  00002cae    0000009c     rtsv7M4_T_le_v4SPD16_eabi.lib : memcpy_t2.asm.obj (.text)
                  00002d4a    0000007a     driverlib.lib : adc.obj (.text:ADCSequenceStepConfigure)
                  00002dc4    0000007a     rtsv7M4_T_le_v4SPD16_eabi.lib : memset_t2.asm.obj (.text)
                  00002e3e    00000002                                   : _lock.c.obj (.text:_nop)
                  00002e40    00000074     uart.obj (.text)
                  00002eb4    00000070     rtsv7M4_T_le_v4SPD16_eabi.lib : memory.c.obj (.text:split)
                  00002f24    00000068     driverlib.lib : interrupt.obj (.text:IntEnable)
                  00002f8c    00000068     rtsv7M4_T_le_v4SPD16_eabi.lib : copy_decompress_lzss.c.obj (.text:decompress:lzss:__TI_decompress_lzss)
                  00002ff4    00000064     main.obj (.text)
                  00003058    00000050     driverlib.lib : adc.obj (.text:_ADCIntNumberGet)
                  000030a8    0000004e                   : adc.obj (.text:ADCSequenceConfigure)
                  000030f6    00000002     rtsv7M4_T_le_v4SPD16_eabi.lib : div0.asm.obj (.text)
                  000030f8    0000004c     driverlib.lib : gpio.obj (.text:GPIOPinConfigure)
                  00003144    00000046                   : uart.obj (.text:UARTConfigSetExpClk)
                  0000318a    00000002     --HOLE-- [fill = 0]
                  0000318c    00000044     rtsv7M4_T_le_v4SPD16_eabi.lib : autoinit.c.obj (.text:__TI_auto_init_nobinit_nopinit:__TI_auto_init_nobinit_nopinit)
                  000031d0    00000040                                   : u_divt2.asm.obj (.text)
                  00003210    00000038     driverlib.lib : sysctl.obj (.text:SysCtlPeripheralReady)
                  00003248    00000038     rtsv7M4_T_le_v4SPD16_eabi.lib : memory.c.obj (.text:calloc)
                  00003280    00000034     driverlib.lib : interrupt.obj (.text:IntRegister)
                  000032b4    00000034                   : sysctl.obj (.text:SysCtlPeripheralEnable)
                  000032e8    00000034     rtsv7M4_T_le_v4SPD16_eabi.lib : boot_cortex_m.c.obj (.text:_c_int00_noargs:_c_int00_noargs)
                  0000331c    0000002c     driverlib.lib : gpio.obj (.text:GPIODirModeSet)
                  00003348    00000028     rtsv7M4_T_le_v4SPD16_eabi.lib : memory.c.obj (.text:free_list_insert)
                  00003370    00000020     driverlib.lib : uart.obj (.text:UARTDisable)
                  00003390    0000001e                   : adc.obj (.text:ADCSequenceDataGet)
                  000033ae    00000002     --HOLE-- [fill = 0]
                  000033b0    0000001c     rtsv7M4_T_le_v4SPD16_eabi.lib : memory.c.obj (.text:free_list_remove)
                  000033cc    00000018     driverlib.lib : adc.obj (.text:ADCIntRegister)
                  000033e4    00000018                   : adc.obj (.text:ADCProcessorTrigger)
                  000033fc    00000016                   : gpio.obj (.text:GPIOPinTypeUART)
                  00003412    00000014                   : uart.obj (.text:UARTEnable)
                  00003426    00000010                   : adc.obj (.text:ADCIntEnable)
                  00003436    0000000e                   : adc.obj (.text:ADCSequenceEnable)
                  00003444    0000000e     rtsv7M4_T_le_v4SPD16_eabi.lib : copy_decompress_none.c.obj (.text:decompress:none:__TI_decompress_none)
                  00003452    0000000c                                   : copy_zero_init.c.obj (.text:decompress:ZI:__TI_zero_init)
                  0000345e    0000000c     tm4c123gh6pm_startup_ccs.obj (.text)
                  0000346a    0000000a     driverlib.lib : adc.obj (.text:ADCIntClear)
                  00003474    0000000a                   : uart.obj (.text:UARTCharPut)
                  0000347e    0000000a                   : uart.obj (.text:UARTFIFOEnable)
                  00003488    00000008     rtsv7M4_T_le_v4SPD16_eabi.lib : memory.c.obj (.text:malloc)
                  00003490    00000006     driverlib.lib : sysctl.obj (.text:SysCtlDelay)
                  00003496    00000004     rtsv7M4_T_le_v4SPD16_eabi.lib : pre_init.c.obj (.text:_system_pre_init)
                  0000349a    00000004                                   : exit.c.obj (.text:abort:abort)

.const     0    000034a0    00000174     
                  000034a0    00000090     driverlib.lib : gpio.obj (.const:g_pui32GPIOBaseAddrs)
                  00003530    0000006c                   : sysctl.obj (.const:g_pui32Xtals)
                  0000359c    00000030     ustdlib.obj (.const:g_psDaysToMonth)
                  000035cc    00000018     ustdlib.obj (.const:g_pfExponents)
                  000035e4    00000014     driverlib.lib : interrupt.obj (.const:g_pui32EnRegs)
                  000035f8    00000012     ustdlib.obj (.const:.string)
                  0000360a    00000002     --HOLE-- [fill = 0]
                  0000360c    00000004     port.obj (.const)
                  00003610    00000004     ustdlib.obj (.const)

.cinit     0    00003618    00000058     
                  00003618    0000001e     (.cinit..data.load) [load image, compression = lzss]
                  00003636    00000002     --HOLE-- [fill = 0]
                  00003638    0000000c     (__TI_handler_table)
                  00003644    00000004     --HOLE-- [fill = 0]
                  00003648    00000008     (.cinit..bss.load) [load image, compression = zero_init]
                  00003650    00000008     (.cinit..vtable.load) [load image, compression = zero_init]
                  00003658    00000018     (__TI_cinit_table)

.init_array 
*          0    00000000    00000000     UNINITIALIZED

.vtable    0    20000000    0000026c     UNINITIALIZED
                  20000000    0000026c     driverlib.lib : interrupt.obj (.vtable)

.bss       0    2000026c    00002130     UNINITIALIZED
                  2000026c    00002000     heap_2.obj (.bss:ucHeap)
                  2000226c    000000a0     tasks.obj (.bss:pxReadyTasksLists)
                  2000230c    00000014     tasks.obj (.bss:xDelayedTaskList1)
                  20002320    00000014     tasks.obj (.bss:xDelayedTaskList2)
                  20002334    00000014     tasks.obj (.bss:xPendingReadyList)
                  20002348    00000014     tasks.obj (.bss:xSuspendedTaskList)
                  2000235c    00000014     tasks.obj (.bss:xTasksWaitingTermination)
                  20002370    00000010     altitude.obj (.bss:g_inBuffer)
                  20002380    00000008     tasks.obj (.bss)
                  20002388    00000008     heap_2.obj (.bss:xEnd)
                  20002390    00000008     heap_2.obj (.bss:xStart)
                  20002398    00000004     (.common:ulValue)

.sysmem    0    200023a0    00002000     UNINITIALIZED
                  200023a0    00000010     rtsv7M4_T_le_v4SPD16_eabi.lib : memory.c.obj (.sysmem)
                  200023b0    00001ff0     --HOLE--

.stack     0    200043a0    00000200     UNINITIALIZED
                  200043a0    00000004     rtsv7M4_T_le_v4SPD16_eabi.lib : boot_cortex_m.c.obj (.stack)
                  200043a4    000001fc     --HOLE--

.data      0    200045a0    00000060     UNINITIALIZED
                  200045a0    00000034     tasks.obj (.data)
                  200045d4    0000000c     altitude.obj (.data)
                  200045e0    00000008     rtsv7M4_T_le_v4SPD16_eabi.lib : _lock.c.obj (.data:$O1$$)
                  200045e8    00000008                                   : memory.c.obj (.data:$O1$$)
                  200045f0    00000008     heap_2.obj (.data)
                  200045f8    00000004     port.obj (.data)
                  200045fc    00000004     ustdlib.obj (.data)

MODULE SUMMARY

       Module                         code    ro data   rw data
       ------                         ----    -------   -------
    .\
       ustdlib.obj                    3204    94        4      
       tm4c123gh6pm_startup_ccs.obj   12      620       0      
       altitude.obj                   512     0         32     
       circBufT.obj                   184     0         0      
       uart.obj                       116     0         0      
       main.obj                       100     0         0      
    +--+------------------------------+-------+---------+---------+
       Total:                         4128    714       36     
                                                               
    .\FreeRTOS\
       tasks.obj                      4308    0         320    
       list.obj                       298     0         0      
    +--+------------------------------+-------+---------+---------+
       Total:                         4606    0         320    
                                                               
    .\FreeRTOS\portable\CCS\ARM_CM4F\
       port.obj                       316     4         4      
       portasm.obj                    218     0         0      
    +--+------------------------------+-------+---------+---------+
       Total:                         534     4         4      
                                                               
    .\FreeRTOS\portable\MemMang\
       heap_2.obj                     440     0         8216   
    +--+------------------------------+-------+---------+---------+
       Total:                         440     0         8216   
                                                               
    C:/ti/TivaWare_C_Series-2.1.4.178/driverlib/ccs/Debug/driverlib.lib
       interrupt.obj                  156     20        620    
       sysctl.obj                     638     108       0      
       gpio.obj                       448     144       0      
       adc.obj                        398     0         0      
       uart.obj                       142     0         0      
    +--+------------------------------+-------+---------+---------+
       Total:                         1782    272       620    
                                                               
    C:\ti\ccs920\ccs\tools\compiler\ti-cgt-arm_18.12.4.LTS\lib\rtsv7M4_T_le_v4SPD16_eabi.lib
       memory.c.obj                   752     0         8      
       memcpy_t2.asm.obj              156     0         0      
       memset_t2.asm.obj              122     0         0      
       copy_decompress_lzss.c.obj     104     0         0      
       autoinit.c.obj                 68      0         0      
       u_divt2.asm.obj                64      0         0      
       boot_cortex_m.c.obj            52      0         0      
       copy_decompress_none.c.obj     14      0         0      
       copy_zero_init.c.obj           12      0         0      
       _lock.c.obj                    2       0         8      
       exit.c.obj                     4       0         0      
       pre_init.c.obj                 4       0         0      
       div0.asm.obj                   2       0         0      
    +--+------------------------------+-------+---------+---------+
       Total:                         1356    0         16     
                                                               
       Heap:                          0       0         8192   
       Stack:                         0       0         512    
       Linker Generated:              0       82        0      
    +--+------------------------------+-------+---------+---------+
       Grand Total:                   12846   1072      17916  


LINKER GENERATED COPY TABLES

__TI_cinit_table @ 00003658 records: 3, size/record: 8, table size: 24
	.data: load addr=00003618, load size=0000001e bytes, run addr=200045a0, run size=00000060 bytes, compression=lzss
	.bss: load addr=00003648, load size=00000008 bytes, run addr=2000026c, run size=00002130 bytes, compression=zero_init
	.vtable: load addr=00003650, load size=00000008 bytes, run addr=20000000, run size=0000026c bytes, compression=zero_init


LINKER GENERATED HANDLER TABLE

__TI_handler_table @ 00003638 records: 3, size/record: 4, table size: 12
	index: 0, handler: __TI_zero_init
	index: 1, handler: __TI_decompress_lzss
	index: 2, handler: __TI_decompress_none


GLOBAL SYMBOLS: SORTED ALPHABETICALLY BY Name 

address   name                             
-------   ----                             
0000346b  ADCIntClear                      
00003427  ADCIntEnable                     
00001fc5  ADCIntHandler                    
000033cd  ADCIntRegister                   
000033e5  ADCProcessorTrigger              
000030a9  ADCSequenceConfigure             
00003391  ADCSequenceDataGet               
00003437  ADCSequenceEnable                
00002d4b  ADCSequenceStepConfigure         
0000349b  C$$EXIT                          
0000331d  GPIODirModeSet                   
000024b9  GPIOPadConfigSet                 
000030f9  GPIOPinConfigure                 
000033fd  GPIOPinTypeUART                  
00002f25  IntEnable                        
00003281  IntRegister                      
0000345f  ResetISR                         
00002715  SysCtlClockGet                   
00002945  SysCtlClockSet                   
00003491  SysCtlDelay                      
000032b5  SysCtlPeripheralEnable           
00003211  SysCtlPeripheralReady            
00003475  UARTCharPut                      
00003145  UARTConfigSetExpClk              
00003371  UARTDisable                      
00003413  UARTEnable                       
0000347f  UARTFIFOEnable                   
00002e87  UARTSend                         
200045a0  __STACK_END                      
00000200  __STACK_SIZE                     
200045a0  __STACK_TOP                      
00002000  __SYSMEM_SIZE                    
00003658  __TI_CINIT_Base                  
00003670  __TI_CINIT_Limit                 
00003638  __TI_Handler_Table_Base          
00003644  __TI_Handler_Table_Limit         
0000318d  __TI_auto_init_nobinit_nopinit   
00002f8d  __TI_decompress_lzss             
00003445  __TI_decompress_none             
ffffffff  __TI_pprof_out_hndl              
ffffffff  __TI_prof_data_size              
ffffffff  __TI_prof_data_start             
00000000  __TI_static_base__               
00003453  __TI_zero_init                   
000030f7  __aeabi_idiv0                    
000030f7  __aeabi_ldiv0                    
00002dc5  __aeabi_memclr                   
00002dc5  __aeabi_memclr4                  
00002dc5  __aeabi_memclr8                  
00002caf  __aeabi_memcpy                   
00002caf  __aeabi_memcpy4                  
00002caf  __aeabi_memcpy8                  
00002dc7  __aeabi_memset                   
00002dc7  __aeabi_memset4                  
00002dc7  __aeabi_memset8                  
000031d1  __aeabi_uidiv                    
000031d1  __aeabi_uidivmod                 
ffffffff  __binit__                        
ffffffff  __c_args__                       
UNDEFED   __mpu_init                       
200043a0  __stack                          
000032e9  _c_int00_noargs                  
200045e0  _lock                            
00002e3f  _nop                             
200023a0  _sys_memory                      
UNDEFED   _system_post_cinit               
00003497  _system_pre_init                 
200045e4  _unlock                          
0000349b  abort                            
0000282d  aligned_alloc                    
ffffffff  binit                            
000020a3  bufferLocation                   
200045dc  calibrate_counter                
200045d8  calibrate_flag                   
00003249  calloc                           
0000202b  computeAltitude                  
00002a39  free                             
00002c89  freeCircBuf                      
20000000  g_pfnRAMVectors                  
00000000  g_pfnVectors                     
00001fe5  initADC                          
00002bf7  initCircBuf                      
00002e41  initialiseUSB_UART               
00002ff5  main                             
00003489  malloc                           
0000282d  memalign                         
00002caf  memcpy                           
00002dcd  memset                           
000008f9  pcTaskGetName                    
00002073  percentAltitude                  
000021c5  pvPortMalloc                     
200045a0  pxCurrentTCB                     
0000237d  pxPortInitialiseStack            
00002c55  readCircBuf                      
00002067  resetAltitude                    
0000360c  ulMaxSyscallInterruptPriority    
00002b2d  ulPortGetIPSR                    
00000e0d  ulTaskNotifyTake                 
0000123f  ulTaskNotifyValueClear           
20002398  ulValue                          
00001825  ulocaltime                       
00001a23  umktime                          
00001f9d  urand                            
000017f5  usnprintf                        
000017c3  usprintf                         
00001f8d  usrand                           
00001f05  ustrcasecmp                      
00001f79  ustrcmp                          
00001e09  ustrlen                          
00001e61  ustrncasecmp                     
00001f19  ustrncmp                         
00001341  ustrncpy                         
00001e2b  ustrstr                          
00001bd1  ustrtof                          
00001a99  ustrtoul                         
00001399  uvsnprintf                       
000026cd  uxListRemove                     
000008ed  uxTaskGetNumberOfTasks           
00000de1  uxTaskResetEventItemValue        
000020a7  vADCTask                         
000025eb  vListInitialise                  
0000261b  vListInitialiseItem              
00002667  vListInsert                      
0000262b  vListInsertEnd                   
00002be9  vPortEnableVFP                   
0000241d  vPortEndScheduler                
0000241f  vPortEnterCritical               
0000243f  vPortExitCritical                
000022bd  vPortFree                        
00002321  vPortInitialiseBlocks            
00002ba5  vPortSVCHandler                  
0000247b  vPortSetupTimerInterrupt         
00002bc5  vPortStartFirstTask              
00000501  vTaskDelay                       
00000453  vTaskDelete                      
000007b9  vTaskEndScheduler                
00000c2d  vTaskInternalSetTimeOutState     
00000cd5  vTaskMissedYield                 
00001159  vTaskNotifyGiveFromISR           
00000ad7  vTaskPlaceOnEventList            
00000afd  vTaskPlaceOnUnorderedEventList   
00000ba5  vTaskRemoveFromUnorderedEventList
00000651  vTaskResume                      
00000c07  vTaskSetTimeOutState             
0000076f  vTaskStartScheduler              
00000537  vTaskSuspend                     
000007d5  vTaskSuspendAll                  
00000a75  vTaskSwitchContext               
00002c21  writeCircBuf                     
0000231b  xPortGetFreeHeapSize             
00002b45  xPortPendSVHandler               
000023e7  xPortStartScheduler              
00002455  xPortSysTickHandler              
00000915  xTaskCatchUpTicks                
00000c51  xTaskCheckForTimeOut             
0000026d  xTaskCreate                      
00000f61  xTaskGenericNotify               
0000104d  xTaskGenericNotifyFromISR        
000008c9  xTaskGetTickCount                
000008d9  xTaskGetTickCountFromISR         
00000955  xTaskIncrementTick               
00001205  xTaskNotifyStateClear            
00000e8d  xTaskNotifyWait                  
00000b27  xTaskRemoveFromEventList         
000007e5  xTaskResumeAll                   
000006e9  xTaskResumeFromISR               


GLOBAL SYMBOLS: SORTED BY Symbol Address 

address   name                             
-------   ----                             
00000000  __TI_static_base__               
00000000  g_pfnVectors                     
00000200  __STACK_SIZE                     
0000026d  xTaskCreate                      
00000453  vTaskDelete                      
00000501  vTaskDelay                       
00000537  vTaskSuspend                     
00000651  vTaskResume                      
000006e9  xTaskResumeFromISR               
0000076f  vTaskStartScheduler              
000007b9  vTaskEndScheduler                
000007d5  vTaskSuspendAll                  
000007e5  xTaskResumeAll                   
000008c9  xTaskGetTickCount                
000008d9  xTaskGetTickCountFromISR         
000008ed  uxTaskGetNumberOfTasks           
000008f9  pcTaskGetName                    
00000915  xTaskCatchUpTicks                
00000955  xTaskIncrementTick               
00000a75  vTaskSwitchContext               
00000ad7  vTaskPlaceOnEventList            
00000afd  vTaskPlaceOnUnorderedEventList   
00000b27  xTaskRemoveFromEventList         
00000ba5  vTaskRemoveFromUnorderedEventList
00000c07  vTaskSetTimeOutState             
00000c2d  vTaskInternalSetTimeOutState     
00000c51  xTaskCheckForTimeOut             
00000cd5  vTaskMissedYield                 
00000de1  uxTaskResetEventItemValue        
00000e0d  ulTaskNotifyTake                 
00000e8d  xTaskNotifyWait                  
00000f61  xTaskGenericNotify               
0000104d  xTaskGenericNotifyFromISR        
00001159  vTaskNotifyGiveFromISR           
00001205  xTaskNotifyStateClear            
0000123f  ulTaskNotifyValueClear           
00001341  ustrncpy                         
00001399  uvsnprintf                       
000017c3  usprintf                         
000017f5  usnprintf                        
00001825  ulocaltime                       
00001a23  umktime                          
00001a99  ustrtoul                         
00001bd1  ustrtof                          
00001e09  ustrlen                          
00001e2b  ustrstr                          
00001e61  ustrncasecmp                     
00001f05  ustrcasecmp                      
00001f19  ustrncmp                         
00001f79  ustrcmp                          
00001f8d  usrand                           
00001f9d  urand                            
00001fc5  ADCIntHandler                    
00001fe5  initADC                          
00002000  __SYSMEM_SIZE                    
0000202b  computeAltitude                  
00002067  resetAltitude                    
00002073  percentAltitude                  
000020a3  bufferLocation                   
000020a7  vADCTask                         
000021c5  pvPortMalloc                     
000022bd  vPortFree                        
0000231b  xPortGetFreeHeapSize             
00002321  vPortInitialiseBlocks            
0000237d  pxPortInitialiseStack            
000023e7  xPortStartScheduler              
0000241d  vPortEndScheduler                
0000241f  vPortEnterCritical               
0000243f  vPortExitCritical                
00002455  xPortSysTickHandler              
0000247b  vPortSetupTimerInterrupt         
000024b9  GPIOPadConfigSet                 
000025eb  vListInitialise                  
0000261b  vListInitialiseItem              
0000262b  vListInsertEnd                   
00002667  vListInsert                      
000026cd  uxListRemove                     
00002715  SysCtlClockGet                   
0000282d  aligned_alloc                    
0000282d  memalign                         
00002945  SysCtlClockSet                   
00002a39  free                             
00002b2d  ulPortGetIPSR                    
00002b45  xPortPendSVHandler               
00002ba5  vPortSVCHandler                  
00002bc5  vPortStartFirstTask              
00002be9  vPortEnableVFP                   
00002bf7  initCircBuf                      
00002c21  writeCircBuf                     
00002c55  readCircBuf                      
00002c89  freeCircBuf                      
00002caf  __aeabi_memcpy                   
00002caf  __aeabi_memcpy4                  
00002caf  __aeabi_memcpy8                  
00002caf  memcpy                           
00002d4b  ADCSequenceStepConfigure         
00002dc5  __aeabi_memclr                   
00002dc5  __aeabi_memclr4                  
00002dc5  __aeabi_memclr8                  
00002dc7  __aeabi_memset                   
00002dc7  __aeabi_memset4                  
00002dc7  __aeabi_memset8                  
00002dcd  memset                           
00002e3f  _nop                             
00002e41  initialiseUSB_UART               
00002e87  UARTSend                         
00002f25  IntEnable                        
00002f8d  __TI_decompress_lzss             
00002ff5  main                             
000030a9  ADCSequenceConfigure             
000030f7  __aeabi_idiv0                    
000030f7  __aeabi_ldiv0                    
000030f9  GPIOPinConfigure                 
00003145  UARTConfigSetExpClk              
0000318d  __TI_auto_init_nobinit_nopinit   
000031d1  __aeabi_uidiv                    
000031d1  __aeabi_uidivmod                 
00003211  SysCtlPeripheralReady            
00003249  calloc                           
00003281  IntRegister                      
000032b5  SysCtlPeripheralEnable           
000032e9  _c_int00_noargs                  
0000331d  GPIODirModeSet                   
00003371  UARTDisable                      
00003391  ADCSequenceDataGet               
000033cd  ADCIntRegister                   
000033e5  ADCProcessorTrigger              
000033fd  GPIOPinTypeUART                  
00003413  UARTEnable                       
00003427  ADCIntEnable                     
00003437  ADCSequenceEnable                
00003445  __TI_decompress_none             
00003453  __TI_zero_init                   
0000345f  ResetISR                         
0000346b  ADCIntClear                      
00003475  UARTCharPut                      
0000347f  UARTFIFOEnable                   
00003489  malloc                           
00003491  SysCtlDelay                      
00003497  _system_pre_init                 
0000349b  C$$EXIT                          
0000349b  abort                            
0000360c  ulMaxSyscallInterruptPriority    
00003638  __TI_Handler_Table_Base          
00003644  __TI_Handler_Table_Limit         
00003658  __TI_CINIT_Base                  
00003670  __TI_CINIT_Limit                 
20000000  g_pfnRAMVectors                  
20002398  ulValue                          
200023a0  _sys_memory                      
200043a0  __stack                          
200045a0  __STACK_END                      
200045a0  __STACK_TOP                      
200045a0  pxCurrentTCB                     
200045d8  calibrate_flag                   
200045dc  calibrate_counter                
200045e0  _lock                            
200045e4  _unlock                          
ffffffff  __TI_pprof_out_hndl              
ffffffff  __TI_prof_data_size              
ffffffff  __TI_prof_data_start             
ffffffff  __binit__                        
ffffffff  __c_args__                       
ffffffff  binit                            
UNDEFED   __mpu_init                       
UNDEFED   _system_post_cinit               

[166 symbols]
