<?xml version="1.0" encoding="ISO-8859-1" ?>
<link_info>
   <banner>TI ARM Linker PC v18.12.4.LTS</banner>
   <copyright>Copyright (c) 1996-2018 Texas Instruments Incorporated</copyright>
   <link_time>0x5f29339b</link_time>
   <link_errors>0x0</link_errors>
   <output_file>Blink.out</output_file>
   <entry_point>
      <name>_c_int00_noargs</name>
      <address>0x32e9</address>
   </entry_point>
   <input_file_list>
      <input_file id="fl-2">
         <path>.\</path>
         <kind>object</kind>
         <file>altitude.obj</file>
         <name>altitude.obj</name>
      </input_file>
      <input_file id="fl-3">
         <path>.\</path>
         <kind>object</kind>
         <file>circBufT.obj</file>
         <name>circBufT.obj</name>
      </input_file>
      <input_file id="fl-4">
         <path>.\</path>
         <kind>object</kind>
         <file>main.obj</file>
         <name>main.obj</name>
      </input_file>
      <input_file id="fl-5">
         <path>.\</path>
         <kind>object</kind>
         <file>tm4c123gh6pm_startup_ccs.obj</file>
         <name>tm4c123gh6pm_startup_ccs.obj</name>
      </input_file>
      <input_file id="fl-6">
         <path>.\</path>
         <kind>object</kind>
         <file>uart.obj</file>
         <name>uart.obj</name>
      </input_file>
      <input_file id="fl-7">
         <path>.\</path>
         <kind>object</kind>
         <file>ustdlib.obj</file>
         <name>ustdlib.obj</name>
      </input_file>
      <input_file id="fl-8">
         <path>.\FreeRTOS\</path>
         <kind>object</kind>
         <file>croutine.obj</file>
         <name>croutine.obj</name>
      </input_file>
      <input_file id="fl-9">
         <path>.\FreeRTOS\</path>
         <kind>object</kind>
         <file>event_groups.obj</file>
         <name>event_groups.obj</name>
      </input_file>
      <input_file id="fl-a">
         <path>.\FreeRTOS\</path>
         <kind>object</kind>
         <file>list.obj</file>
         <name>list.obj</name>
      </input_file>
      <input_file id="fl-b">
         <path>.\FreeRTOS\</path>
         <kind>object</kind>
         <file>queue.obj</file>
         <name>queue.obj</name>
      </input_file>
      <input_file id="fl-c">
         <path>.\FreeRTOS\</path>
         <kind>object</kind>
         <file>stream_buffer.obj</file>
         <name>stream_buffer.obj</name>
      </input_file>
      <input_file id="fl-d">
         <path>.\FreeRTOS\</path>
         <kind>object</kind>
         <file>tasks.obj</file>
         <name>tasks.obj</name>
      </input_file>
      <input_file id="fl-e">
         <path>.\FreeRTOS\</path>
         <kind>object</kind>
         <file>timers.obj</file>
         <name>timers.obj</name>
      </input_file>
      <input_file id="fl-f">
         <path>.\FreeRTOS\portable\CCS\ARM_CM4F\</path>
         <kind>object</kind>
         <file>port.obj</file>
         <name>port.obj</name>
      </input_file>
      <input_file id="fl-10">
         <path>.\FreeRTOS\portable\CCS\ARM_CM4F\</path>
         <kind>object</kind>
         <file>portasm.obj</file>
         <name>portasm.obj</name>
      </input_file>
      <input_file id="fl-11">
         <path>.\FreeRTOS\portable\MemMang\</path>
         <kind>object</kind>
         <file>heap_2.obj</file>
         <name>heap_2.obj</name>
      </input_file>
      <input_file id="fl-12">
         <path>.\OrbitOLED\</path>
         <kind>object</kind>
         <file>OrbitOLEDInterface.obj</file>
         <name>OrbitOLEDInterface.obj</name>
      </input_file>
      <input_file id="fl-13">
         <path>.\OrbitOLED\lib_OrbitOled\</path>
         <kind>object</kind>
         <file>ChrFont0.obj</file>
         <name>ChrFont0.obj</name>
      </input_file>
      <input_file id="fl-14">
         <path>.\OrbitOLED\lib_OrbitOled\</path>
         <kind>object</kind>
         <file>FillPat.obj</file>
         <name>FillPat.obj</name>
      </input_file>
      <input_file id="fl-15">
         <path>.\OrbitOLED\lib_OrbitOled\</path>
         <kind>object</kind>
         <file>OrbitOled.obj</file>
         <name>OrbitOled.obj</name>
      </input_file>
      <input_file id="fl-16">
         <path>.\OrbitOLED\lib_OrbitOled\</path>
         <kind>object</kind>
         <file>OrbitOledChar.obj</file>
         <name>OrbitOledChar.obj</name>
      </input_file>
      <input_file id="fl-17">
         <path>.\OrbitOLED\lib_OrbitOled\</path>
         <kind>object</kind>
         <file>OrbitOledGrph.obj</file>
         <name>OrbitOledGrph.obj</name>
      </input_file>
      <input_file id="fl-18">
         <path>.\OrbitOLED\lib_OrbitOled\</path>
         <kind>object</kind>
         <file>delay.obj</file>
         <name>delay.obj</name>
      </input_file>
      <input_file id="fl-1d">
         <kind>object</kind>
         <file>&lt;internal&gt;</file>
         <name>&lt;internal&gt;</name>
      </input_file>
      <input_file id="fl-1e">
         <path>C:\ti\TivaWare_C_Series-2.1.4.178\driverlib\ccs\Debug\</path>
         <kind>archive</kind>
         <file>driverlib.lib</file>
         <name>adc.obj</name>
      </input_file>
      <input_file id="fl-1f">
         <path>C:\ti\TivaWare_C_Series-2.1.4.178\driverlib\ccs\Debug\</path>
         <kind>archive</kind>
         <file>driverlib.lib</file>
         <name>gpio.obj</name>
      </input_file>
      <input_file id="fl-20">
         <path>C:\ti\TivaWare_C_Series-2.1.4.178\driverlib\ccs\Debug\</path>
         <kind>archive</kind>
         <file>driverlib.lib</file>
         <name>interrupt.obj</name>
      </input_file>
      <input_file id="fl-21">
         <path>C:\ti\TivaWare_C_Series-2.1.4.178\driverlib\ccs\Debug\</path>
         <kind>archive</kind>
         <file>driverlib.lib</file>
         <name>ssi.obj</name>
      </input_file>
      <input_file id="fl-22">
         <path>C:\ti\TivaWare_C_Series-2.1.4.178\driverlib\ccs\Debug\</path>
         <kind>archive</kind>
         <file>driverlib.lib</file>
         <name>sysctl.obj</name>
      </input_file>
      <input_file id="fl-23">
         <path>C:\ti\TivaWare_C_Series-2.1.4.178\driverlib\ccs\Debug\</path>
         <kind>archive</kind>
         <file>driverlib.lib</file>
         <name>timer.obj</name>
      </input_file>
      <input_file id="fl-24">
         <path>C:\ti\TivaWare_C_Series-2.1.4.178\driverlib\ccs\Debug\</path>
         <kind>archive</kind>
         <file>driverlib.lib</file>
         <name>uart.obj</name>
      </input_file>
      <input_file id="fl-25">
         <path>C:\ti\TivaWare_C_Series-2.1.4.178\driverlib\ccs\Debug\</path>
         <kind>archive</kind>
         <file>driverlib.lib</file>
         <name>cpu.obj</name>
      </input_file>
      <input_file id="fl-db">
         <path>C:\ti\ccs920\ccs\tools\compiler\ti-cgt-arm_18.12.4.LTS\lib\</path>
         <kind>archive</kind>
         <file>rtsv7M4_T_le_v4SPD16_eabi.lib</file>
         <name>memcpy_t2.asm.obj</name>
      </input_file>
      <input_file id="fl-dc">
         <path>C:\ti\ccs920\ccs\tools\compiler\ti-cgt-arm_18.12.4.LTS\lib\</path>
         <kind>archive</kind>
         <file>rtsv7M4_T_le_v4SPD16_eabi.lib</file>
         <name>u_divt2.asm.obj</name>
      </input_file>
      <input_file id="fl-dd">
         <path>C:\ti\ccs920\ccs\tools\compiler\ti-cgt-arm_18.12.4.LTS\lib\</path>
         <kind>archive</kind>
         <file>rtsv7M4_T_le_v4SPD16_eabi.lib</file>
         <name>memset_t2.asm.obj</name>
      </input_file>
      <input_file id="fl-de">
         <path>C:\ti\ccs920\ccs\tools\compiler\ti-cgt-arm_18.12.4.LTS\lib\</path>
         <kind>archive</kind>
         <file>rtsv7M4_T_le_v4SPD16_eabi.lib</file>
         <name>copy_zero_init.c.obj</name>
      </input_file>
      <input_file id="fl-df">
         <path>C:\ti\ccs920\ccs\tools\compiler\ti-cgt-arm_18.12.4.LTS\lib\</path>
         <kind>archive</kind>
         <file>rtsv7M4_T_le_v4SPD16_eabi.lib</file>
         <name>copy_decompress_none.c.obj</name>
      </input_file>
      <input_file id="fl-e0">
         <path>C:\ti\ccs920\ccs\tools\compiler\ti-cgt-arm_18.12.4.LTS\lib\</path>
         <kind>archive</kind>
         <file>rtsv7M4_T_le_v4SPD16_eabi.lib</file>
         <name>copy_decompress_lzss.c.obj</name>
      </input_file>
      <input_file id="fl-e1">
         <path>C:\ti\ccs920\ccs\tools\compiler\ti-cgt-arm_18.12.4.LTS\lib\</path>
         <kind>archive</kind>
         <file>rtsv7M4_T_le_v4SPD16_eabi.lib</file>
         <name>memory.c.obj</name>
      </input_file>
      <input_file id="fl-e2">
         <path>C:\ti\ccs920\ccs\tools\compiler\ti-cgt-arm_18.12.4.LTS\lib\</path>
         <kind>archive</kind>
         <file>rtsv7M4_T_le_v4SPD16_eabi.lib</file>
         <name>boot_cortex_m.c.obj</name>
      </input_file>
      <input_file id="fl-e3">
         <path>C:\ti\ccs920\ccs\tools\compiler\ti-cgt-arm_18.12.4.LTS\lib\</path>
         <kind>archive</kind>
         <file>rtsv7M4_T_le_v4SPD16_eabi.lib</file>
         <name>div0.asm.obj</name>
      </input_file>
      <input_file id="fl-e4">
         <path>C:\ti\ccs920\ccs\tools\compiler\ti-cgt-arm_18.12.4.LTS\lib\</path>
         <kind>archive</kind>
         <file>rtsv7M4_T_le_v4SPD16_eabi.lib</file>
         <name>autoinit.c.obj</name>
      </input_file>
      <input_file id="fl-e5">
         <path>C:\ti\ccs920\ccs\tools\compiler\ti-cgt-arm_18.12.4.LTS\lib\</path>
         <kind>archive</kind>
         <file>rtsv7M4_T_le_v4SPD16_eabi.lib</file>
         <name>pre_init.c.obj</name>
      </input_file>
      <input_file id="fl-e6">
         <path>C:\ti\ccs920\ccs\tools\compiler\ti-cgt-arm_18.12.4.LTS\lib\</path>
         <kind>archive</kind>
         <file>rtsv7M4_T_le_v4SPD16_eabi.lib</file>
         <name>cpy_tbl.c.obj</name>
      </input_file>
      <input_file id="fl-e7">
         <path>C:\ti\ccs920\ccs\tools\compiler\ti-cgt-arm_18.12.4.LTS\lib\</path>
         <kind>archive</kind>
         <file>rtsv7M4_T_le_v4SPD16_eabi.lib</file>
         <name>exit.c.obj</name>
      </input_file>
      <input_file id="fl-e8">
         <path>C:\ti\ccs920\ccs\tools\compiler\ti-cgt-arm_18.12.4.LTS\lib\</path>
         <kind>archive</kind>
         <file>rtsv7M4_T_le_v4SPD16_eabi.lib</file>
         <name>_lock.c.obj</name>
      </input_file>
      <input_file id="fl-e9">
         <path>C:\ti\ccs920\ccs\tools\compiler\ti-cgt-arm_18.12.4.LTS\lib\</path>
         <kind>archive</kind>
         <file>rtsv7M4_T_le_v4SPD16_eabi.lib</file>
         <name>args_main.c.obj</name>
      </input_file>
   </input_file_list>
   <object_component_list>
      <object_component id="oc-f">
         <name>.intvecs</name>
         <load_address>0x0</load_address>
         <run_address>0x0</run_address>
         <size>0x26c</size>
         <input_file_ref idref="fl-5"/>
      </object_component>
      <object_component id="oc-83">
         <name>.text</name>
         <load_address>0x26c</load_address>
         <run_address>0x26c</run_address>
         <size>0x10d4</size>
         <input_file_ref idref="fl-d"/>
      </object_component>
      <object_component id="oc-221">
         <name>.text</name>
         <load_address>0x1340</load_address>
         <run_address>0x1340</run_address>
         <size>0xc84</size>
         <input_file_ref idref="fl-7"/>
      </object_component>
      <object_component id="oc-14a">
         <name>.text</name>
         <load_address>0x1fc4</load_address>
         <run_address>0x1fc4</run_address>
         <size>0x200</size>
         <input_file_ref idref="fl-2"/>
      </object_component>
      <object_component id="oc-ee">
         <name>.text</name>
         <load_address>0x21c4</load_address>
         <run_address>0x21c4</run_address>
         <size>0x1b8</size>
         <input_file_ref idref="fl-11"/>
      </object_component>
      <object_component id="oc-32">
         <name>.text</name>
         <load_address>0x237c</load_address>
         <run_address>0x237c</run_address>
         <size>0x13c</size>
         <input_file_ref idref="fl-f"/>
      </object_component>
      <object_component id="oc-2f1">
         <name>.text:GPIOPadConfigSet</name>
         <load_address>0x24b8</load_address>
         <run_address>0x24b8</run_address>
         <size>0x132</size>
         <input_file_ref idref="fl-1f"/>
      </object_component>
      <object_component id="oc-f4">
         <name>.text</name>
         <load_address>0x25ea</load_address>
         <run_address>0x25ea</run_address>
         <size>0x12a</size>
         <input_file_ref idref="fl-a"/>
      </object_component>
      <object_component id="oc-23b">
         <name>.text:SysCtlClockGet</name>
         <load_address>0x2714</load_address>
         <run_address>0x2714</run_address>
         <size>0x118</size>
         <input_file_ref idref="fl-22"/>
      </object_component>
      <object_component id="oc-379">
         <name>.text:aligned_alloc</name>
         <load_address>0x282c</load_address>
         <run_address>0x282c</run_address>
         <size>0x118</size>
         <input_file_ref idref="fl-e1"/>
      </object_component>
      <object_component id="oc-144">
         <name>.text:SysCtlClockSet</name>
         <load_address>0x2944</load_address>
         <run_address>0x2944</run_address>
         <size>0xf4</size>
         <input_file_ref idref="fl-22"/>
      </object_component>
      <object_component id="oc-261">
         <name>.text:free</name>
         <load_address>0x2a38</load_address>
         <run_address>0x2a38</run_address>
         <size>0xe4</size>
         <input_file_ref idref="fl-e1"/>
      </object_component>
      <object_component id="oc-2d">
         <name>.text</name>
         <load_address>0x2b1c</load_address>
         <run_address>0x2b1c</run_address>
         <size>0xda</size>
         <input_file_ref idref="fl-10"/>
      </object_component>
      <object_component id="oc-156">
         <name>.text</name>
         <load_address>0x2bf6</load_address>
         <run_address>0x2bf6</run_address>
         <size>0xb8</size>
         <input_file_ref idref="fl-3"/>
      </object_component>
      <object_component id="oc-46">
         <name>.text</name>
         <load_address>0x2cae</load_address>
         <run_address>0x2cae</run_address>
         <size>0x9c</size>
         <input_file_ref idref="fl-db"/>
      </object_component>
      <object_component id="oc-203">
         <name>.text:ADCSequenceStepConfigure</name>
         <load_address>0x2d4a</load_address>
         <run_address>0x2d4a</run_address>
         <size>0x7a</size>
         <input_file_ref idref="fl-1e"/>
      </object_component>
      <object_component id="oc-ba">
         <name>.text</name>
         <load_address>0x2dc4</load_address>
         <run_address>0x2dc4</run_address>
         <size>0x7a</size>
         <input_file_ref idref="fl-dd"/>
      </object_component>
      <object_component id="oc-326">
         <name>.text:_nop</name>
         <load_address>0x2e3e</load_address>
         <run_address>0x2e3e</run_address>
         <size>0x2</size>
         <input_file_ref idref="fl-e8"/>
      </object_component>
      <object_component id="oc-150">
         <name>.text</name>
         <load_address>0x2e40</load_address>
         <run_address>0x2e40</run_address>
         <size>0x74</size>
         <input_file_ref idref="fl-6"/>
      </object_component>
      <object_component id="oc-39b">
         <name>.text:split</name>
         <load_address>0x2eb4</load_address>
         <run_address>0x2eb4</run_address>
         <size>0x70</size>
         <input_file_ref idref="fl-e1"/>
      </object_component>
      <object_component id="oc-2c1">
         <name>.text:IntEnable</name>
         <load_address>0x2f24</load_address>
         <run_address>0x2f24</run_address>
         <size>0x68</size>
         <input_file_ref idref="fl-20"/>
      </object_component>
      <object_component id="oc-12">
         <name>.text:decompress:lzss:__TI_decompress_lzss</name>
         <load_address>0x2f8c</load_address>
         <run_address>0x2f8c</run_address>
         <size>0x68</size>
         <input_file_ref idref="fl-e0"/>
      </object_component>
      <object_component id="oc-c6">
         <name>.text</name>
         <load_address>0x2ff4</load_address>
         <run_address>0x2ff4</run_address>
         <size>0x64</size>
         <input_file_ref idref="fl-4"/>
      </object_component>
      <object_component id="oc-2b5">
         <name>.text:_ADCIntNumberGet</name>
         <load_address>0x3058</load_address>
         <run_address>0x3058</run_address>
         <size>0x50</size>
         <input_file_ref idref="fl-1e"/>
      </object_component>
      <object_component id="oc-1fd">
         <name>.text:ADCSequenceConfigure</name>
         <load_address>0x30a8</load_address>
         <run_address>0x30a8</run_address>
         <size>0x4e</size>
         <input_file_ref idref="fl-1e"/>
      </object_component>
      <object_component id="oc-35d">
         <name>.text</name>
         <load_address>0x30f6</load_address>
         <run_address>0x30f6</run_address>
         <size>0x2</size>
         <input_file_ref idref="fl-e3"/>
      </object_component>
      <object_component id="oc-235">
         <name>.text:GPIOPinConfigure</name>
         <load_address>0x30f8</load_address>
         <run_address>0x30f8</run_address>
         <size>0x4c</size>
         <input_file_ref idref="fl-1f"/>
      </object_component>
      <object_component id="oc-241">
         <name>.text:UARTConfigSetExpClk</name>
         <load_address>0x3144</load_address>
         <run_address>0x3144</run_address>
         <size>0x46</size>
         <input_file_ref idref="fl-24"/>
      </object_component>
      <object_component id="oc-169">
         <name>.text:__TI_auto_init_nobinit_nopinit:__TI_auto_init_nobinit_nopinit</name>
         <load_address>0x318c</load_address>
         <run_address>0x318c</run_address>
         <size>0x44</size>
         <input_file_ref idref="fl-e4"/>
      </object_component>
      <object_component id="oc-2ca">
         <name>.text</name>
         <load_address>0x31d0</load_address>
         <run_address>0x31d0</run_address>
         <size>0x40</size>
         <input_file_ref idref="fl-dc"/>
      </object_component>
      <object_component id="oc-1f7">
         <name>.text:SysCtlPeripheralReady</name>
         <load_address>0x3210</load_address>
         <run_address>0x3210</run_address>
         <size>0x38</size>
         <input_file_ref idref="fl-22"/>
      </object_component>
      <object_component id="oc-25b">
         <name>.text:calloc</name>
         <load_address>0x3248</load_address>
         <run_address>0x3248</run_address>
         <size>0x38</size>
         <input_file_ref idref="fl-e1"/>
      </object_component>
      <object_component id="oc-2bb">
         <name>.text:IntRegister</name>
         <load_address>0x3280</load_address>
         <run_address>0x3280</run_address>
         <size>0x34</size>
         <input_file_ref idref="fl-20"/>
      </object_component>
      <object_component id="oc-1f1">
         <name>.text:SysCtlPeripheralEnable</name>
         <load_address>0x32b4</load_address>
         <run_address>0x32b4</run_address>
         <size>0x34</size>
         <input_file_ref idref="fl-22"/>
      </object_component>
      <object_component id="oc-64">
         <name>.text:_c_int00_noargs:_c_int00_noargs</name>
         <load_address>0x32e8</load_address>
         <run_address>0x32e8</run_address>
         <size>0x34</size>
         <input_file_ref idref="fl-e2"/>
      </object_component>
      <object_component id="oc-2eb">
         <name>.text:GPIODirModeSet</name>
         <load_address>0x331c</load_address>
         <run_address>0x331c</run_address>
         <size>0x2c</size>
         <input_file_ref idref="fl-1f"/>
      </object_component>
      <object_component id="oc-31b">
         <name>.text:free_list_insert</name>
         <load_address>0x3348</load_address>
         <run_address>0x3348</run_address>
         <size>0x28</size>
         <input_file_ref idref="fl-e1"/>
      </object_component>
      <object_component id="oc-301">
         <name>.text:UARTDisable</name>
         <load_address>0x3370</load_address>
         <run_address>0x3370</run_address>
         <size>0x20</size>
         <input_file_ref idref="fl-24"/>
      </object_component>
      <object_component id="oc-1e5">
         <name>.text:ADCSequenceDataGet</name>
         <load_address>0x3390</load_address>
         <run_address>0x3390</run_address>
         <size>0x1e</size>
         <input_file_ref idref="fl-1e"/>
      </object_component>
      <object_component id="oc-315">
         <name>.text:free_list_remove</name>
         <load_address>0x33b0</load_address>
         <run_address>0x33b0</run_address>
         <size>0x1c</size>
         <input_file_ref idref="fl-e1"/>
      </object_component>
      <object_component id="oc-20f">
         <name>.text:ADCIntRegister</name>
         <load_address>0x33cc</load_address>
         <run_address>0x33cc</run_address>
         <size>0x18</size>
         <input_file_ref idref="fl-1e"/>
      </object_component>
      <object_component id="oc-21b">
         <name>.text:ADCProcessorTrigger</name>
         <load_address>0x33e4</load_address>
         <run_address>0x33e4</run_address>
         <size>0x18</size>
         <input_file_ref idref="fl-1e"/>
      </object_component>
      <object_component id="oc-22f">
         <name>.text:GPIOPinTypeUART</name>
         <load_address>0x33fc</load_address>
         <run_address>0x33fc</run_address>
         <size>0x16</size>
         <input_file_ref idref="fl-1f"/>
      </object_component>
      <object_component id="oc-24d">
         <name>.text:UARTEnable</name>
         <load_address>0x3412</load_address>
         <run_address>0x3412</run_address>
         <size>0x14</size>
         <input_file_ref idref="fl-24"/>
      </object_component>
      <object_component id="oc-215">
         <name>.text:ADCIntEnable</name>
         <load_address>0x3426</load_address>
         <run_address>0x3426</run_address>
         <size>0x10</size>
         <input_file_ref idref="fl-1e"/>
      </object_component>
      <object_component id="oc-209">
         <name>.text:ADCSequenceEnable</name>
         <load_address>0x3436</load_address>
         <run_address>0x3436</run_address>
         <size>0xe</size>
         <input_file_ref idref="fl-1e"/>
      </object_component>
      <object_component id="oc-18">
         <name>.text:decompress:none:__TI_decompress_none</name>
         <load_address>0x3444</load_address>
         <run_address>0x3444</run_address>
         <size>0xe</size>
         <input_file_ref idref="fl-df"/>
      </object_component>
      <object_component id="oc-58">
         <name>.text:decompress:ZI:__TI_zero_init</name>
         <load_address>0x3452</load_address>
         <run_address>0x3452</run_address>
         <size>0xc</size>
         <input_file_ref idref="fl-de"/>
      </object_component>
      <object_component id="oc-27">
         <name>.text</name>
         <load_address>0x345e</load_address>
         <run_address>0x345e</run_address>
         <size>0xc</size>
         <input_file_ref idref="fl-5"/>
      </object_component>
      <object_component id="oc-1eb">
         <name>.text:ADCIntClear</name>
         <load_address>0x346a</load_address>
         <run_address>0x346a</run_address>
         <size>0xa</size>
         <input_file_ref idref="fl-1e"/>
      </object_component>
      <object_component id="oc-253">
         <name>.text:UARTCharPut</name>
         <load_address>0x3474</load_address>
         <run_address>0x3474</run_address>
         <size>0xa</size>
         <input_file_ref idref="fl-24"/>
      </object_component>
      <object_component id="oc-247">
         <name>.text:UARTFIFOEnable</name>
         <load_address>0x347e</load_address>
         <run_address>0x347e</run_address>
         <size>0xa</size>
         <input_file_ref idref="fl-24"/>
      </object_component>
      <object_component id="oc-30e">
         <name>.text:malloc</name>
         <load_address>0x3488</load_address>
         <run_address>0x3488</run_address>
         <size>0x8</size>
         <input_file_ref idref="fl-e1"/>
      </object_component>
      <object_component id="oc-1e2">
         <name>.text:SysCtlDelay</name>
         <load_address>0x3490</load_address>
         <run_address>0x3490</run_address>
         <size>0x6</size>
         <input_file_ref idref="fl-22"/>
      </object_component>
      <object_component id="oc-c0">
         <name>.text:_system_pre_init</name>
         <load_address>0x3496</load_address>
         <run_address>0x3496</run_address>
         <size>0x4</size>
         <input_file_ref idref="fl-e5"/>
      </object_component>
      <object_component id="oc-15d">
         <name>.text:abort:abort</name>
         <load_address>0x349a</load_address>
         <run_address>0x349a</run_address>
         <size>0x4</size>
         <input_file_ref idref="fl-e7"/>
      </object_component>
      <object_component id="oc-2f9">
         <name>.const:g_pui32GPIOBaseAddrs</name>
         <load_address>0x34a0</load_address>
         <run_address>0x34a0</run_address>
         <size>0x90</size>
         <input_file_ref idref="fl-1f"/>
      </object_component>
      <object_component id="oc-2fd">
         <name>.const:g_pui32Xtals</name>
         <load_address>0x3530</load_address>
         <run_address>0x3530</run_address>
         <size>0x6c</size>
         <input_file_ref idref="fl-22"/>
      </object_component>
      <object_component id="oc-2d2">
         <name>.const:g_psDaysToMonth</name>
         <load_address>0x359c</load_address>
         <run_address>0x359c</run_address>
         <size>0x30</size>
         <input_file_ref idref="fl-7"/>
      </object_component>
      <object_component id="oc-2d5">
         <name>.const:g_pfExponents</name>
         <load_address>0x35cc</load_address>
         <run_address>0x35cc</run_address>
         <size>0x18</size>
         <input_file_ref idref="fl-7"/>
      </object_component>
      <object_component id="oc-359">
         <name>.const:g_pui32EnRegs</name>
         <load_address>0x35e4</load_address>
         <run_address>0x35e4</run_address>
         <size>0x14</size>
         <input_file_ref idref="fl-20"/>
      </object_component>
      <object_component id="oc-363">
         <name>.const:.string</name>
         <load_address>0x35f8</load_address>
         <run_address>0x35f8</run_address>
         <size>0x12</size>
         <input_file_ref idref="fl-7"/>
      </object_component>
      <object_component id="oc-80">
         <name>.const</name>
         <load_address>0x360c</load_address>
         <run_address>0x360c</run_address>
         <size>0x4</size>
         <input_file_ref idref="fl-f"/>
      </object_component>
      <object_component id="oc-2cf">
         <name>.const</name>
         <load_address>0x3610</load_address>
         <run_address>0x3610</run_address>
         <size>0x4</size>
         <input_file_ref idref="fl-7"/>
      </object_component>
      <object_component id="oc-3cf">
         <name>.cinit..data.load</name>
         <load_address>0x3618</load_address>
         <run_address>0x3618</run_address>
         <size>0x1e</size>
      </object_component>
      <object_component id="oc-3cc">
         <name>__TI_handler_table</name>
         <load_address>0x3638</load_address>
         <run_address>0x3638</run_address>
         <size>0xc</size>
      </object_component>
      <object_component id="oc-3d0">
         <name>.cinit..bss.load</name>
         <load_address>0x3648</load_address>
         <run_address>0x3648</run_address>
         <size>0x8</size>
      </object_component>
      <object_component id="oc-3ce">
         <name>.cinit..vtable.load</name>
         <load_address>0x3650</load_address>
         <run_address>0x3650</run_address>
         <size>0x8</size>
      </object_component>
      <object_component id="oc-3cd">
         <name>__TI_cinit_table</name>
         <load_address>0x3658</load_address>
         <run_address>0x3658</run_address>
         <size>0x18</size>
      </object_component>
      <object_component id="oc-354">
         <name>.vtable</name>
         <uninitialized>true</uninitialized>
         <run_address>0x20000000</run_address>
         <size>0x26c</size>
         <input_file_ref idref="fl-20"/>
      </object_component>
      <object_component id="oc-22b">
         <name>.data</name>
         <load_address>0x200045d4</load_address>
         <run_address>0x200045d4</run_address>
         <size>0xc</size>
         <input_file_ref idref="fl-2"/>
      </object_component>
      <object_component id="oc-2d8">
         <name>.data</name>
         <load_address>0x200045fc</load_address>
         <run_address>0x200045fc</run_address>
         <size>0x4</size>
         <input_file_ref idref="fl-7"/>
      </object_component>
      <object_component id="oc-7d">
         <name>.data</name>
         <load_address>0x200045a0</load_address>
         <run_address>0x200045a0</run_address>
         <size>0x34</size>
         <input_file_ref idref="fl-d"/>
      </object_component>
      <object_component id="oc-8a">
         <name>.data</name>
         <load_address>0x200045f8</load_address>
         <run_address>0x200045f8</run_address>
         <size>0x4</size>
         <input_file_ref idref="fl-f"/>
      </object_component>
      <object_component id="oc-1b1">
         <name>.data</name>
         <load_address>0x200045f0</load_address>
         <run_address>0x200045f0</run_address>
         <size>0x8</size>
         <input_file_ref idref="fl-11"/>
      </object_component>
      <object_component id="oc-380">
         <name>.data:$O1$$</name>
         <load_address>0x200045e8</load_address>
         <run_address>0x200045e8</run_address>
         <size>0x8</size>
         <input_file_ref idref="fl-e1"/>
      </object_component>
      <object_component id="oc-26d">
         <name>.data:$O1$$</name>
         <load_address>0x200045e0</load_address>
         <run_address>0x200045e0</run_address>
         <size>0x8</size>
         <input_file_ref idref="fl-e8"/>
      </object_component>
      <object_component id="oc-228">
         <name>.bss:g_inBuffer</name>
         <uninitialized>true</uninitialized>
         <run_address>0x20002370</run_address>
         <size>0x10</size>
         <input_file_ref idref="fl-2"/>
      </object_component>
      <object_component id="oc-fa">
         <name>.bss:pxReadyTasksLists</name>
         <uninitialized>true</uninitialized>
         <run_address>0x2000226c</run_address>
         <size>0xa0</size>
         <input_file_ref idref="fl-d"/>
      </object_component>
      <object_component id="oc-109">
         <name>.bss:xDelayedTaskList1</name>
         <uninitialized>true</uninitialized>
         <run_address>0x2000230c</run_address>
         <size>0x14</size>
         <input_file_ref idref="fl-d"/>
      </object_component>
      <object_component id="oc-10c">
         <name>.bss:xDelayedTaskList2</name>
         <uninitialized>true</uninitialized>
         <run_address>0x20002320</run_address>
         <size>0x14</size>
         <input_file_ref idref="fl-d"/>
      </object_component>
      <object_component id="oc-106">
         <name>.bss</name>
         <uninitialized>true</uninitialized>
         <run_address>0x20002380</run_address>
         <size>0x8</size>
         <input_file_ref idref="fl-d"/>
      </object_component>
      <object_component id="oc-103">
         <name>.bss:xPendingReadyList</name>
         <uninitialized>true</uninitialized>
         <run_address>0x20002334</run_address>
         <size>0x14</size>
         <input_file_ref idref="fl-d"/>
      </object_component>
      <object_component id="oc-fd">
         <name>.bss:xTasksWaitingTermination</name>
         <uninitialized>true</uninitialized>
         <run_address>0x2000235c</run_address>
         <size>0x14</size>
         <input_file_ref idref="fl-d"/>
      </object_component>
      <object_component id="oc-100">
         <name>.bss:xSuspendedTaskList</name>
         <uninitialized>true</uninitialized>
         <run_address>0x20002348</run_address>
         <size>0x14</size>
         <input_file_ref idref="fl-d"/>
      </object_component>
      <object_component id="oc-1ba">
         <name>.bss:ucHeap</name>
         <uninitialized>true</uninitialized>
         <run_address>0x2000026c</run_address>
         <size>0x2000</size>
         <input_file_ref idref="fl-11"/>
      </object_component>
      <object_component id="oc-1b4">
         <name>.bss:xStart</name>
         <uninitialized>true</uninitialized>
         <run_address>0x20002390</run_address>
         <size>0x8</size>
         <input_file_ref idref="fl-11"/>
      </object_component>
      <object_component id="oc-1b7">
         <name>.bss:xEnd</name>
         <uninitialized>true</uninitialized>
         <run_address>0x20002388</run_address>
         <size>0x8</size>
         <input_file_ref idref="fl-11"/>
      </object_component>
      <object_component id="oc-227">
         <name>.common:ulValue</name>
         <uninitialized>true</uninitialized>
         <run_address>0x20002398</run_address>
         <size>0x4</size>
      </object_component>
      <object_component id="oc-21">
         <name>.sysmem</name>
         <uninitialized>true</uninitialized>
         <run_address>0x200023a0</run_address>
         <size>0x10</size>
         <input_file_ref idref="fl-e1"/>
      </object_component>
      <object_component id="oc-3d2">
         <name>.sysmem</name>
         <uninitialized>true</uninitialized>
         <run_address>0x200023a0</run_address>
         <size>0x0</size>
      </object_component>
      <object_component id="oc-24">
         <name>.stack</name>
         <uninitialized>true</uninitialized>
         <run_address>0x200043a0</run_address>
         <size>0x4</size>
         <input_file_ref idref="fl-e2"/>
      </object_component>
      <object_component id="oc-3d1">
         <name>.stack</name>
         <uninitialized>true</uninitialized>
         <run_address>0x200043a0</run_address>
         <size>0x0</size>
      </object_component>
      <object_component id="oc-128">
         <name>.debug_info</name>
         <load_address>0x0</load_address>
         <run_address>0x0</run_address>
         <size>0x728</size>
         <input_file_ref idref="fl-2"/>
      </object_component>
      <object_component id="oc-22c">
         <name>.debug_info</name>
         <load_address>0x728</load_address>
         <run_address>0x728</run_address>
         <size>0x13c</size>
         <input_file_ref idref="fl-2"/>
      </object_component>
      <object_component id="oc-229">
         <name>.debug_info</name>
         <load_address>0x864</load_address>
         <run_address>0x864</run_address>
         <size>0xda</size>
         <input_file_ref idref="fl-2"/>
      </object_component>
      <object_component id="oc-14e">
         <name>.debug_info</name>
         <load_address>0x93e</load_address>
         <run_address>0x93e</run_address>
         <size>0x656</size>
         <input_file_ref idref="fl-2"/>
      </object_component>
      <object_component id="oc-119">
         <name>.debug_info</name>
         <load_address>0xf94</load_address>
         <run_address>0xf94</run_address>
         <size>0x315</size>
         <input_file_ref idref="fl-2"/>
      </object_component>
      <object_component id="oc-1d3">
         <name>.debug_info</name>
         <load_address>0x12a9</load_address>
         <run_address>0x12a9</run_address>
         <size>0x86</size>
         <input_file_ref idref="fl-2"/>
      </object_component>
      <object_component id="oc-9b">
         <name>.debug_info</name>
         <load_address>0x132f</load_address>
         <run_address>0x132f</run_address>
         <size>0x26b</size>
         <input_file_ref idref="fl-2"/>
      </object_component>
      <object_component id="oc-1a2">
         <name>.debug_info</name>
         <load_address>0x159a</load_address>
         <run_address>0x159a</run_address>
         <size>0x110</size>
         <input_file_ref idref="fl-2"/>
      </object_component>
      <object_component id="oc-1ac">
         <name>.debug_info</name>
         <load_address>0x16aa</load_address>
         <run_address>0x16aa</run_address>
         <size>0x3ce</size>
         <input_file_ref idref="fl-2"/>
      </object_component>
      <object_component id="oc-1d8">
         <name>.debug_info</name>
         <load_address>0x1a78</load_address>
         <run_address>0x1a78</run_address>
         <size>0x4f</size>
         <input_file_ref idref="fl-2"/>
      </object_component>
      <object_component id="oc-29d">
         <name>.debug_info</name>
         <load_address>0x1ac7</load_address>
         <run_address>0x1ac7</run_address>
         <size>0x2c</size>
         <input_file_ref idref="fl-2"/>
      </object_component>
      <object_component id="oc-12a">
         <name>.debug_info</name>
         <load_address>0x1af3</load_address>
         <run_address>0x1af3</run_address>
         <size>0x8b</size>
         <input_file_ref idref="fl-2"/>
      </object_component>
      <object_component id="oc-8f">
         <name>.debug_info</name>
         <load_address>0x1b7e</load_address>
         <run_address>0x1b7e</run_address>
         <size>0x2c</size>
         <input_file_ref idref="fl-2"/>
      </object_component>
      <object_component id="oc-12f">
         <name>.debug_info</name>
         <load_address>0x1baa</load_address>
         <run_address>0x1baa</run_address>
         <size>0x297</size>
         <input_file_ref idref="fl-2"/>
      </object_component>
      <object_component id="oc-2a8">
         <name>.debug_info</name>
         <load_address>0x1e41</load_address>
         <run_address>0x1e41</run_address>
         <size>0xef</size>
         <input_file_ref idref="fl-2"/>
      </object_component>
      <object_component id="oc-a0">
         <name>.debug_info</name>
         <load_address>0x1f30</load_address>
         <run_address>0x1f30</run_address>
         <size>0xbb</size>
         <input_file_ref idref="fl-2"/>
      </object_component>
      <object_component id="oc-94">
         <name>.debug_info</name>
         <load_address>0x1feb</load_address>
         <run_address>0x1feb</run_address>
         <size>0x53</size>
         <input_file_ref idref="fl-2"/>
      </object_component>
      <object_component id="oc-2e2">
         <name>.debug_info</name>
         <load_address>0x203e</load_address>
         <run_address>0x203e</run_address>
         <size>0x2c</size>
         <input_file_ref idref="fl-2"/>
      </object_component>
      <object_component id="oc-1dd">
         <name>.debug_info</name>
         <load_address>0x206a</load_address>
         <run_address>0x206a</run_address>
         <size>0x35</size>
         <input_file_ref idref="fl-2"/>
      </object_component>
      <object_component id="oc-11e">
         <name>.debug_info</name>
         <load_address>0x209f</load_address>
         <run_address>0x209f</run_address>
         <size>0x14c</size>
         <input_file_ref idref="fl-2"/>
      </object_component>
      <object_component id="oc-268">
         <name>.debug_info</name>
         <load_address>0x21eb</load_address>
         <run_address>0x21eb</run_address>
         <size>0x2dd</size>
         <input_file_ref idref="fl-3"/>
      </object_component>
      <object_component id="oc-158">
         <name>.debug_info</name>
         <load_address>0x24c8</load_address>
         <run_address>0x24c8</run_address>
         <size>0x32e</size>
         <input_file_ref idref="fl-3"/>
      </object_component>
      <object_component id="oc-41">
         <name>.debug_info</name>
         <load_address>0x27f6</load_address>
         <run_address>0x27f6</run_address>
         <size>0x84</size>
         <input_file_ref idref="fl-3"/>
      </object_component>
      <object_component id="oc-1cf">
         <name>.debug_info</name>
         <load_address>0x287a</load_address>
         <run_address>0x287a</run_address>
         <size>0x56e</size>
         <input_file_ref idref="fl-4"/>
      </object_component>
      <object_component id="oc-c9">
         <name>.debug_info</name>
         <load_address>0x2de8</load_address>
         <run_address>0x2de8</run_address>
         <size>0x1a6</size>
         <input_file_ref idref="fl-4"/>
      </object_component>
      <object_component id="oc-123">
         <name>.debug_info</name>
         <load_address>0x2f8e</load_address>
         <run_address>0x2f8e</run_address>
         <size>0x3ce</size>
         <input_file_ref idref="fl-4"/>
      </object_component>
      <object_component id="oc-114">
         <name>.debug_info</name>
         <load_address>0x335c</load_address>
         <run_address>0x335c</run_address>
         <size>0x53</size>
         <input_file_ref idref="fl-4"/>
      </object_component>
      <object_component id="oc-3a">
         <name>.debug_info</name>
         <load_address>0x33af</load_address>
         <run_address>0x33af</run_address>
         <size>0x330</size>
         <input_file_ref idref="fl-5"/>
      </object_component>
      <object_component id="oc-10">
         <name>.debug_info</name>
         <load_address>0x36df</load_address>
         <run_address>0x36df</run_address>
         <size>0xef</size>
         <input_file_ref idref="fl-5"/>
      </object_component>
      <object_component id="oc-29">
         <name>.debug_info</name>
         <load_address>0x37ce</load_address>
         <run_address>0x37ce</run_address>
         <size>0x26b</size>
         <input_file_ref idref="fl-5"/>
      </object_component>
      <object_component id="oc-25a">
         <name>.debug_info</name>
         <load_address>0x3a39</load_address>
         <run_address>0x3a39</run_address>
         <size>0x443</size>
         <input_file_ref idref="fl-6"/>
      </object_component>
      <object_component id="oc-151">
         <name>.debug_info</name>
         <load_address>0x3e7c</load_address>
         <run_address>0x3e7c</run_address>
         <size>0x270</size>
         <input_file_ref idref="fl-6"/>
      </object_component>
      <object_component id="oc-2dd">
         <name>.debug_info</name>
         <load_address>0x40ec</load_address>
         <run_address>0x40ec</run_address>
         <size>0x196</size>
         <input_file_ref idref="fl-6"/>
      </object_component>
      <object_component id="oc-2dc">
         <name>.debug_info</name>
         <load_address>0x4282</load_address>
         <run_address>0x4282</run_address>
         <size>0x2cc</size>
         <input_file_ref idref="fl-7"/>
      </object_component>
      <object_component id="oc-2d0">
         <name>.debug_info</name>
         <load_address>0x454e</load_address>
         <run_address>0x454e</run_address>
         <size>0xd3</size>
         <input_file_ref idref="fl-7"/>
      </object_component>
      <object_component id="oc-2d3">
         <name>.debug_info</name>
         <load_address>0x4621</load_address>
         <run_address>0x4621</run_address>
         <size>0xe4</size>
         <input_file_ref idref="fl-7"/>
      </object_component>
      <object_component id="oc-2d6">
         <name>.debug_info</name>
         <load_address>0x4705</load_address>
         <run_address>0x4705</run_address>
         <size>0xe0</size>
         <input_file_ref idref="fl-7"/>
      </object_component>
      <object_component id="oc-2d9">
         <name>.debug_info</name>
         <load_address>0x47e5</load_address>
         <run_address>0x47e5</run_address>
         <size>0xe0</size>
         <input_file_ref idref="fl-7"/>
      </object_component>
      <object_component id="oc-223">
         <name>.debug_info</name>
         <load_address>0x48c5</load_address>
         <run_address>0x48c5</run_address>
         <size>0xe52</size>
         <input_file_ref idref="fl-7"/>
      </object_component>
      <object_component id="oc-289">
         <name>.debug_info</name>
         <load_address>0x5717</load_address>
         <run_address>0x5717</run_address>
         <size>0x625</size>
         <input_file_ref idref="fl-9"/>
      </object_component>
      <object_component id="oc-347">
         <name>.debug_info</name>
         <load_address>0x5d3c</load_address>
         <run_address>0x5d3c</run_address>
         <size>0x62</size>
         <input_file_ref idref="fl-9"/>
      </object_component>
      <object_component id="oc-34c">
         <name>.debug_info</name>
         <load_address>0x5d9e</load_address>
         <run_address>0x5d9e</run_address>
         <size>0x39</size>
         <input_file_ref idref="fl-9"/>
      </object_component>
      <object_component id="oc-19d">
         <name>.debug_info</name>
         <load_address>0x5dd7</load_address>
         <run_address>0x5dd7</run_address>
         <size>0x4f</size>
         <input_file_ref idref="fl-9"/>
      </object_component>
      <object_component id="oc-1c0">
         <name>.debug_info</name>
         <load_address>0x5e26</load_address>
         <run_address>0x5e26</run_address>
         <size>0x357</size>
         <input_file_ref idref="fl-a"/>
      </object_component>
      <object_component id="oc-f5">
         <name>.debug_info</name>
         <load_address>0x617d</load_address>
         <run_address>0x617d</run_address>
         <size>0x4ab</size>
         <input_file_ref idref="fl-a"/>
      </object_component>
      <object_component id="oc-13b">
         <name>.debug_info</name>
         <load_address>0x6628</load_address>
         <run_address>0x6628</run_address>
         <size>0x2c</size>
         <input_file_ref idref="fl-c"/>
      </object_component>
      <object_component id="oc-e6">
         <name>.debug_info</name>
         <load_address>0x6654</load_address>
         <run_address>0x6654</run_address>
         <size>0x6dc</size>
         <input_file_ref idref="fl-d"/>
      </object_component>
      <object_component id="oc-7e">
         <name>.debug_info</name>
         <load_address>0x6d30</load_address>
         <run_address>0x6d30</run_address>
         <size>0x346</size>
         <input_file_ref idref="fl-d"/>
      </object_component>
      <object_component id="oc-fb">
         <name>.debug_info</name>
         <load_address>0x7076</load_address>
         <run_address>0x7076</run_address>
         <size>0xef</size>
         <input_file_ref idref="fl-d"/>
      </object_component>
      <object_component id="oc-10a">
         <name>.debug_info</name>
         <load_address>0x7165</load_address>
         <run_address>0x7165</run_address>
         <size>0xef</size>
         <input_file_ref idref="fl-d"/>
      </object_component>
      <object_component id="oc-10d">
         <name>.debug_info</name>
         <load_address>0x7254</load_address>
         <run_address>0x7254</run_address>
         <size>0xef</size>
         <input_file_ref idref="fl-d"/>
      </object_component>
      <object_component id="oc-107">
         <name>.debug_info</name>
         <load_address>0x7343</load_address>
         <run_address>0x7343</run_address>
         <size>0x132</size>
         <input_file_ref idref="fl-d"/>
      </object_component>
      <object_component id="oc-104">
         <name>.debug_info</name>
         <load_address>0x7475</load_address>
         <run_address>0x7475</run_address>
         <size>0xef</size>
         <input_file_ref idref="fl-d"/>
      </object_component>
      <object_component id="oc-fe">
         <name>.debug_info</name>
         <load_address>0x7564</load_address>
         <run_address>0x7564</run_address>
         <size>0xfd</size>
         <input_file_ref idref="fl-d"/>
      </object_component>
      <object_component id="oc-101">
         <name>.debug_info</name>
         <load_address>0x7661</load_address>
         <run_address>0x7661</run_address>
         <size>0xf1</size>
         <input_file_ref idref="fl-d"/>
      </object_component>
      <object_component id="oc-84">
         <name>.debug_info</name>
         <load_address>0x7752</load_address>
         <run_address>0x7752</run_address>
         <size>0x344b</size>
         <input_file_ref idref="fl-d"/>
      </object_component>
      <object_component id="oc-e7">
         <name>.debug_info</name>
         <load_address>0xab9d</load_address>
         <run_address>0xab9d</run_address>
         <size>0x30c</size>
         <input_file_ref idref="fl-d"/>
      </object_component>
      <object_component id="oc-1a7">
         <name>.debug_info</name>
         <load_address>0xaea9</load_address>
         <run_address>0xaea9</run_address>
         <size>0xf0</size>
         <input_file_ref idref="fl-d"/>
      </object_component>
      <object_component id="oc-8e">
         <name>.debug_info</name>
         <load_address>0xaf99</load_address>
         <run_address>0xaf99</run_address>
         <size>0x3f2</size>
         <input_file_ref idref="fl-f"/>
      </object_component>
      <object_component id="oc-81">
         <name>.debug_info</name>
         <load_address>0xb38b</load_address>
         <run_address>0xb38b</run_address>
         <size>0x11c</size>
         <input_file_ref idref="fl-f"/>
      </object_component>
      <object_component id="oc-8b">
         <name>.debug_info</name>
         <load_address>0xb4a7</load_address>
         <run_address>0xb4a7</run_address>
         <size>0x103</size>
         <input_file_ref idref="fl-f"/>
      </object_component>
      <object_component id="oc-34">
         <name>.debug_info</name>
         <load_address>0xb5aa</load_address>
         <run_address>0xb5aa</run_address>
         <size>0x6b3</size>
         <input_file_ref idref="fl-f"/>
      </object_component>
      <object_component id="oc-30">
         <name>.debug_info</name>
         <load_address>0xbc5d</load_address>
         <run_address>0xbc5d</run_address>
         <size>0x251</size>
         <input_file_ref idref="fl-10"/>
      </object_component>
      <object_component id="oc-1be">
         <name>.debug_info</name>
         <load_address>0xbeae</load_address>
         <run_address>0xbeae</run_address>
         <size>0x401</size>
         <input_file_ref idref="fl-11"/>
      </object_component>
      <object_component id="oc-1bb">
         <name>.debug_info</name>
         <load_address>0xc2af</load_address>
         <run_address>0xc2af</run_address>
         <size>0xea</size>
         <input_file_ref idref="fl-11"/>
      </object_component>
      <object_component id="oc-1b5">
         <name>.debug_info</name>
         <load_address>0xc399</load_address>
         <run_address>0xc399</run_address>
         <size>0xea</size>
         <input_file_ref idref="fl-11"/>
      </object_component>
      <object_component id="oc-1b8">
         <name>.debug_info</name>
         <load_address>0xc483</load_address>
         <run_address>0xc483</run_address>
         <size>0xe6</size>
         <input_file_ref idref="fl-11"/>
      </object_component>
      <object_component id="oc-1b2">
         <name>.debug_info</name>
         <load_address>0xc569</load_address>
         <run_address>0xc569</run_address>
         <size>0x104</size>
         <input_file_ref idref="fl-11"/>
      </object_component>
      <object_component id="oc-ef">
         <name>.debug_info</name>
         <load_address>0xc66d</load_address>
         <run_address>0xc66d</run_address>
         <size>0x664</size>
         <input_file_ref idref="fl-11"/>
      </object_component>
      <object_component id="oc-28e">
         <name>.debug_info</name>
         <load_address>0xccd1</load_address>
         <run_address>0xccd1</run_address>
         <size>0x62</size>
         <input_file_ref idref="fl-11"/>
      </object_component>
      <object_component id="oc-2ae">
         <name>.debug_info</name>
         <load_address>0xcd33</load_address>
         <run_address>0xcd33</run_address>
         <size>0x36c</size>
         <input_file_ref idref="fl-1e"/>
      </object_component>
      <object_component id="oc-205">
         <name>.debug_info</name>
         <load_address>0xd09f</load_address>
         <run_address>0xd09f</run_address>
         <size>0x2a0</size>
         <input_file_ref idref="fl-1e"/>
      </object_component>
      <object_component id="oc-20b">
         <name>.debug_info</name>
         <load_address>0xd33f</load_address>
         <run_address>0xd33f</run_address>
         <size>0x20d</size>
         <input_file_ref idref="fl-1e"/>
      </object_component>
      <object_component id="oc-1e7">
         <name>.debug_info</name>
         <load_address>0xd54c</load_address>
         <run_address>0xd54c</run_address>
         <size>0x26c</size>
         <input_file_ref idref="fl-1e"/>
      </object_component>
      <object_component id="oc-1ff">
         <name>.debug_info</name>
         <load_address>0xd7b8</load_address>
         <run_address>0xd7b8</run_address>
         <size>0x293</size>
         <input_file_ref idref="fl-1e"/>
      </object_component>
      <object_component id="oc-21d">
         <name>.debug_info</name>
         <load_address>0xda4b</load_address>
         <run_address>0xda4b</run_address>
         <size>0x211</size>
         <input_file_ref idref="fl-1e"/>
      </object_component>
      <object_component id="oc-2b7">
         <name>.debug_info</name>
         <load_address>0xdc5c</load_address>
         <run_address>0xdc5c</run_address>
         <size>0x22c</size>
         <input_file_ref idref="fl-1e"/>
      </object_component>
      <object_component id="oc-211">
         <name>.debug_info</name>
         <load_address>0xde88</load_address>
         <run_address>0xde88</run_address>
         <size>0x24c</size>
         <input_file_ref idref="fl-1e"/>
      </object_component>
      <object_component id="oc-217">
         <name>.debug_info</name>
         <load_address>0xe0d4</load_address>
         <run_address>0xe0d4</run_address>
         <size>0x203</size>
         <input_file_ref idref="fl-1e"/>
      </object_component>
      <object_component id="oc-1ee">
         <name>.debug_info</name>
         <load_address>0xe2d7</load_address>
         <run_address>0xe2d7</run_address>
         <size>0x201</size>
         <input_file_ref idref="fl-1e"/>
      </object_component>
      <object_component id="oc-2f8">
         <name>.debug_info</name>
         <load_address>0xe4d8</load_address>
         <run_address>0xe4d8</run_address>
         <size>0x396</size>
         <input_file_ref idref="fl-1f"/>
      </object_component>
      <object_component id="oc-2fa">
         <name>.debug_info</name>
         <load_address>0xe86e</load_address>
         <run_address>0xe86e</run_address>
         <size>0x116</size>
         <input_file_ref idref="fl-1f"/>
      </object_component>
      <object_component id="oc-2ec">
         <name>.debug_info</name>
         <load_address>0xe984</load_address>
         <run_address>0xe984</run_address>
         <size>0x220</size>
         <input_file_ref idref="fl-1f"/>
      </object_component>
      <object_component id="oc-2f2">
         <name>.debug_info</name>
         <load_address>0xeba4</load_address>
         <run_address>0xeba4</run_address>
         <size>0x283</size>
         <input_file_ref idref="fl-1f"/>
      </object_component>
      <object_component id="oc-230">
         <name>.debug_info</name>
         <load_address>0xee27</load_address>
         <run_address>0xee27</run_address>
         <size>0x1ff</size>
         <input_file_ref idref="fl-1f"/>
      </object_component>
      <object_component id="oc-236">
         <name>.debug_info</name>
         <load_address>0xf026</load_address>
         <run_address>0xf026</run_address>
         <size>0x1ed</size>
         <input_file_ref idref="fl-1f"/>
      </object_component>
      <object_component id="oc-358">
         <name>.debug_info</name>
         <load_address>0xf213</load_address>
         <run_address>0xf213</run_address>
         <size>0x369</size>
         <input_file_ref idref="fl-20"/>
      </object_component>
      <object_component id="oc-35a">
         <name>.debug_info</name>
         <load_address>0xf57c</load_address>
         <run_address>0xf57c</run_address>
         <size>0x10d</size>
         <input_file_ref idref="fl-20"/>
      </object_component>
      <object_component id="oc-355">
         <name>.debug_info</name>
         <load_address>0xf689</load_address>
         <run_address>0xf689</run_address>
         <size>0x112</size>
         <input_file_ref idref="fl-20"/>
      </object_component>
      <object_component id="oc-2bf">
         <name>.debug_info</name>
         <load_address>0xf79b</load_address>
         <run_address>0xf79b</run_address>
         <size>0x22e</size>
         <input_file_ref idref="fl-20"/>
      </object_component>
      <object_component id="oc-2c5">
         <name>.debug_info</name>
         <load_address>0xf9c9</load_address>
         <run_address>0xf9c9</run_address>
         <size>0x1d5</size>
         <input_file_ref idref="fl-20"/>
      </object_component>
      <object_component id="oc-1e4">
         <name>.debug_info</name>
         <load_address>0xfb9e</load_address>
         <run_address>0xfb9e</run_address>
         <size>0x3f3</size>
         <input_file_ref idref="fl-22"/>
      </object_component>
      <object_component id="oc-2fe">
         <name>.debug_info</name>
         <load_address>0xff91</load_address>
         <run_address>0xff91</run_address>
         <size>0x108</size>
         <input_file_ref idref="fl-22"/>
      </object_component>
      <object_component id="oc-1f9">
         <name>.debug_info</name>
         <load_address>0x10099</load_address>
         <run_address>0x10099</run_address>
         <size>0x1ec</size>
         <input_file_ref idref="fl-22"/>
      </object_component>
      <object_component id="oc-1f3">
         <name>.debug_info</name>
         <load_address>0x10285</load_address>
         <run_address>0x10285</run_address>
         <size>0x1ea</size>
         <input_file_ref idref="fl-22"/>
      </object_component>
      <object_component id="oc-146">
         <name>.debug_info</name>
         <load_address>0x1046f</load_address>
         <run_address>0x1046f</run_address>
         <size>0x248</size>
         <input_file_ref idref="fl-22"/>
      </object_component>
      <object_component id="oc-23d">
         <name>.debug_info</name>
         <load_address>0x106b7</load_address>
         <run_address>0x106b7</run_address>
         <size>0x222</size>
         <input_file_ref idref="fl-22"/>
      </object_component>
      <object_component id="oc-2a4">
         <name>.debug_info</name>
         <load_address>0x108d9</load_address>
         <run_address>0x108d9</run_address>
         <size>0x51</size>
         <input_file_ref idref="fl-22"/>
      </object_component>
      <object_component id="oc-308">
         <name>.debug_info</name>
         <load_address>0x1092a</load_address>
         <run_address>0x1092a</run_address>
         <size>0x37d</size>
         <input_file_ref idref="fl-24"/>
      </object_component>
      <object_component id="oc-248">
         <name>.debug_info</name>
         <load_address>0x10ca7</load_address>
         <run_address>0x10ca7</run_address>
         <size>0x1bc</size>
         <input_file_ref idref="fl-24"/>
      </object_component>
      <object_component id="oc-24e">
         <name>.debug_info</name>
         <load_address>0x10e63</load_address>
         <run_address>0x10e63</run_address>
         <size>0x1b4</size>
         <input_file_ref idref="fl-24"/>
      </object_component>
      <object_component id="oc-302">
         <name>.debug_info</name>
         <load_address>0x11017</load_address>
         <run_address>0x11017</run_address>
         <size>0x1b6</size>
         <input_file_ref idref="fl-24"/>
      </object_component>
      <object_component id="oc-242">
         <name>.debug_info</name>
         <load_address>0x111cd</load_address>
         <run_address>0x111cd</run_address>
         <size>0x293</size>
         <input_file_ref idref="fl-24"/>
      </object_component>
      <object_component id="oc-254">
         <name>.debug_info</name>
         <load_address>0x11460</load_address>
         <run_address>0x11460</run_address>
         <size>0x1e0</size>
         <input_file_ref idref="fl-24"/>
      </object_component>
      <object_component id="oc-48">
         <name>.debug_info</name>
         <load_address>0x11640</load_address>
         <run_address>0x11640</run_address>
         <size>0x118</size>
         <input_file_ref idref="fl-db"/>
      </object_component>
      <object_component id="oc-2cc">
         <name>.debug_info</name>
         <load_address>0x11758</load_address>
         <run_address>0x11758</run_address>
         <size>0x141</size>
         <input_file_ref idref="fl-dc"/>
      </object_component>
      <object_component id="oc-bc">
         <name>.debug_info</name>
         <load_address>0x11899</load_address>
         <run_address>0x11899</run_address>
         <size>0x146</size>
         <input_file_ref idref="fl-dd"/>
      </object_component>
      <object_component id="oc-b9">
         <name>.debug_info</name>
         <load_address>0x119df</load_address>
         <run_address>0x119df</run_address>
         <size>0x2d3</size>
         <input_file_ref idref="fl-de"/>
      </object_component>
      <object_component id="oc-59">
         <name>.debug_info</name>
         <load_address>0x11cb2</load_address>
         <run_address>0x11cb2</run_address>
         <size>0x1b4</size>
         <input_file_ref idref="fl-de"/>
      </object_component>
      <object_component id="oc-b4">
         <name>.debug_info</name>
         <load_address>0x11e66</load_address>
         <run_address>0x11e66</run_address>
         <size>0x46</size>
         <input_file_ref idref="fl-de"/>
      </object_component>
      <object_component id="oc-51">
         <name>.debug_info</name>
         <load_address>0x11eac</load_address>
         <run_address>0x11eac</run_address>
         <size>0x2a7</size>
         <input_file_ref idref="fl-df"/>
      </object_component>
      <object_component id="oc-19">
         <name>.debug_info</name>
         <load_address>0x12153</load_address>
         <run_address>0x12153</run_address>
         <size>0x1e9</size>
         <input_file_ref idref="fl-df"/>
      </object_component>
      <object_component id="oc-4c">
         <name>.debug_info</name>
         <load_address>0x1233c</load_address>
         <run_address>0x1233c</run_address>
         <size>0x46</size>
         <input_file_ref idref="fl-df"/>
      </object_component>
      <object_component id="oc-ac">
         <name>.debug_info</name>
         <load_address>0x12382</load_address>
         <run_address>0x12382</run_address>
         <size>0x2c</size>
         <input_file_ref idref="fl-df"/>
      </object_component>
      <object_component id="oc-aa">
         <name>.debug_info</name>
         <load_address>0x123ae</load_address>
         <run_address>0x123ae</run_address>
         <size>0x29d</size>
         <input_file_ref idref="fl-e0"/>
      </object_component>
      <object_component id="oc-16">
         <name>.debug_info</name>
         <load_address>0x1264b</load_address>
         <run_address>0x1264b</run_address>
         <size>0x24f</size>
         <input_file_ref idref="fl-e0"/>
      </object_component>
      <object_component id="oc-3c">
         <name>.debug_info</name>
         <load_address>0x1289a</load_address>
         <run_address>0x1289a</run_address>
         <size>0x60</size>
         <input_file_ref idref="fl-e0"/>
      </object_component>
      <object_component id="oc-134">
         <name>.debug_info</name>
         <load_address>0x128fa</load_address>
         <run_address>0x128fa</run_address>
         <size>0x46</size>
         <input_file_ref idref="fl-e0"/>
      </object_component>
      <object_component id="oc-a5">
         <name>.debug_info</name>
         <load_address>0x12940</load_address>
         <run_address>0x12940</run_address>
         <size>0x39</size>
         <input_file_ref idref="fl-e0"/>
      </object_component>
      <object_component id="oc-78">
         <name>.debug_info</name>
         <load_address>0x12979</load_address>
         <run_address>0x12979</run_address>
         <size>0x3b1</size>
         <input_file_ref idref="fl-e1"/>
      </object_component>
      <object_component id="oc-22">
         <name>.debug_info</name>
         <load_address>0x12d2a</load_address>
         <run_address>0x12d2a</run_address>
         <size>0x10b</size>
         <input_file_ref idref="fl-e1"/>
      </object_component>
      <object_component id="oc-381">
         <name>.debug_info</name>
         <load_address>0x12e35</load_address>
         <run_address>0x12e35</run_address>
         <size>0x13e</size>
         <input_file_ref idref="fl-e1"/>
      </object_component>
      <object_component id="oc-311">
         <name>.debug_info</name>
         <load_address>0x12f73</load_address>
         <run_address>0x12f73</run_address>
         <size>0x167</size>
         <input_file_ref idref="fl-e1"/>
      </object_component>
      <object_component id="oc-316">
         <name>.debug_info</name>
         <load_address>0x130da</load_address>
         <run_address>0x130da</run_address>
         <size>0x18d</size>
         <input_file_ref idref="fl-e1"/>
      </object_component>
      <object_component id="oc-31e">
         <name>.debug_info</name>
         <load_address>0x13267</load_address>
         <run_address>0x13267</run_address>
         <size>0x19e</size>
         <input_file_ref idref="fl-e1"/>
      </object_component>
      <object_component id="oc-264">
         <name>.debug_info</name>
         <load_address>0x13405</load_address>
         <run_address>0x13405</run_address>
         <size>0x202</size>
         <input_file_ref idref="fl-e1"/>
      </object_component>
      <object_component id="oc-39c">
         <name>.debug_info</name>
         <load_address>0x13607</load_address>
         <run_address>0x13607</run_address>
         <size>0x1da</size>
         <input_file_ref idref="fl-e1"/>
      </object_component>
      <object_component id="oc-25e">
         <name>.debug_info</name>
         <load_address>0x137e1</load_address>
         <run_address>0x137e1</run_address>
         <size>0x1a4</size>
         <input_file_ref idref="fl-e1"/>
      </object_component>
      <object_component id="oc-37a">
         <name>.debug_info</name>
         <load_address>0x13985</load_address>
         <run_address>0x13985</run_address>
         <size>0x298</size>
         <input_file_ref idref="fl-e1"/>
      </object_component>
      <object_component id="oc-df">
         <name>.debug_info</name>
         <load_address>0x13c1d</load_address>
         <run_address>0x13c1d</run_address>
         <size>0xb2</size>
         <input_file_ref idref="fl-e1"/>
      </object_component>
      <object_component id="oc-da">
         <name>.debug_info</name>
         <load_address>0x13ccf</load_address>
         <run_address>0x13ccf</run_address>
         <size>0x2c</size>
         <input_file_ref idref="fl-e1"/>
      </object_component>
      <object_component id="oc-25">
         <name>.debug_info</name>
         <load_address>0x13cfb</load_address>
         <run_address>0x13cfb</run_address>
         <size>0x10a</size>
         <input_file_ref idref="fl-e2"/>
      </object_component>
      <object_component id="oc-67">
         <name>.debug_info</name>
         <load_address>0x13e05</load_address>
         <run_address>0x13e05</run_address>
         <size>0x1a8</size>
         <input_file_ref idref="fl-e2"/>
      </object_component>
      <object_component id="oc-35f">
         <name>.debug_info</name>
         <load_address>0x13fad</load_address>
         <run_address>0x13fad</run_address>
         <size>0x114</size>
         <input_file_ref idref="fl-e3"/>
      </object_component>
      <object_component id="oc-274">
         <name>.debug_info</name>
         <load_address>0x140c1</load_address>
         <run_address>0x140c1</run_address>
         <size>0x4b2</size>
         <input_file_ref idref="fl-e4"/>
      </object_component>
      <object_component id="oc-16a">
         <name>.debug_info</name>
         <load_address>0x14573</load_address>
         <run_address>0x14573</run_address>
         <size>0x1a5</size>
         <input_file_ref idref="fl-e4"/>
      </object_component>
      <object_component id="oc-334">
         <name>.debug_info</name>
         <load_address>0x14718</load_address>
         <run_address>0x14718</run_address>
         <size>0x39</size>
         <input_file_ref idref="fl-e4"/>
      </object_component>
      <object_component id="oc-388">
         <name>.debug_info</name>
         <load_address>0x14751</load_address>
         <run_address>0x14751</run_address>
         <size>0x39</size>
         <input_file_ref idref="fl-e4"/>
      </object_component>
      <object_component id="oc-339">
         <name>.debug_info</name>
         <load_address>0x1478a</load_address>
         <run_address>0x1478a</run_address>
         <size>0x39</size>
         <input_file_ref idref="fl-e4"/>
      </object_component>
      <object_component id="oc-33e">
         <name>.debug_info</name>
         <load_address>0x147c3</load_address>
         <run_address>0x147c3</run_address>
         <size>0xcd</size>
         <input_file_ref idref="fl-e4"/>
      </object_component>
      <object_component id="oc-c1">
         <name>.debug_info</name>
         <load_address>0x14890</load_address>
         <run_address>0x14890</run_address>
         <size>0x152</size>
         <input_file_ref idref="fl-e5"/>
      </object_component>
      <object_component id="oc-15f">
         <name>.debug_info</name>
         <load_address>0x149e2</load_address>
         <run_address>0x149e2</run_address>
         <size>0x121</size>
         <input_file_ref idref="fl-e7"/>
      </object_component>
      <object_component id="oc-32e">
         <name>.debug_info</name>
         <load_address>0x14b03</load_address>
         <run_address>0x14b03</run_address>
         <size>0x2c8</size>
         <input_file_ref idref="fl-e8"/>
      </object_component>
      <object_component id="oc-26e">
         <name>.debug_info</name>
         <load_address>0x14dcb</load_address>
         <run_address>0x14dcb</run_address>
         <size>0x11d</size>
         <input_file_ref idref="fl-e8"/>
      </object_component>
      <object_component id="oc-327">
         <name>.debug_info</name>
         <load_address>0x14ee8</load_address>
         <run_address>0x14ee8</run_address>
         <size>0x12d</size>
         <input_file_ref idref="fl-e8"/>
      </object_component>
      <object_component id="oc-3d3">
         <name>.debug_info</name>
         <load_address>0x15015</load_address>
         <run_address>0x15015</run_address>
         <size>0xa2</size>
      </object_component>
      <object_component id="oc-1d2">
         <name>.debug_line</name>
         <load_address>0x0</load_address>
         <run_address>0x0</run_address>
         <size>0x139</size>
         <input_file_ref idref="fl-2"/>
      </object_component>
      <object_component id="oc-2ea">
         <name>.debug_line</name>
         <load_address>0x139</load_address>
         <run_address>0x139</run_address>
         <size>0x31</size>
         <input_file_ref idref="fl-2"/>
      </object_component>
      <object_component id="oc-2e8">
         <name>.debug_line</name>
         <load_address>0x16a</load_address>
         <run_address>0x16a</run_address>
         <size>0x31</size>
         <input_file_ref idref="fl-2"/>
      </object_component>
      <object_component id="oc-14b">
         <name>.debug_line</name>
         <load_address>0x19b</load_address>
         <run_address>0x19b</run_address>
         <size>0x136</size>
         <input_file_ref idref="fl-2"/>
      </object_component>
      <object_component id="oc-11c">
         <name>.debug_line</name>
         <load_address>0x2d1</load_address>
         <run_address>0x2d1</run_address>
         <size>0x68</size>
         <input_file_ref idref="fl-2"/>
      </object_component>
      <object_component id="oc-1d6">
         <name>.debug_line</name>
         <load_address>0x339</load_address>
         <run_address>0x339</run_address>
         <size>0x31</size>
         <input_file_ref idref="fl-2"/>
      </object_component>
      <object_component id="oc-9e">
         <name>.debug_line</name>
         <load_address>0x36a</load_address>
         <run_address>0x36a</run_address>
         <size>0x6f</size>
         <input_file_ref idref="fl-2"/>
      </object_component>
      <object_component id="oc-1a5">
         <name>.debug_line</name>
         <load_address>0x3d9</load_address>
         <run_address>0x3d9</run_address>
         <size>0x6b</size>
         <input_file_ref idref="fl-2"/>
      </object_component>
      <object_component id="oc-1af">
         <name>.debug_line</name>
         <load_address>0x444</load_address>
         <run_address>0x444</run_address>
         <size>0x31</size>
         <input_file_ref idref="fl-2"/>
      </object_component>
      <object_component id="oc-1db">
         <name>.debug_line</name>
         <load_address>0x475</load_address>
         <run_address>0x475</run_address>
         <size>0x69</size>
         <input_file_ref idref="fl-2"/>
      </object_component>
      <object_component id="oc-2a0">
         <name>.debug_line</name>
         <load_address>0x4de</load_address>
         <run_address>0x4de</run_address>
         <size>0x6a</size>
         <input_file_ref idref="fl-2"/>
      </object_component>
      <object_component id="oc-12d">
         <name>.debug_line</name>
         <load_address>0x548</load_address>
         <run_address>0x548</run_address>
         <size>0x20</size>
         <input_file_ref idref="fl-2"/>
      </object_component>
      <object_component id="oc-92">
         <name>.debug_line</name>
         <load_address>0x568</load_address>
         <run_address>0x568</run_address>
         <size>0x6c</size>
         <input_file_ref idref="fl-2"/>
      </object_component>
      <object_component id="oc-132">
         <name>.debug_line</name>
         <load_address>0x5d4</load_address>
         <run_address>0x5d4</run_address>
         <size>0x73</size>
         <input_file_ref idref="fl-2"/>
      </object_component>
      <object_component id="oc-2ab">
         <name>.debug_line</name>
         <load_address>0x647</load_address>
         <run_address>0x647</run_address>
         <size>0x6f</size>
         <input_file_ref idref="fl-2"/>
      </object_component>
      <object_component id="oc-a3">
         <name>.debug_line</name>
         <load_address>0x6b6</load_address>
         <run_address>0x6b6</run_address>
         <size>0x70</size>
         <input_file_ref idref="fl-2"/>
      </object_component>
      <object_component id="oc-97">
         <name>.debug_line</name>
         <load_address>0x726</load_address>
         <run_address>0x726</run_address>
         <size>0x7b</size>
         <input_file_ref idref="fl-2"/>
      </object_component>
      <object_component id="oc-2e5">
         <name>.debug_line</name>
         <load_address>0x7a1</load_address>
         <run_address>0x7a1</run_address>
         <size>0x6b</size>
         <input_file_ref idref="fl-2"/>
      </object_component>
      <object_component id="oc-1e0">
         <name>.debug_line</name>
         <load_address>0x80c</load_address>
         <run_address>0x80c</run_address>
         <size>0x72</size>
         <input_file_ref idref="fl-2"/>
      </object_component>
      <object_component id="oc-121">
         <name>.debug_line</name>
         <load_address>0x87e</load_address>
         <run_address>0x87e</run_address>
         <size>0x68</size>
         <input_file_ref idref="fl-2"/>
      </object_component>
      <object_component id="oc-323">
         <name>.debug_line</name>
         <load_address>0x8e6</load_address>
         <run_address>0x8e6</run_address>
         <size>0x6b</size>
         <input_file_ref idref="fl-3"/>
      </object_component>
      <object_component id="oc-157">
         <name>.debug_line</name>
         <load_address>0x951</load_address>
         <run_address>0x951</run_address>
         <size>0xa8</size>
         <input_file_ref idref="fl-3"/>
      </object_component>
      <object_component id="oc-44">
         <name>.debug_line</name>
         <load_address>0x9f9</load_address>
         <run_address>0x9f9</run_address>
         <size>0x20</size>
         <input_file_ref idref="fl-3"/>
      </object_component>
      <object_component id="oc-29c">
         <name>.debug_line</name>
         <load_address>0xa19</load_address>
         <run_address>0xa19</run_address>
         <size>0xdc</size>
         <input_file_ref idref="fl-4"/>
      </object_component>
      <object_component id="oc-c8">
         <name>.debug_line</name>
         <load_address>0xaf5</load_address>
         <run_address>0xaf5</run_address>
         <size>0x58</size>
         <input_file_ref idref="fl-4"/>
      </object_component>
      <object_component id="oc-126">
         <name>.debug_line</name>
         <load_address>0xb4d</load_address>
         <run_address>0xb4d</run_address>
         <size>0x31</size>
         <input_file_ref idref="fl-4"/>
      </object_component>
      <object_component id="oc-117">
         <name>.debug_line</name>
         <load_address>0xb7e</load_address>
         <run_address>0xb7e</run_address>
         <size>0x6b</size>
         <input_file_ref idref="fl-4"/>
      </object_component>
      <object_component id="oc-9a">
         <name>.debug_line</name>
         <load_address>0xbe9</load_address>
         <run_address>0xbe9</run_address>
         <size>0x41</size>
         <input_file_ref idref="fl-5"/>
      </object_component>
      <object_component id="oc-39">
         <name>.debug_line</name>
         <load_address>0xc2a</load_address>
         <run_address>0xc2a</run_address>
         <size>0x41</size>
         <input_file_ref idref="fl-5"/>
      </object_component>
      <object_component id="oc-28">
         <name>.debug_line</name>
         <load_address>0xc6b</load_address>
         <run_address>0xc6b</run_address>
         <size>0xa1</size>
         <input_file_ref idref="fl-5"/>
      </object_component>
      <object_component id="oc-30d">
         <name>.debug_line</name>
         <load_address>0xd0c</load_address>
         <run_address>0xd0c</run_address>
         <size>0xc4</size>
         <input_file_ref idref="fl-6"/>
      </object_component>
      <object_component id="oc-155">
         <name>.debug_line</name>
         <load_address>0xdd0</load_address>
         <run_address>0xdd0</run_address>
         <size>0x6a</size>
         <input_file_ref idref="fl-6"/>
      </object_component>
      <object_component id="oc-2e0">
         <name>.debug_line</name>
         <load_address>0xe3a</load_address>
         <run_address>0xe3a</run_address>
         <size>0x69</size>
         <input_file_ref idref="fl-6"/>
      </object_component>
      <object_component id="oc-36d">
         <name>.debug_line</name>
         <load_address>0xea3</load_address>
         <run_address>0xea3</run_address>
         <size>0x20</size>
         <input_file_ref idref="fl-7"/>
      </object_component>
      <object_component id="oc-365">
         <name>.debug_line</name>
         <load_address>0xec3</load_address>
         <run_address>0xec3</run_address>
         <size>0x30</size>
         <input_file_ref idref="fl-7"/>
      </object_component>
[...]
         <name>ustrcmp</name>
         <value>0x1f79</value>
         <object_component_ref idref="oc-221"/>
      </symbol>
      <symbol id="sm-20d">
         <name>usprintf</name>
         <value>0x17c3</value>
         <object_component_ref idref="oc-221"/>
      </symbol>
      <symbol id="sm-20e">
         <name>usnprintf</name>
         <value>0x17f5</value>
         <object_component_ref idref="oc-221"/>
      </symbol>
      <symbol id="sm-20f">
         <name>ustrtoul</name>
         <value>0x1a99</value>
         <object_component_ref idref="oc-221"/>
      </symbol>
      <symbol id="sm-210">
         <name>ustrcasecmp</name>
         <value>0x1f05</value>
         <object_component_ref idref="oc-221"/>
      </symbol>
      <symbol id="sm-211">
         <name>umktime</name>
         <value>0x1a23</value>
         <object_component_ref idref="oc-221"/>
      </symbol>
      <symbol id="sm-212">
         <name>usrand</name>
         <value>0x1f8d</value>
         <object_component_ref idref="oc-221"/>
      </symbol>
      <symbol id="sm-213">
         <name>ustrncmp</name>
         <value>0x1f19</value>
         <object_component_ref idref="oc-221"/>
      </symbol>
      <symbol id="sm-214">
         <name>urand</name>
         <value>0x1f9d</value>
         <object_component_ref idref="oc-221"/>
      </symbol>
      <symbol id="sm-23e">
         <name>uxListRemove</name>
         <value>0x26cd</value>
         <object_component_ref idref="oc-f4"/>
      </symbol>
      <symbol id="sm-23f">
         <name>vListInsert</name>
         <value>0x2667</value>
         <object_component_ref idref="oc-f4"/>
      </symbol>
      <symbol id="sm-240">
         <name>vListInitialiseItem</name>
         <value>0x261b</value>
         <object_component_ref idref="oc-f4"/>
      </symbol>
      <symbol id="sm-241">
         <name>vListInsertEnd</name>
         <value>0x262b</value>
         <object_component_ref idref="oc-f4"/>
      </symbol>
      <symbol id="sm-242">
         <name>vListInitialise</name>
         <value>0x25eb</value>
         <object_component_ref idref="oc-f4"/>
      </symbol>
      <symbol id="sm-3c1">
         <name>vTaskDelay</name>
         <value>0x501</value>
         <object_component_ref idref="oc-83"/>
      </symbol>
      <symbol id="sm-3c2">
         <name>vTaskSuspendAll</name>
         <value>0x7d5</value>
         <object_component_ref idref="oc-83"/>
      </symbol>
      <symbol id="sm-3c3">
         <name>vTaskPlaceOnEventList</name>
         <value>0xad7</value>
         <object_component_ref idref="oc-83"/>
      </symbol>
      <symbol id="sm-3c4">
         <name>ulTaskNotifyTake</name>
         <value>0xe0d</value>
         <object_component_ref idref="oc-83"/>
      </symbol>
      <symbol id="sm-3c5">
         <name>pcTaskGetName</name>
         <value>0x8f9</value>
         <object_component_ref idref="oc-83"/>
      </symbol>
      <symbol id="sm-3c6">
         <name>xTaskCheckForTimeOut</name>
         <value>0xc51</value>
         <object_component_ref idref="oc-83"/>
      </symbol>
      <symbol id="sm-3c7">
         <name>vTaskRemoveFromUnorderedEventList</name>
         <value>0xba5</value>
         <object_component_ref idref="oc-83"/>
      </symbol>
      <symbol id="sm-3c8">
         <name>vTaskStartScheduler</name>
         <value>0x76f</value>
         <object_component_ref idref="oc-83"/>
      </symbol>
      <symbol id="sm-3c9">
         <name>vTaskInternalSetTimeOutState</name>
         <value>0xc2d</value>
         <object_component_ref idref="oc-83"/>
      </symbol>
      <symbol id="sm-3ca">
         <name>xTaskNotifyStateClear</name>
         <value>0x1205</value>
         <object_component_ref idref="oc-83"/>
      </symbol>
      <symbol id="sm-3cb">
         <name>xTaskGenericNotify</name>
         <value>0xf61</value>
         <object_component_ref idref="oc-83"/>
      </symbol>
      <symbol id="sm-3cc">
         <name>xTaskCreate</name>
         <value>0x26d</value>
         <object_component_ref idref="oc-83"/>
      </symbol>
      <symbol id="sm-3cd">
         <name>vTaskEndScheduler</name>
         <value>0x7b9</value>
         <object_component_ref idref="oc-83"/>
      </symbol>
      <symbol id="sm-3ce">
         <name>xTaskNotifyWait</name>
         <value>0xe8d</value>
         <object_component_ref idref="oc-83"/>
      </symbol>
      <symbol id="sm-3cf">
         <name>vTaskMissedYield</name>
         <value>0xcd5</value>
         <object_component_ref idref="oc-83"/>
      </symbol>
      <symbol id="sm-3d0">
         <name>uxTaskGetNumberOfTasks</name>
         <value>0x8ed</value>
         <object_component_ref idref="oc-83"/>
      </symbol>
      <symbol id="sm-3d1">
         <name>xTaskCatchUpTicks</name>
         <value>0x915</value>
         <object_component_ref idref="oc-83"/>
      </symbol>
      <symbol id="sm-3d2">
         <name>xTaskGenericNotifyFromISR</name>
         <value>0x104d</value>
         <object_component_ref idref="oc-83"/>
      </symbol>
      <symbol id="sm-3d3">
         <name>xTaskResumeAll</name>
         <value>0x7e5</value>
         <object_component_ref idref="oc-83"/>
      </symbol>
      <symbol id="sm-3d4">
         <name>xTaskGetTickCount</name>
         <value>0x8c9</value>
         <object_component_ref idref="oc-83"/>
      </symbol>
      <symbol id="sm-3d5">
         <name>ulTaskNotifyValueClear</name>
         <value>0x123f</value>
         <object_component_ref idref="oc-83"/>
      </symbol>
      <symbol id="sm-3d6">
         <name>vTaskDelete</name>
         <value>0x453</value>
         <object_component_ref idref="oc-83"/>
      </symbol>
      <symbol id="sm-3d7">
         <name>pxCurrentTCB</name>
         <value>0x200045a0</value>
         <object_component_ref idref="oc-7d"/>
      </symbol>
      <symbol id="sm-3d8">
         <name>vTaskNotifyGiveFromISR</name>
         <value>0x1159</value>
         <object_component_ref idref="oc-83"/>
      </symbol>
      <symbol id="sm-3d9">
         <name>vTaskSuspend</name>
         <value>0x537</value>
         <object_component_ref idref="oc-83"/>
      </symbol>
      <symbol id="sm-3da">
         <name>xTaskGetTickCountFromISR</name>
         <value>0x8d9</value>
         <object_component_ref idref="oc-83"/>
      </symbol>
      <symbol id="sm-3db">
         <name>vTaskResume</name>
         <value>0x651</value>
         <object_component_ref idref="oc-83"/>
      </symbol>
      <symbol id="sm-3dc">
         <name>vTaskSetTimeOutState</name>
         <value>0xc07</value>
         <object_component_ref idref="oc-83"/>
      </symbol>
      <symbol id="sm-3dd">
         <name>xTaskIncrementTick</name>
         <value>0x955</value>
         <object_component_ref idref="oc-83"/>
      </symbol>
      <symbol id="sm-3de">
         <name>vTaskSwitchContext</name>
         <value>0xa75</value>
         <object_component_ref idref="oc-83"/>
      </symbol>
      <symbol id="sm-3df">
         <name>uxTaskResetEventItemValue</name>
         <value>0xde1</value>
         <object_component_ref idref="oc-83"/>
      </symbol>
      <symbol id="sm-3e0">
         <name>xTaskResumeFromISR</name>
         <value>0x6e9</value>
         <object_component_ref idref="oc-83"/>
      </symbol>
      <symbol id="sm-3e1">
         <name>vTaskPlaceOnUnorderedEventList</name>
         <value>0xafd</value>
         <object_component_ref idref="oc-83"/>
      </symbol>
      <symbol id="sm-3e2">
         <name>xTaskRemoveFromEventList</name>
         <value>0xb27</value>
         <object_component_ref idref="oc-83"/>
      </symbol>
      <symbol id="sm-413">
         <name>ulMaxSyscallInterruptPriority</name>
         <value>0x360c</value>
         <object_component_ref idref="oc-80"/>
      </symbol>
      <symbol id="sm-414">
         <name>vPortSetupTimerInterrupt</name>
         <value>0x247b</value>
         <object_component_ref idref="oc-32"/>
      </symbol>
      <symbol id="sm-415">
         <name>vPortEndScheduler</name>
         <value>0x241d</value>
         <object_component_ref idref="oc-32"/>
      </symbol>
      <symbol id="sm-416">
         <name>xPortSysTickHandler</name>
         <value>0x2455</value>
         <object_component_ref idref="oc-32"/>
      </symbol>
      <symbol id="sm-417">
         <name>pxPortInitialiseStack</name>
         <value>0x237d</value>
         <object_component_ref idref="oc-32"/>
      </symbol>
      <symbol id="sm-418">
         <name>vPortExitCritical</name>
         <value>0x243f</value>
         <object_component_ref idref="oc-32"/>
      </symbol>
      <symbol id="sm-419">
         <name>xPortStartScheduler</name>
         <value>0x23e7</value>
         <object_component_ref idref="oc-32"/>
      </symbol>
      <symbol id="sm-41a">
         <name>vPortEnterCritical</name>
         <value>0x241f</value>
         <object_component_ref idref="oc-32"/>
      </symbol>
      <symbol id="sm-429">
         <name>vPortStartFirstTask</name>
         <value>0x2bc5</value>
         <object_component_ref idref="oc-2d"/>
      </symbol>
      <symbol id="sm-42a">
         <name>ulPortGetIPSR</name>
         <value>0x2b2d</value>
         <object_component_ref idref="oc-2d"/>
      </symbol>
      <symbol id="sm-42b">
         <name>vPortEnableVFP</name>
         <value>0x2be9</value>
         <object_component_ref idref="oc-2d"/>
      </symbol>
      <symbol id="sm-42c">
         <name>xPortPendSVHandler</name>
         <value>0x2b45</value>
         <object_component_ref idref="oc-2d"/>
      </symbol>
      <symbol id="sm-42d">
         <name>vPortSVCHandler</name>
         <value>0x2ba5</value>
         <object_component_ref idref="oc-2d"/>
      </symbol>
      <symbol id="sm-474">
         <name>vPortInitialiseBlocks</name>
         <value>0x2321</value>
         <object_component_ref idref="oc-ee"/>
      </symbol>
      <symbol id="sm-475">
         <name>xPortGetFreeHeapSize</name>
         <value>0x231b</value>
         <object_component_ref idref="oc-ee"/>
      </symbol>
      <symbol id="sm-476">
         <name>pvPortMalloc</name>
         <value>0x21c5</value>
         <object_component_ref idref="oc-ee"/>
      </symbol>
      <symbol id="sm-477">
         <name>vPortFree</name>
         <value>0x22bd</value>
         <object_component_ref idref="oc-ee"/>
      </symbol>
      <symbol id="sm-4dc">
         <name>ADCProcessorTrigger</name>
         <value>0x33e5</value>
         <object_component_ref idref="oc-21b"/>
      </symbol>
      <symbol id="sm-4dd">
         <name>ADCSequenceEnable</name>
         <value>0x3437</value>
         <object_component_ref idref="oc-209"/>
      </symbol>
      <symbol id="sm-4de">
         <name>ADCSequenceConfigure</name>
         <value>0x30a9</value>
         <object_component_ref idref="oc-1fd"/>
      </symbol>
      <symbol id="sm-4df">
         <name>ADCIntEnable</name>
         <value>0x3427</value>
         <object_component_ref idref="oc-215"/>
      </symbol>
      <symbol id="sm-4e0">
         <name>ADCSequenceStepConfigure</name>
         <value>0x2d4b</value>
         <object_component_ref idref="oc-203"/>
      </symbol>
      <symbol id="sm-4e1">
         <name>ADCIntClear</name>
         <value>0x346b</value>
         <object_component_ref idref="oc-1eb"/>
      </symbol>
      <symbol id="sm-4e2">
         <name>ADCIntRegister</name>
         <value>0x33cd</value>
         <object_component_ref idref="oc-20f"/>
      </symbol>
      <symbol id="sm-4e3">
         <name>ADCSequenceDataGet</name>
         <value>0x3391</value>
         <object_component_ref idref="oc-1e5"/>
      </symbol>
      <symbol id="sm-516">
         <name>GPIOPinConfigure</name>
         <value>0x30f9</value>
         <object_component_ref idref="oc-235"/>
      </symbol>
      <symbol id="sm-517">
         <name>GPIOPinTypeUART</name>
         <value>0x33fd</value>
         <object_component_ref idref="oc-22f"/>
      </symbol>
      <symbol id="sm-518">
         <name>GPIODirModeSet</name>
         <value>0x331d</value>
         <object_component_ref idref="oc-2eb"/>
      </symbol>
      <symbol id="sm-519">
         <name>GPIOPadConfigSet</name>
         <value>0x24b9</value>
         <object_component_ref idref="oc-2f1"/>
      </symbol>
      <symbol id="sm-54a">
         <name>IntEnable</name>
         <value>0x2f25</value>
         <object_component_ref idref="oc-2c1"/>
      </symbol>
      <symbol id="sm-54b">
         <name>IntRegister</name>
         <value>0x3281</value>
         <object_component_ref idref="oc-2bb"/>
      </symbol>
      <symbol id="sm-54c">
         <name>g_pfnRAMVectors</name>
         <value>0x20000000</value>
         <object_component_ref idref="oc-354"/>
      </symbol>
      <symbol id="sm-5ab">
         <name>SysCtlClockSet</name>
         <value>0x2945</value>
         <object_component_ref idref="oc-144"/>
      </symbol>
      <symbol id="sm-5ac">
         <name>SysCtlDelay</name>
         <value>0x3491</value>
         <object_component_ref idref="oc-1e2"/>
      </symbol>
      <symbol id="sm-5ad">
         <name>SysCtlPeripheralEnable</name>
         <value>0x32b5</value>
         <object_component_ref idref="oc-1f1"/>
      </symbol>
      <symbol id="sm-5ae">
         <name>SysCtlClockGet</name>
         <value>0x2715</value>
         <object_component_ref idref="oc-23b"/>
      </symbol>
      <symbol id="sm-5af">
         <name>SysCtlPeripheralReady</name>
         <value>0x3211</value>
         <object_component_ref idref="oc-1f7"/>
      </symbol>
      <symbol id="sm-5e2">
         <name>UARTConfigSetExpClk</name>
         <value>0x3145</value>
         <object_component_ref idref="oc-241"/>
      </symbol>
      <symbol id="sm-5e3">
         <name>UARTDisable</name>
         <value>0x3371</value>
         <object_component_ref idref="oc-301"/>
      </symbol>
      <symbol id="sm-5e4">
         <name>UARTCharPut</name>
         <value>0x3475</value>
         <object_component_ref idref="oc-253"/>
      </symbol>
      <symbol id="sm-5e5">
         <name>UARTEnable</name>
         <value>0x3413</value>
         <object_component_ref idref="oc-24d"/>
      </symbol>
      <symbol id="sm-5e6">
         <name>UARTFIFOEnable</name>
         <value>0x347f</value>
         <object_component_ref idref="oc-247"/>
      </symbol>
      <symbol id="sm-602">
         <name>memcpy</name>
         <value>0x2caf</value>
         <object_component_ref idref="oc-46"/>
      </symbol>
      <symbol id="sm-603">
         <name>__aeabi_memcpy</name>
         <value>0x2caf</value>
         <object_component_ref idref="oc-46"/>
      </symbol>
      <symbol id="sm-604">
         <name>__aeabi_memcpy8</name>
         <value>0x2caf</value>
         <object_component_ref idref="oc-46"/>
      </symbol>
      <symbol id="sm-605">
         <name>__aeabi_memcpy4</name>
         <value>0x2caf</value>
         <object_component_ref idref="oc-46"/>
      </symbol>
      <symbol id="sm-614">
         <name>__aeabi_uidivmod</name>
         <value>0x31d1</value>
         <object_component_ref idref="oc-2ca"/>
      </symbol>
      <symbol id="sm-615">
         <name>__aeabi_uidiv</name>
         <value>0x31d1</value>
         <object_component_ref idref="oc-2ca"/>
      </symbol>
      <symbol id="sm-624">
         <name>__aeabi_memset</name>
         <value>0x2dc7</value>
         <object_component_ref idref="oc-ba"/>
      </symbol>
      <symbol id="sm-625">
         <name>memset</name>
         <value>0x2dcd</value>
         <object_component_ref idref="oc-ba"/>
      </symbol>
      <symbol id="sm-626">
         <name>__aeabi_memset8</name>
         <value>0x2dc7</value>
         <object_component_ref idref="oc-ba"/>
      </symbol>
      <symbol id="sm-627">
         <name>__aeabi_memset4</name>
         <value>0x2dc7</value>
         <object_component_ref idref="oc-ba"/>
      </symbol>
      <symbol id="sm-628">
         <name>__aeabi_memclr8</name>
         <value>0x2dc5</value>
         <object_component_ref idref="oc-ba"/>
      </symbol>
      <symbol id="sm-629">
         <name>__aeabi_memclr4</name>
         <value>0x2dc5</value>
         <object_component_ref idref="oc-ba"/>
      </symbol>
      <symbol id="sm-62a">
         <name>__aeabi_memclr</name>
         <value>0x2dc5</value>
         <object_component_ref idref="oc-ba"/>
      </symbol>
      <symbol id="sm-63c">
         <name>__TI_zero_init</name>
         <value>0x3453</value>
         <object_component_ref idref="oc-58"/>
      </symbol>
      <symbol id="sm-653">
         <name>__TI_decompress_none</name>
         <value>0x3445</value>
         <object_component_ref idref="oc-18"/>
      </symbol>
      <symbol id="sm-676">
         <name>__TI_decompress_lzss</name>
         <value>0x2f8d</value>
         <object_component_ref idref="oc-12"/>
      </symbol>
      <symbol id="sm-70b">
         <name>_sys_memory</name>
         <value>0x200023a0</value>
         <object_component_ref idref="oc-21"/>
      </symbol>
      <symbol id="sm-70c">
         <name>free</name>
         <value>0x2a39</value>
         <object_component_ref idref="oc-261"/>
      </symbol>
      <symbol id="sm-70d">
         <name>memalign</name>
         <value>0x282d</value>
         <object_component_ref idref="oc-379"/>
      </symbol>
      <symbol id="sm-70e">
         <name>calloc</name>
         <value>0x3249</value>
         <object_component_ref idref="oc-25b"/>
      </symbol>
      <symbol id="sm-70f">
         <name>malloc</name>
         <value>0x3489</value>
         <object_component_ref idref="oc-30e"/>
      </symbol>
      <symbol id="sm-710">
         <name>aligned_alloc</name>
         <value>0x282d</value>
         <object_component_ref idref="oc-379"/>
      </symbol>
      <symbol id="sm-723">
         <name>__stack</name>
         <value>0x200043a0</value>
         <object_component_ref idref="oc-24"/>
      </symbol>
      <symbol id="sm-724">
         <name>_c_int00_noargs</name>
         <value>0x32e9</value>
         <object_component_ref idref="oc-64"/>
      </symbol>
      <symbol id="sm-72e">
         <name>__aeabi_idiv0</name>
         <value>0x30f7</value>
         <object_component_ref idref="oc-35d"/>
      </symbol>
      <symbol id="sm-72f">
         <name>__aeabi_ldiv0</name>
         <value>0x30f7</value>
         <object_component_ref idref="oc-35d"/>
      </symbol>
      <symbol id="sm-757">
         <name>__TI_auto_init_nobinit_nopinit</name>
         <value>0x318d</value>
         <object_component_ref idref="oc-169"/>
      </symbol>
      <symbol id="sm-761">
         <name>_system_pre_init</name>
         <value>0x3497</value>
         <object_component_ref idref="oc-c0"/>
      </symbol>
      <symbol id="sm-76d">
         <name>C$$EXIT</name>
         <value>0x349b</value>
         <object_component_ref idref="oc-15d"/>
      </symbol>
      <symbol id="sm-76e">
         <name>abort</name>
         <value>0x349b</value>
         <object_component_ref idref="oc-15d"/>
      </symbol>
      <symbol id="sm-783">
         <name>_nop</name>
         <value>0x2e3f</value>
         <object_component_ref idref="oc-326"/>
      </symbol>
      <symbol id="sm-784">
         <name>_lock</name>
         <value>0x200045e0</value>
         <object_component_ref idref="oc-26d"/>
      </symbol>
      <symbol id="sm-785">
         <name>_unlock</name>
         <value>0x200045e4</value>
         <object_component_ref idref="oc-26d"/>
      </symbol>
      <symbol id="sm-787">
         <name>__TI_static_base__</name>
         <value>0x0</value>
      </symbol>
      <symbol id="sm-78a">
         <name>__mpu_init</name>
         <value>0x0</value>
      </symbol>
      <symbol id="sm-78b">
         <name>_system_post_cinit</name>
         <value>0x0</value>
      </symbol>
   </symbol_table>
   <title>Link successful</title>
</link_info>
