******************************************************************************
                  TI ARM Linker PC v18.12.4                    
******************************************************************************
>> Linked Sat Aug  1 22:24:55 2020

OUTPUT FILE NAME:   <Helicopter.out>
ENTRY POINT SYMBOL: "_c_int00_noargs"  address: 00002575


MEMORY CONFIGURATION

         name            origin    length      used     unused   attr    fill
----------------------  --------  ---------  --------  --------  ----  --------
  FLASH                 00000000   00040000  00002662  0003d99e  R  X
  SRAM                  20000000   00008000  0000792c  000006d4  RW X


SEGMENT ALLOCATION MAP

run origin  load origin   length   init length attrs members
----------  ----------- ---------- ----------- ----- -------
00000000    00000000    00002668   00002668    r-x
  00000000    00000000    0000026c   0000026c    r-- .intvecs
  0000026c    0000026c    000023ba   000023ba    r-x .text
  00002628    00002628    00000004   00000004    r-- .const
  00002630    00002630    00000038   00000038    r-- .cinit
20000000    20000000    00007930   00000000    rw-
  20000000    20000000    000076ec   00000000    rw- .bss
  200076f0    200076f0    00000200   00000000    rw- .stack
  200078f0    200078f0    00000040   00000000    rw- .data


SECTION ALLOCATION MAP

 output                                  attributes/
section   page    origin      length       input sections
--------  ----  ----------  ----------   ----------------
.intvecs   0    00000000    0000026c     
                  00000000    0000026c     tm4c123gh6pm_startup_ccs.obj (.intvecs)

.text      0    0000026c    000023ba     
                  0000026c    0000190c     tasks.obj (.text)
                  00001b78    000001b8     heap_2.obj (.text)
                  00001d30    0000013c     port.obj (.text)
                  00001e6c    00000132     driverlib.lib : gpio.obj (.text:GPIOPadConfigSet)
                  00001f9e    0000012a     list.obj (.text)
                  000020c8    000000f4     driverlib.lib : sysctl.obj (.text:SysCtlClockSet)
                  000021bc    000000da     portasm.obj (.text)
                  00002296    00000002     --HOLE-- [fill = 0]
                  00002298    000000ac     main.obj (.text)
                  00002344    0000009c     rtsv7M4_T_le_v4SPD16_eabi.lib : memcpy_t2.asm.obj (.text)
                  000023e0    0000007a                                   : memset_t2.asm.obj (.text)
                  0000245a    00000068                                   : copy_decompress_lzss.c.obj (.text:decompress:lzss:__TI_decompress_lzss)
                  000024c2    00000002     --HOLE-- [fill = 0]
                  000024c4    00000044                                   : autoinit.c.obj (.text:__TI_auto_init_nobinit_nopinit:__TI_auto_init_nobinit_nopinit)
                  00002508    00000038     driverlib.lib : sysctl.obj (.text:SysCtlPeripheralReady)
                  00002540    00000034                   : sysctl.obj (.text:SysCtlPeripheralEnable)
                  00002574    00000034     rtsv7M4_T_le_v4SPD16_eabi.lib : boot_cortex_m.c.obj (.text:_c_int00_noargs:_c_int00_noargs)
                  000025a8    0000002c     driverlib.lib : gpio.obj (.text:GPIODirModeSet)
                  000025d4    00000018                   : gpio.obj (.text:GPIOPinTypeGPIOOutput)
                  000025ec    0000000e     rtsv7M4_T_le_v4SPD16_eabi.lib : copy_decompress_none.c.obj (.text:decompress:none:__TI_decompress_none)
                  000025fa    0000000c                                   : copy_zero_init.c.obj (.text:decompress:ZI:__TI_zero_init)
                  00002606    0000000c     tm4c123gh6pm_startup_ccs.obj (.text)
                  00002612    00000006     driverlib.lib : gpio.obj (.text:GPIOPinWrite)
                  00002618    00000006                   : sysctl.obj (.text:SysCtlDelay)
                  0000261e    00000004     rtsv7M4_T_le_v4SPD16_eabi.lib : pre_init.c.obj (.text:_system_pre_init)
                  00002622    00000004                                   : exit.c.obj (.text:abort:abort)

.const     0    00002628    00000004     
                  00002628    00000004     port.obj (.const)

.cinit     0    00002630    00000038     
                  00002630    0000000f     (.cinit..data.load) [load image, compression = lzss]
                  0000263f    00000001     --HOLE-- [fill = 0]
                  00002640    0000000c     (__TI_handler_table)
                  0000264c    00000004     --HOLE-- [fill = 0]
                  00002650    00000008     (.cinit..bss.load) [load image, compression = zero_init]
                  00002658    00000010     (__TI_cinit_table)

.init_array 
*          0    00000000    00000000     UNINITIALIZED

.bss       0    20000000    000076ec     UNINITIALIZED
                  20000000    00007530     heap_2.obj (.bss:ucHeap)
                  20007530    00000140     tasks.obj (.bss:pxReadyTasksLists)
                  20007670    00000014     tasks.obj (.bss:xDelayedTaskList1)
                  20007684    00000014     tasks.obj (.bss:xDelayedTaskList2)
                  20007698    00000014     tasks.obj (.bss:xPendingReadyList)
                  200076ac    00000014     tasks.obj (.bss:xSuspendedTaskList)
                  200076c0    00000014     tasks.obj (.bss:xTasksWaitingTermination)
                  200076d4    00000008     tasks.obj (.bss)
                  200076dc    00000008     heap_2.obj (.bss:xEnd)
                  200076e4    00000008     heap_2.obj (.bss:xStart)

.data      0    200078f0    00000040     UNINITIALIZED
                  200078f0    00000034     tasks.obj (.data)
                  20007924    00000008     heap_2.obj (.data)
                  2000792c    00000004     port.obj (.data)

.stack     0    200076f0    00000200     UNINITIALIZED
                  200076f0    00000004     rtsv7M4_T_le_v4SPD16_eabi.lib : boot_cortex_m.c.obj (.stack)
                  200076f4    000001fc     --HOLE--

MODULE SUMMARY

       Module                         code   ro data   rw data
       ------                         ----   -------   -------
    .\
       tm4c123gh6pm_startup_ccs.obj   12     620       0      
       main.obj                       172    0         0      
    +--+------------------------------+------+---------+---------+
       Total:                         184    620       0      
                                                              
    .\FreeRTOS\Source\
       tasks.obj                      6412   0         480    
       list.obj                       298    0         0      
    +--+------------------------------+------+---------+---------+
       Total:                         6710   0         480    
                                                              
    .\FreeRTOS\Source\portable\CCS\ARM_CM4F\
       port.obj                       316    4         4      
       portasm.obj                    218    0         0      
    +--+------------------------------+------+---------+---------+
       Total:                         534    4         4      
                                                              
    .\FreeRTOS\Source\portable\MemMang\
       heap_2.obj                     440    0         30024  
    +--+------------------------------+------+---------+---------+
       Total:                         440    0         30024  
                                                              
    C:/ti/TivaWare_C_Series-2.1.4.178/driverlib/ccs/Debug/driverlib.lib
       gpio.obj                       380    0         0      
       sysctl.obj                     358    0         0      
    +--+------------------------------+------+---------+---------+
       Total:                         738    0         0      
                                                              
    C:\ti\ccs920\ccs\tools\compiler\ti-cgt-arm_18.12.4.LTS\lib\rtsv7M4_T_le_v4SPD16_eabi.lib
       memcpy_t2.asm.obj              156    0         0      
       memset_t2.asm.obj              122    0         0      
       copy_decompress_lzss.c.obj     104    0         0      
       autoinit.c.obj                 68     0         0      
       boot_cortex_m.c.obj            52     0         0      
       copy_decompress_none.c.obj     14     0         0      
       copy_zero_init.c.obj           12     0         0      
       exit.c.obj                     4      0         0      
       pre_init.c.obj                 4      0         0      
    +--+------------------------------+------+---------+---------+
       Total:                         536    0         0      
                                                              
       Stack:                         0      0         512    
       Linker Generated:              0      51        0      
    +--+------------------------------+------+---------+---------+
       Grand Total:                   9142   675       31020  


LINKER GENERATED COPY TABLES

__TI_cinit_table @ 00002658 records: 2, size/record: 8, table size: 16
	.data: load addr=00002630, load size=0000000f bytes, run addr=200078f0, run size=00000040 bytes, compression=lzss
	.bss: load addr=00002650, load size=00000008 bytes, run addr=20000000, run size=000076ec bytes, compression=zero_init


LINKER GENERATED HANDLER TABLE

__TI_handler_table @ 00002640 records: 3, size/record: 4, table size: 12
	index: 0, handler: __TI_decompress_lzss
	index: 1, handler: __TI_decompress_none
	index: 2, handler: __TI_zero_init


GLOBAL SYMBOLS: SORTED ALPHABETICALLY BY Name 

address   name                               
-------   ----                               
000022ef  BlinkLED                           
00002623  C$$EXIT                            
000025a9  GPIODirModeSet                     
00001e6d  GPIOPadConfigSet                   
000025d5  GPIOPinTypeGPIOOutput              
00002613  GPIOPinWrite                       
00002607  ResetISR                           
000020c9  SysCtlClockSet                     
00002619  SysCtlDelay                        
00002541  SysCtlPeripheralEnable             
00002509  SysCtlPeripheralReady              
200078f0  __STACK_END                        
00000200  __STACK_SIZE                       
200078f0  __STACK_TOP                        
00002658  __TI_CINIT_Base                    
00002668  __TI_CINIT_Limit                   
00002640  __TI_Handler_Table_Base            
0000264c  __TI_Handler_Table_Limit           
000024c5  __TI_auto_init_nobinit_nopinit     
0000245b  __TI_decompress_lzss               
000025ed  __TI_decompress_none               
ffffffff  __TI_pprof_out_hndl                
ffffffff  __TI_prof_data_size                
ffffffff  __TI_prof_data_start               
00000000  __TI_static_base__                 
000025fb  __TI_zero_init                     
000023e1  __aeabi_memclr                     
000023e1  __aeabi_memclr4                    
000023e1  __aeabi_memclr8                    
00002345  __aeabi_memcpy                     
00002345  __aeabi_memcpy4                    
00002345  __aeabi_memcpy8                    
000023e3  __aeabi_memset                     
000023e3  __aeabi_memset4                    
000023e3  __aeabi_memset8                    
ffffffff  __binit__                          
ffffffff  __c_args__                         
UNDEFED   __mpu_init                         
200076f0  __stack                            
00002575  _c_int00_noargs                    
UNDEFED   _system_post_cinit                 
0000261f  _system_pre_init                   
00002623  abort                              
ffffffff  binit                              
000005f1  eTaskGetState                      
00000000  g_pfnVectors                       
00002299  main                               
00002345  memcpy                             
000023e9  memset                             
00000bdb  pcTaskGetName                      
00001b79  pvPortMalloc                       
0000165d  pvTaskIncrementMutexHeldCount      
200078f0  pxCurrentTCB                       
00001d31  pxPortInitialiseStack              
00002628  ulMaxSyscallInterruptPriority      
000021cd  ulPortGetIPSR                      
00001675  ulTaskNotifyTake                   
00001a7b  ulTaskNotifyValueClear             
00002081  uxListRemove                       
00000bd5  uxTaskGetNumberOfTasks             
0000135d  uxTaskGetStackHighWaterMark        
00000c01  uxTaskGetSystemState               
000010f1  uxTaskGetTaskNumber                
000006a1  uxTaskPriorityGet                  
000006cd  uxTaskPriorityGetFromISR           
00001635  uxTaskResetEventItemValue          
UNDEFED   vApplicationStackOverflowHook      
00001f9f  vListInitialise                    
00001fcf  vListInitialiseItem                
0000201b  vListInsert                        
00001fdf  vListInsertEnd                     
00002289  vPortEnableVFP                     
00001dd1  vPortEndScheduler                  
00001dd3  vPortEnterCritical                 
00001df3  vPortExitCritical                  
00001c71  vPortFree                          
00001cd5  vPortInitialiseBlocks              
00002245  vPortSVCHandler                    
00001e2f  vPortSetupTimerInterrupt           
00002265  vPortStartFirstTask                
000005b3  vTaskDelay                         
00000523  vTaskDelayUntil                    
00000475  vTaskDelete                        
00000a99  vTaskEndScheduler                  
000011cd  vTaskGetInfo                       
0000103b  vTaskInternalSetTimeOutState       
000010e3  vTaskMissedYield                   
00001995  vTaskNotifyGiveFromISR             
00000ed7  vTaskPlaceOnEventList              
00000ef9  vTaskPlaceOnUnorderedEventList     
00001575  vTaskPriorityDisinheritAfterTimeout
00000715  vTaskPrioritySet                   
00000fb1  vTaskRemoveFromUnorderedEventList  
00000941  vTaskResume                        
00001111  vTaskSetTaskNumber                 
0000101d  vTaskSetTimeOutState               
00000a49  vTaskStartScheduler                
0000082d  vTaskSuspend                       
00000ab5  vTaskSuspendAll                    
00000e35  vTaskSwitchContext                 
00001ccf  xPortGetFreeHeapSize               
000021e5  xPortPendSVHandler                 
00001d9b  xPortStartScheduler                
00001e09  xPortSysTickHandler                
00000cd3  xTaskCatchUpTicks                  
00001065  xTaskCheckForTimeOut               
0000026d  xTaskCreate                        
0000179d  xTaskGenericNotify                 
00001889  xTaskGenericNotifyFromISR          
000013d5  xTaskGetCurrentTaskHandle          
00000bab  xTaskGetTickCount                  
00000bc1  xTaskGetTickCountFromISR           
00000d21  xTaskIncrementTick                 
00001a41  xTaskNotifyStateClear              
000016f5  xTaskNotifyWait                    
000014d7  xTaskPriorityDisinherit            
00001409  xTaskPriorityInherit               
00000f31  xTaskRemoveFromEventList           
00000ac9  xTaskResumeAll                     
000009bb  xTaskResumeFromISR                 


GLOBAL SYMBOLS: SORTED BY Symbol Address 

address   name                               
-------   ----                               
00000000  __TI_static_base__                 
00000000  g_pfnVectors                       
00000200  __STACK_SIZE                       
0000026d  xTaskCreate                        
00000475  vTaskDelete                        
00000523  vTaskDelayUntil                    
000005b3  vTaskDelay                         
000005f1  eTaskGetState                      
000006a1  uxTaskPriorityGet                  
000006cd  uxTaskPriorityGetFromISR           
00000715  vTaskPrioritySet                   
0000082d  vTaskSuspend                       
00000941  vTaskResume                        
000009bb  xTaskResumeFromISR                 
00000a49  vTaskStartScheduler                
00000a99  vTaskEndScheduler                  
00000ab5  vTaskSuspendAll                    
00000ac9  xTaskResumeAll                     
00000bab  xTaskGetTickCount                  
00000bc1  xTaskGetTickCountFromISR           
00000bd5  uxTaskGetNumberOfTasks             
00000bdb  pcTaskGetName                      
00000c01  uxTaskGetSystemState               
00000cd3  xTaskCatchUpTicks                  
00000d21  xTaskIncrementTick                 
00000e35  vTaskSwitchContext                 
00000ed7  vTaskPlaceOnEventList              
00000ef9  vTaskPlaceOnUnorderedEventList     
00000f31  xTaskRemoveFromEventList           
00000fb1  vTaskRemoveFromUnorderedEventList  
0000101d  vTaskSetTimeOutState               
0000103b  vTaskInternalSetTimeOutState       
00001065  xTaskCheckForTimeOut               
000010e3  vTaskMissedYield                   
000010f1  uxTaskGetTaskNumber                
00001111  vTaskSetTaskNumber                 
000011cd  vTaskGetInfo                       
0000135d  uxTaskGetStackHighWaterMark        
000013d5  xTaskGetCurrentTaskHandle          
00001409  xTaskPriorityInherit               
000014d7  xTaskPriorityDisinherit            
00001575  vTaskPriorityDisinheritAfterTimeout
00001635  uxTaskResetEventItemValue          
0000165d  pvTaskIncrementMutexHeldCount      
00001675  ulTaskNotifyTake                   
000016f5  xTaskNotifyWait                    
0000179d  xTaskGenericNotify                 
00001889  xTaskGenericNotifyFromISR          
00001995  vTaskNotifyGiveFromISR             
00001a41  xTaskNotifyStateClear              
00001a7b  ulTaskNotifyValueClear             
00001b79  pvPortMalloc                       
00001c71  vPortFree                          
00001ccf  xPortGetFreeHeapSize               
00001cd5  vPortInitialiseBlocks              
00001d31  pxPortInitialiseStack              
00001d9b  xPortStartScheduler                
00001dd1  vPortEndScheduler                  
00001dd3  vPortEnterCritical                 
00001df3  vPortExitCritical                  
00001e09  xPortSysTickHandler                
00001e2f  vPortSetupTimerInterrupt           
00001e6d  GPIOPadConfigSet                   
00001f9f  vListInitialise                    
00001fcf  vListInitialiseItem                
00001fdf  vListInsertEnd                     
0000201b  vListInsert                        
00002081  uxListRemove                       
000020c9  SysCtlClockSet                     
000021cd  ulPortGetIPSR                      
000021e5  xPortPendSVHandler                 
00002245  vPortSVCHandler                    
00002265  vPortStartFirstTask                
00002289  vPortEnableVFP                     
00002299  main                               
000022ef  BlinkLED                           
00002345  __aeabi_memcpy                     
00002345  __aeabi_memcpy4                    
00002345  __aeabi_memcpy8                    
00002345  memcpy                             
000023e1  __aeabi_memclr                     
000023e1  __aeabi_memclr4                    
000023e1  __aeabi_memclr8                    
000023e3  __aeabi_memset                     
000023e3  __aeabi_memset4                    
000023e3  __aeabi_memset8                    
000023e9  memset                             
0000245b  __TI_decompress_lzss               
000024c5  __TI_auto_init_nobinit_nopinit     
00002509  SysCtlPeripheralReady              
00002541  SysCtlPeripheralEnable             
00002575  _c_int00_noargs                    
000025a9  GPIODirModeSet                     
000025d5  GPIOPinTypeGPIOOutput              
000025ed  __TI_decompress_none               
000025fb  __TI_zero_init                     
00002607  ResetISR                           
00002613  GPIOPinWrite                       
00002619  SysCtlDelay                        
0000261f  _system_pre_init                   
00002623  C$$EXIT                            
00002623  abort                              
00002628  ulMaxSyscallInterruptPriority      
00002640  __TI_Handler_Table_Base            
0000264c  __TI_Handler_Table_Limit           
00002658  __TI_CINIT_Base                    
00002668  __TI_CINIT_Limit                   
200076f0  __stack                            
200078f0  __STACK_END                        
200078f0  __STACK_TOP                        
200078f0  pxCurrentTCB                       
ffffffff  __TI_pprof_out_hndl                
ffffffff  __TI_prof_data_size                
ffffffff  __TI_prof_data_start               
ffffffff  __binit__                          
ffffffff  __c_args__                         
ffffffff  binit                              
UNDEFED   __mpu_init                         
UNDEFED   _system_post_cinit                 
UNDEFED   vApplicationStackOverflowHook      

[120 symbols]
