<?xml version="1.0" encoding="ISO-8859-1" ?>
<link_info>
   <banner>TI ARM Linker PC v18.12.4.LTS</banner>
   <copyright>Copyright (c) 1996-2018 Texas Instruments Incorporated</copyright>
   <link_time>0x5f2542f7</link_time>
   <link_errors>0x1</link_errors>
   <output_file>Helicopter.out</output_file>
   <entry_point>
      <name>_c_int00_noargs</name>
      <address>0x2575</address>
   </entry_point>
   <input_file_list>
      <input_file id="fl-2">
         <path>.\</path>
         <kind>object</kind>
         <file>main.obj</file>
         <name>main.obj</name>
      </input_file>
      <input_file id="fl-3">
         <path>.\</path>
         <kind>object</kind>
         <file>tm4c123gh6pm_startup_ccs.obj</file>
         <name>tm4c123gh6pm_startup_ccs.obj</name>
      </input_file>
      <input_file id="fl-4">
         <path>.\FreeRTOS\Source\</path>
         <kind>object</kind>
         <file>croutine.obj</file>
         <name>croutine.obj</name>
      </input_file>
      <input_file id="fl-5">
         <path>.\FreeRTOS\Source\</path>
         <kind>object</kind>
         <file>event_groups.obj</file>
         <name>event_groups.obj</name>
      </input_file>
      <input_file id="fl-6">
         <path>.\FreeRTOS\Source\</path>
         <kind>object</kind>
         <file>list.obj</file>
         <name>list.obj</name>
      </input_file>
      <input_file id="fl-7">
         <path>.\FreeRTOS\Source\</path>
         <kind>object</kind>
         <file>queue.obj</file>
         <name>queue.obj</name>
      </input_file>
      <input_file id="fl-8">
         <path>.\FreeRTOS\Source\</path>
         <kind>object</kind>
         <file>stream_buffer.obj</file>
         <name>stream_buffer.obj</name>
      </input_file>
      <input_file id="fl-9">
         <path>.\FreeRTOS\Source\</path>
         <kind>object</kind>
         <file>tasks.obj</file>
         <name>tasks.obj</name>
      </input_file>
      <input_file id="fl-a">
         <path>.\FreeRTOS\Source\</path>
         <kind>object</kind>
         <file>timers.obj</file>
         <name>timers.obj</name>
      </input_file>
      <input_file id="fl-b">
         <path>.\FreeRTOS\Source\portable\CCS\ARM_CM4F\</path>
         <kind>object</kind>
         <file>port.obj</file>
         <name>port.obj</name>
      </input_file>
      <input_file id="fl-c">
         <path>.\FreeRTOS\Source\portable\CCS\ARM_CM4F\</path>
         <kind>object</kind>
         <file>portasm.obj</file>
         <name>portasm.obj</name>
      </input_file>
      <input_file id="fl-d">
         <path>.\FreeRTOS\Source\portable\MemMang\</path>
         <kind>object</kind>
         <file>heap_2.obj</file>
         <name>heap_2.obj</name>
      </input_file>
      <input_file id="fl-12">
         <kind>object</kind>
         <file>&lt;internal&gt;</file>
         <name>&lt;internal&gt;</name>
      </input_file>
      <input_file id="fl-c8">
         <path>C:\ti\ccs920\ccs\tools\compiler\ti-cgt-arm_18.12.4.LTS\lib\</path>
         <kind>archive</kind>
         <file>rtsv7M4_T_le_v4SPD16_eabi.lib</file>
         <name>memcpy_t2.asm.obj</name>
      </input_file>
      <input_file id="fl-c9">
         <path>C:\ti\ccs920\ccs\tools\compiler\ti-cgt-arm_18.12.4.LTS\lib\</path>
         <kind>archive</kind>
         <file>rtsv7M4_T_le_v4SPD16_eabi.lib</file>
         <name>memset_t2.asm.obj</name>
      </input_file>
      <input_file id="fl-ca">
         <path>C:\ti\ccs920\ccs\tools\compiler\ti-cgt-arm_18.12.4.LTS\lib\</path>
         <kind>archive</kind>
         <file>rtsv7M4_T_le_v4SPD16_eabi.lib</file>
         <name>copy_zero_init.c.obj</name>
      </input_file>
      <input_file id="fl-cb">
         <path>C:\ti\ccs920\ccs\tools\compiler\ti-cgt-arm_18.12.4.LTS\lib\</path>
         <kind>archive</kind>
         <file>rtsv7M4_T_le_v4SPD16_eabi.lib</file>
         <name>copy_decompress_none.c.obj</name>
      </input_file>
      <input_file id="fl-cc">
         <path>C:\ti\ccs920\ccs\tools\compiler\ti-cgt-arm_18.12.4.LTS\lib\</path>
         <kind>archive</kind>
         <file>rtsv7M4_T_le_v4SPD16_eabi.lib</file>
         <name>copy_decompress_lzss.c.obj</name>
      </input_file>
      <input_file id="fl-cd">
         <path>C:\ti\ccs920\ccs\tools\compiler\ti-cgt-arm_18.12.4.LTS\lib\</path>
         <kind>archive</kind>
         <file>rtsv7M4_T_le_v4SPD16_eabi.lib</file>
         <name>boot_cortex_m.c.obj</name>
      </input_file>
      <input_file id="fl-ce">
         <path>C:\ti\ccs920\ccs\tools\compiler\ti-cgt-arm_18.12.4.LTS\lib\</path>
         <kind>archive</kind>
         <file>rtsv7M4_T_le_v4SPD16_eabi.lib</file>
         <name>autoinit.c.obj</name>
      </input_file>
      <input_file id="fl-cf">
         <path>C:\ti\ccs920\ccs\tools\compiler\ti-cgt-arm_18.12.4.LTS\lib\</path>
         <kind>archive</kind>
         <file>rtsv7M4_T_le_v4SPD16_eabi.lib</file>
         <name>pre_init.c.obj</name>
      </input_file>
      <input_file id="fl-d0">
         <path>C:\ti\ccs920\ccs\tools\compiler\ti-cgt-arm_18.12.4.LTS\lib\</path>
         <kind>archive</kind>
         <file>rtsv7M4_T_le_v4SPD16_eabi.lib</file>
         <name>cpy_tbl.c.obj</name>
      </input_file>
      <input_file id="fl-d1">
         <path>C:\ti\ccs920\ccs\tools\compiler\ti-cgt-arm_18.12.4.LTS\lib\</path>
         <kind>archive</kind>
         <file>rtsv7M4_T_le_v4SPD16_eabi.lib</file>
         <name>exit.c.obj</name>
      </input_file>
      <input_file id="fl-d2">
         <path>C:\ti\ccs920\ccs\tools\compiler\ti-cgt-arm_18.12.4.LTS\lib\</path>
         <kind>archive</kind>
         <file>rtsv7M4_T_le_v4SPD16_eabi.lib</file>
         <name>_lock.c.obj</name>
      </input_file>
      <input_file id="fl-d3">
         <path>C:\ti\ccs920\ccs\tools\compiler\ti-cgt-arm_18.12.4.LTS\lib\</path>
         <kind>archive</kind>
         <file>rtsv7M4_T_le_v4SPD16_eabi.lib</file>
         <name>args_main.c.obj</name>
      </input_file>
      <input_file id="fl-d4">
         <path>C:\ti\TivaWare_C_Series-2.1.4.178\driverlib\ccs\Debug\</path>
         <kind>archive</kind>
         <file>driverlib.lib</file>
         <name>gpio.obj</name>
      </input_file>
      <input_file id="fl-d5">
         <path>C:\ti\TivaWare_C_Series-2.1.4.178\driverlib\ccs\Debug\</path>
         <kind>archive</kind>
         <file>driverlib.lib</file>
         <name>interrupt.obj</name>
      </input_file>
      <input_file id="fl-d6">
         <path>C:\ti\TivaWare_C_Series-2.1.4.178\driverlib\ccs\Debug\</path>
         <kind>archive</kind>
         <file>driverlib.lib</file>
         <name>sysctl.obj</name>
      </input_file>
      <input_file id="fl-d7">
         <path>C:\ti\TivaWare_C_Series-2.1.4.178\driverlib\ccs\Debug\</path>
         <kind>archive</kind>
         <file>driverlib.lib</file>
         <name>cpu.obj</name>
      </input_file>
   </input_file_list>
   <object_component_list>
      <object_component id="oc-f">
         <name>.intvecs</name>
         <load_address>0x0</load_address>
         <run_address>0x0</run_address>
         <size>0x26c</size>
         <input_file_ref idref="fl-3"/>
      </object_component>
      <object_component id="oc-7c">
         <name>.text</name>
         <load_address>0x26c</load_address>
         <run_address>0x26c</run_address>
         <size>0x190c</size>
         <input_file_ref idref="fl-9"/>
      </object_component>
      <object_component id="oc-db">
         <name>.text</name>
         <load_address>0x1b78</load_address>
         <run_address>0x1b78</run_address>
         <size>0x1b8</size>
         <input_file_ref idref="fl-d"/>
      </object_component>
      <object_component id="oc-2f">
         <name>.text</name>
         <load_address>0x1d30</load_address>
         <run_address>0x1d30</run_address>
         <size>0x13c</size>
         <input_file_ref idref="fl-b"/>
      </object_component>
      <object_component id="oc-148">
         <name>.text:GPIOPadConfigSet</name>
         <load_address>0x1e6c</load_address>
         <run_address>0x1e6c</run_address>
         <size>0x132</size>
         <input_file_ref idref="fl-d4"/>
      </object_component>
      <object_component id="oc-e1">
         <name>.text</name>
         <load_address>0x1f9e</load_address>
         <run_address>0x1f9e</run_address>
         <size>0x12a</size>
         <input_file_ref idref="fl-6"/>
      </object_component>
      <object_component id="oc-130">
         <name>.text:SysCtlClockSet</name>
         <load_address>0x20c8</load_address>
         <run_address>0x20c8</run_address>
         <size>0xf4</size>
         <input_file_ref idref="fl-d6"/>
      </object_component>
      <object_component id="oc-2a">
         <name>.text</name>
         <load_address>0x21bc</load_address>
         <run_address>0x21bc</run_address>
         <size>0xda</size>
         <input_file_ref idref="fl-c"/>
      </object_component>
      <object_component id="oc-bf">
         <name>.text</name>
         <load_address>0x2298</load_address>
         <run_address>0x2298</run_address>
         <size>0xac</size>
         <input_file_ref idref="fl-2"/>
      </object_component>
      <object_component id="oc-43">
         <name>.text</name>
         <load_address>0x2344</load_address>
         <run_address>0x2344</run_address>
         <size>0x9c</size>
         <input_file_ref idref="fl-c8"/>
      </object_component>
      <object_component id="oc-b3">
         <name>.text</name>
         <load_address>0x23e0</load_address>
         <run_address>0x23e0</run_address>
         <size>0x7a</size>
         <input_file_ref idref="fl-c9"/>
      </object_component>
      <object_component id="oc-12">
         <name>.text:decompress:lzss:__TI_decompress_lzss</name>
         <load_address>0x245a</load_address>
         <run_address>0x245a</run_address>
         <size>0x68</size>
         <input_file_ref idref="fl-cc"/>
      </object_component>
      <object_component id="oc-161">
         <name>.text:__TI_auto_init_nobinit_nopinit:__TI_auto_init_nobinit_nopinit</name>
         <load_address>0x24c4</load_address>
         <run_address>0x24c4</run_address>
         <size>0x44</size>
         <input_file_ref idref="fl-ce"/>
      </object_component>
      <object_component id="oc-13c">
         <name>.text:SysCtlPeripheralReady</name>
         <load_address>0x2508</load_address>
         <run_address>0x2508</run_address>
         <size>0x38</size>
         <input_file_ref idref="fl-d6"/>
      </object_component>
      <object_component id="oc-136">
         <name>.text:SysCtlPeripheralEnable</name>
         <load_address>0x2540</load_address>
         <run_address>0x2540</run_address>
         <size>0x34</size>
         <input_file_ref idref="fl-d6"/>
      </object_component>
      <object_component id="oc-61">
         <name>.text:_c_int00_noargs:_c_int00_noargs</name>
         <load_address>0x2574</load_address>
         <run_address>0x2574</run_address>
         <size>0x34</size>
         <input_file_ref idref="fl-cd"/>
      </object_component>
      <object_component id="oc-1ce">
         <name>.text:GPIODirModeSet</name>
         <load_address>0x25a8</load_address>
         <run_address>0x25a8</run_address>
         <size>0x2c</size>
         <input_file_ref idref="fl-d4"/>
      </object_component>
      <object_component id="oc-142">
         <name>.text:GPIOPinTypeGPIOOutput</name>
         <load_address>0x25d4</load_address>
         <run_address>0x25d4</run_address>
         <size>0x18</size>
         <input_file_ref idref="fl-d4"/>
      </object_component>
      <object_component id="oc-18">
         <name>.text:decompress:none:__TI_decompress_none</name>
         <load_address>0x25ec</load_address>
         <run_address>0x25ec</run_address>
         <size>0xe</size>
         <input_file_ref idref="fl-cb"/>
      </object_component>
      <object_component id="oc-55">
         <name>.text:decompress:ZI:__TI_zero_init</name>
         <load_address>0x25fa</load_address>
         <run_address>0x25fa</run_address>
         <size>0xc</size>
         <input_file_ref idref="fl-ca"/>
      </object_component>
      <object_component id="oc-24">
         <name>.text</name>
         <load_address>0x2606</load_address>
         <run_address>0x2606</run_address>
         <size>0xc</size>
         <input_file_ref idref="fl-3"/>
      </object_component>
      <object_component id="oc-14e">
         <name>.text:GPIOPinWrite</name>
         <load_address>0x2612</load_address>
         <run_address>0x2612</run_address>
         <size>0x6</size>
         <input_file_ref idref="fl-d4"/>
      </object_component>
      <object_component id="oc-1c9">
         <name>.text:SysCtlDelay</name>
         <load_address>0x2618</load_address>
         <run_address>0x2618</run_address>
         <size>0x6</size>
         <input_file_ref idref="fl-d6"/>
      </object_component>
      <object_component id="oc-b9">
         <name>.text:_system_pre_init</name>
         <load_address>0x261e</load_address>
         <run_address>0x261e</run_address>
         <size>0x4</size>
         <input_file_ref idref="fl-cf"/>
      </object_component>
      <object_component id="oc-155">
         <name>.text:abort:abort</name>
         <load_address>0x2622</load_address>
         <run_address>0x2622</run_address>
         <size>0x4</size>
         <input_file_ref idref="fl-d1"/>
      </object_component>
      <object_component id="oc-79">
         <name>.const</name>
         <load_address>0x2628</load_address>
         <run_address>0x2628</run_address>
         <size>0x4</size>
         <input_file_ref idref="fl-b"/>
      </object_component>
      <object_component id="oc-27d">
         <name>.cinit..data.load</name>
         <load_address>0x2630</load_address>
         <run_address>0x2630</run_address>
         <size>0xf</size>
      </object_component>
      <object_component id="oc-27b">
         <name>__TI_handler_table</name>
         <load_address>0x2640</load_address>
         <run_address>0x2640</run_address>
         <size>0xc</size>
      </object_component>
      <object_component id="oc-27e">
         <name>.cinit..bss.load</name>
         <load_address>0x2650</load_address>
         <run_address>0x2650</run_address>
         <size>0x8</size>
      </object_component>
      <object_component id="oc-27c">
         <name>__TI_cinit_table</name>
         <load_address>0x2658</load_address>
         <run_address>0x2658</run_address>
         <size>0x10</size>
      </object_component>
      <object_component id="oc-76">
         <name>.data</name>
         <load_address>0x200078f0</load_address>
         <run_address>0x200078f0</run_address>
         <size>0x34</size>
         <input_file_ref idref="fl-9"/>
      </object_component>
      <object_component id="oc-83">
         <name>.data</name>
         <load_address>0x2000792c</load_address>
         <run_address>0x2000792c</run_address>
         <size>0x4</size>
         <input_file_ref idref="fl-b"/>
      </object_component>
      <object_component id="oc-1a9">
         <name>.data</name>
         <load_address>0x20007924</load_address>
         <run_address>0x20007924</run_address>
         <size>0x8</size>
         <input_file_ref idref="fl-d"/>
      </object_component>
      <object_component id="oc-e7">
         <name>.bss:pxReadyTasksLists</name>
         <uninitialized>true</uninitialized>
         <run_address>0x20007530</run_address>
         <size>0x140</size>
         <input_file_ref idref="fl-9"/>
      </object_component>
      <object_component id="oc-f6">
         <name>.bss:xDelayedTaskList1</name>
         <uninitialized>true</uninitialized>
         <run_address>0x20007670</run_address>
         <size>0x14</size>
         <input_file_ref idref="fl-9"/>
      </object_component>
      <object_component id="oc-f9">
         <name>.bss:xDelayedTaskList2</name>
         <uninitialized>true</uninitialized>
         <run_address>0x20007684</run_address>
         <size>0x14</size>
         <input_file_ref idref="fl-9"/>
      </object_component>
      <object_component id="oc-ed">
         <name>.bss</name>
         <uninitialized>true</uninitialized>
         <run_address>0x200076d4</run_address>
         <size>0x8</size>
         <input_file_ref idref="fl-9"/>
      </object_component>
      <object_component id="oc-f3">
         <name>.bss:xPendingReadyList</name>
         <uninitialized>true</uninitialized>
         <run_address>0x20007698</run_address>
         <size>0x14</size>
         <input_file_ref idref="fl-9"/>
      </object_component>
      <object_component id="oc-ea">
         <name>.bss:xTasksWaitingTermination</name>
         <uninitialized>true</uninitialized>
         <run_address>0x200076c0</run_address>
         <size>0x14</size>
         <input_file_ref idref="fl-9"/>
      </object_component>
      <object_component id="oc-f0">
         <name>.bss:xSuspendedTaskList</name>
         <uninitialized>true</uninitialized>
         <run_address>0x200076ac</run_address>
         <size>0x14</size>
         <input_file_ref idref="fl-9"/>
      </object_component>
      <object_component id="oc-1b2">
         <name>.bss:ucHeap</name>
         <uninitialized>true</uninitialized>
         <run_address>0x20000000</run_address>
         <size>0x7530</size>
         <input_file_ref idref="fl-d"/>
      </object_component>
      <object_component id="oc-1ac">
         <name>.bss:xStart</name>
         <uninitialized>true</uninitialized>
         <run_address>0x200076e4</run_address>
         <size>0x8</size>
         <input_file_ref idref="fl-d"/>
      </object_component>
      <object_component id="oc-1af">
         <name>.bss:xEnd</name>
         <uninitialized>true</uninitialized>
         <run_address>0x200076dc</run_address>
         <size>0x8</size>
         <input_file_ref idref="fl-d"/>
      </object_component>
      <object_component id="oc-21">
         <name>.stack</name>
         <uninitialized>true</uninitialized>
         <run_address>0x200076f0</run_address>
         <size>0x4</size>
         <input_file_ref idref="fl-cd"/>
      </object_component>
      <object_component id="oc-27f">
         <name>.stack</name>
         <uninitialized>true</uninitialized>
         <run_address>0x200076f0</run_address>
         <size>0x0</size>
      </object_component>
      <object_component id="oc-115">
         <name>.debug_info</name>
         <load_address>0x0</load_address>
         <run_address>0x0</run_address>
         <size>0x584</size>
         <input_file_ref idref="fl-2"/>
      </object_component>
      <object_component id="oc-c0">
         <name>.debug_info</name>
         <load_address>0x584</load_address>
         <run_address>0x584</run_address>
         <size>0x2b8</size>
         <input_file_ref idref="fl-2"/>
      </object_component>
      <object_component id="oc-106">
         <name>.debug_info</name>
         <load_address>0x83c</load_address>
         <run_address>0x83c</run_address>
         <size>0x315</size>
         <input_file_ref idref="fl-2"/>
      </object_component>
      <object_component id="oc-94">
         <name>.debug_info</name>
         <load_address>0xb51</load_address>
         <run_address>0xb51</run_address>
         <size>0x26b</size>
         <input_file_ref idref="fl-2"/>
      </object_component>
      <object_component id="oc-110">
         <name>.debug_info</name>
         <load_address>0xdbc</load_address>
         <run_address>0xdbc</run_address>
         <size>0x461</size>
         <input_file_ref idref="fl-2"/>
      </object_component>
      <object_component id="oc-116">
         <name>.debug_info</name>
         <load_address>0x121d</load_address>
         <run_address>0x121d</run_address>
         <size>0x8b</size>
         <input_file_ref idref="fl-2"/>
      </object_component>
      <object_component id="oc-88">
         <name>.debug_info</name>
         <load_address>0x12a8</load_address>
         <run_address>0x12a8</run_address>
         <size>0x2c</size>
         <input_file_ref idref="fl-2"/>
      </object_component>
      <object_component id="oc-11b">
         <name>.debug_info</name>
         <load_address>0x12d4</load_address>
         <run_address>0x12d4</run_address>
         <size>0x297</size>
         <input_file_ref idref="fl-2"/>
      </object_component>
      <object_component id="oc-210">
         <name>.debug_info</name>
         <load_address>0x156b</load_address>
         <run_address>0x156b</run_address>
         <size>0xef</size>
         <input_file_ref idref="fl-2"/>
      </object_component>
      <object_component id="oc-99">
         <name>.debug_info</name>
         <load_address>0x165a</load_address>
         <run_address>0x165a</run_address>
         <size>0xbb</size>
         <input_file_ref idref="fl-2"/>
      </object_component>
      <object_component id="oc-101">
         <name>.debug_info</name>
         <load_address>0x1715</load_address>
         <run_address>0x1715</run_address>
         <size>0x53</size>
         <input_file_ref idref="fl-2"/>
      </object_component>
      <object_component id="oc-8d">
         <name>.debug_info</name>
         <load_address>0x1768</load_address>
         <run_address>0x1768</run_address>
         <size>0x53</size>
         <input_file_ref idref="fl-2"/>
      </object_component>
      <object_component id="oc-10b">
         <name>.debug_info</name>
         <load_address>0x17bb</load_address>
         <run_address>0x17bb</run_address>
         <size>0x14c</size>
         <input_file_ref idref="fl-2"/>
      </object_component>
      <object_component id="oc-37">
         <name>.debug_info</name>
         <load_address>0x1907</load_address>
         <run_address>0x1907</run_address>
         <size>0x33b</size>
         <input_file_ref idref="fl-3"/>
      </object_component>
      <object_component id="oc-10">
         <name>.debug_info</name>
         <load_address>0x1c42</load_address>
         <run_address>0x1c42</run_address>
         <size>0xfa</size>
         <input_file_ref idref="fl-3"/>
      </object_component>
      <object_component id="oc-28">
         <name>.debug_info</name>
         <load_address>0x1d3c</load_address>
         <run_address>0x1d3c</run_address>
         <size>0x276</size>
         <input_file_ref idref="fl-3"/>
      </object_component>
      <object_component id="oc-3e">
         <name>.debug_info</name>
         <load_address>0x1fb2</load_address>
         <run_address>0x1fb2</run_address>
         <size>0x84</size>
         <input_file_ref idref="fl-3"/>
      </object_component>
      <object_component id="oc-1f8">
         <name>.debug_info</name>
         <load_address>0x2036</load_address>
         <run_address>0x2036</run_address>
         <size>0x645</size>
         <input_file_ref idref="fl-5"/>
      </object_component>
      <object_component id="oc-19a">
         <name>.debug_info</name>
         <load_address>0x267b</load_address>
         <run_address>0x267b</run_address>
         <size>0x110</size>
         <input_file_ref idref="fl-5"/>
      </object_component>
      <object_component id="oc-1a4">
         <name>.debug_info</name>
         <load_address>0x278b</load_address>
         <run_address>0x278b</run_address>
         <size>0x461</size>
         <input_file_ref idref="fl-5"/>
      </object_component>
      <object_component id="oc-23b">
         <name>.debug_info</name>
         <load_address>0x2bec</load_address>
         <run_address>0x2bec</run_address>
         <size>0x76</size>
         <input_file_ref idref="fl-5"/>
      </object_component>
      <object_component id="oc-240">
         <name>.debug_info</name>
         <load_address>0x2c62</load_address>
         <run_address>0x2c62</run_address>
         <size>0x39</size>
         <input_file_ref idref="fl-5"/>
      </object_component>
      <object_component id="oc-195">
         <name>.debug_info</name>
         <load_address>0x2c9b</load_address>
         <run_address>0x2c9b</run_address>
         <size>0x4f</size>
         <input_file_ref idref="fl-5"/>
      </object_component>
      <object_component id="oc-1b8">
         <name>.debug_info</name>
         <load_address>0x2cea</load_address>
         <run_address>0x2cea</run_address>
         <size>0x377</size>
         <input_file_ref idref="fl-6"/>
      </object_component>
      <object_component id="oc-e2">
         <name>.debug_info</name>
         <load_address>0x3061</load_address>
         <run_address>0x3061</run_address>
         <size>0x503</size>
         <input_file_ref idref="fl-6"/>
      </object_component>
      <object_component id="oc-127">
         <name>.debug_info</name>
         <load_address>0x3564</load_address>
         <run_address>0x3564</run_address>
         <size>0x2c</size>
         <input_file_ref idref="fl-8"/>
      </object_component>
      <object_component id="oc-d3">
         <name>.debug_info</name>
         <load_address>0x3590</load_address>
         <run_address>0x3590</run_address>
         <size>0x7a6</size>
         <input_file_ref idref="fl-9"/>
      </object_component>
      <object_component id="oc-77">
         <name>.debug_info</name>
         <load_address>0x3d36</load_address>
         <run_address>0x3d36</run_address>
         <size>0x358</size>
         <input_file_ref idref="fl-9"/>
      </object_component>
      <object_component id="oc-e8">
         <name>.debug_info</name>
         <load_address>0x408e</load_address>
         <run_address>0x408e</run_address>
         <size>0x101</size>
         <input_file_ref idref="fl-9"/>
      </object_component>
      <object_component id="oc-f7">
         <name>.debug_info</name>
         <load_address>0x418f</load_address>
         <run_address>0x418f</run_address>
         <size>0x101</size>
         <input_file_ref idref="fl-9"/>
      </object_component>
      <object_component id="oc-fa">
         <name>.debug_info</name>
         <load_address>0x4290</load_address>
         <run_address>0x4290</run_address>
         <size>0x101</size>
         <input_file_ref idref="fl-9"/>
      </object_component>
      <object_component id="oc-ee">
         <name>.debug_info</name>
         <load_address>0x4391</load_address>
         <run_address>0x4391</run_address>
         <size>0x144</size>
         <input_file_ref idref="fl-9"/>
      </object_component>
      <object_component id="oc-f4">
         <name>.debug_info</name>
         <load_address>0x44d5</load_address>
         <run_address>0x44d5</run_address>
         <size>0x101</size>
         <input_file_ref idref="fl-9"/>
      </object_component>
      <object_component id="oc-eb">
         <name>.debug_info</name>
         <load_address>0x45d6</load_address>
         <run_address>0x45d6</run_address>
         <size>0x10f</size>
         <input_file_ref idref="fl-9"/>
      </object_component>
      <object_component id="oc-f1">
         <name>.debug_info</name>
         <load_address>0x46e5</load_address>
         <run_address>0x46e5</run_address>
         <size>0x103</size>
         <input_file_ref idref="fl-9"/>
      </object_component>
      <object_component id="oc-7d">
         <name>.debug_info</name>
         <load_address>0x47e8</load_address>
         <run_address>0x47e8</run_address>
         <size>0x4e9b</size>
         <input_file_ref idref="fl-9"/>
      </object_component>
      <object_component id="oc-d4">
         <name>.debug_info</name>
         <load_address>0x9683</load_address>
         <run_address>0x9683</run_address>
         <size>0x30c</size>
         <input_file_ref idref="fl-9"/>
      </object_component>
      <object_component id="oc-19f">
         <name>.debug_info</name>
         <load_address>0x998f</load_address>
         <run_address>0x998f</run_address>
         <size>0x144</size>
         <input_file_ref idref="fl-9"/>
      </object_component>
      <object_component id="oc-87">
         <name>.debug_info</name>
         <load_address>0x9ad3</load_address>
         <run_address>0x9ad3</run_address>
         <size>0x412</size>
         <input_file_ref idref="fl-b"/>
      </object_component>
      <object_component id="oc-7a">
         <name>.debug_info</name>
         <load_address>0x9ee5</load_address>
         <run_address>0x9ee5</run_address>
         <size>0x12e</size>
         <input_file_ref idref="fl-b"/>
      </object_component>
      <object_component id="oc-84">
         <name>.debug_info</name>
         <load_address>0xa013</load_address>
         <run_address>0xa013</run_address>
         <size>0x115</size>
         <input_file_ref idref="fl-b"/>
      </object_component>
      <object_component id="oc-32">
         <name>.debug_info</name>
         <load_address>0xa128</load_address>
         <run_address>0xa128</run_address>
         <size>0x735</size>
         <input_file_ref idref="fl-b"/>
      </object_component>
      <object_component id="oc-2b">
         <name>.debug_info</name>
         <load_address>0xa85d</load_address>
         <run_address>0xa85d</run_address>
         <size>0x263</size>
         <input_file_ref idref="fl-c"/>
      </object_component>
      <object_component id="oc-1b6">
         <name>.debug_info</name>
         <load_address>0xaac0</load_address>
         <run_address>0xaac0</run_address>
         <size>0x421</size>
         <input_file_ref idref="fl-d"/>
      </object_component>
      <object_component id="oc-1b3">
         <name>.debug_info</name>
         <load_address>0xaee1</load_address>
         <run_address>0xaee1</run_address>
         <size>0xfc</size>
         <input_file_ref idref="fl-d"/>
      </object_component>
      <object_component id="oc-1ad">
         <name>.debug_info</name>
         <load_address>0xafdd</load_address>
         <run_address>0xafdd</run_address>
         <size>0xfc</size>
         <input_file_ref idref="fl-d"/>
      </object_component>
      <object_component id="oc-1b0">
         <name>.debug_info</name>
         <load_address>0xb0d9</load_address>
         <run_address>0xb0d9</run_address>
         <size>0xf8</size>
         <input_file_ref idref="fl-d"/>
      </object_component>
      <object_component id="oc-1aa">
         <name>.debug_info</name>
         <load_address>0xb1d1</load_address>
         <run_address>0xb1d1</run_address>
         <size>0x116</size>
         <input_file_ref idref="fl-d"/>
      </object_component>
      <object_component id="oc-dc">
         <name>.debug_info</name>
         <load_address>0xb2e7</load_address>
         <run_address>0xb2e7</run_address>
         <size>0x6bc</size>
         <input_file_ref idref="fl-d"/>
      </object_component>
      <object_component id="oc-1fd">
         <name>.debug_info</name>
         <load_address>0xb9a3</load_address>
         <run_address>0xb9a3</run_address>
         <size>0x62</size>
         <input_file_ref idref="fl-d"/>
      </object_component>
      <object_component id="oc-45">
         <name>.debug_info</name>
         <load_address>0xba05</load_address>
         <run_address>0xba05</run_address>
         <size>0x118</size>
         <input_file_ref idref="fl-c8"/>
      </object_component>
      <object_component id="oc-b4">
         <name>.debug_info</name>
         <load_address>0xbb1d</load_address>
         <run_address>0xbb1d</run_address>
         <size>0x146</size>
         <input_file_ref idref="fl-c9"/>
      </object_component>
      <object_component id="oc-b2">
         <name>.debug_info</name>
         <load_address>0xbc63</load_address>
         <run_address>0xbc63</run_address>
         <size>0x2d3</size>
         <input_file_ref idref="fl-ca"/>
      </object_component>
      <object_component id="oc-57">
         <name>.debug_info</name>
         <load_address>0xbf36</load_address>
         <run_address>0xbf36</run_address>
         <size>0x1b4</size>
         <input_file_ref idref="fl-ca"/>
      </object_component>
      <object_component id="oc-ad">
         <name>.debug_info</name>
         <load_address>0xc0ea</load_address>
         <run_address>0xc0ea</run_address>
         <size>0x46</size>
         <input_file_ref idref="fl-ca"/>
      </object_component>
      <object_component id="oc-4e">
         <name>.debug_info</name>
         <load_address>0xc130</load_address>
         <run_address>0xc130</run_address>
         <size>0x2a7</size>
         <input_file_ref idref="fl-cb"/>
      </object_component>
      <object_component id="oc-1c">
         <name>.debug_info</name>
         <load_address>0xc3d7</load_address>
         <run_address>0xc3d7</run_address>
         <size>0x1e9</size>
         <input_file_ref idref="fl-cb"/>
      </object_component>
      <object_component id="oc-49">
         <name>.debug_info</name>
         <load_address>0xc5c0</load_address>
         <run_address>0xc5c0</run_address>
         <size>0x46</size>
         <input_file_ref idref="fl-cb"/>
      </object_component>
      <object_component id="oc-a5">
         <name>.debug_info</name>
         <load_address>0xc606</load_address>
         <run_address>0xc606</run_address>
         <size>0x2c</size>
         <input_file_ref idref="fl-cb"/>
      </object_component>
      <object_component id="oc-a3">
         <name>.debug_info</name>
         <load_address>0xc632</load_address>
         <run_address>0xc632</run_address>
         <size>0x29d</size>
         <input_file_ref idref="fl-cc"/>
      </object_component>
      <object_component id="oc-14">
         <name>.debug_info</name>
         <load_address>0xc8cf</load_address>
         <run_address>0xc8cf</run_address>
         <size>0x24f</size>
         <input_file_ref idref="fl-cc"/>
      </object_component>
      <object_component id="oc-39">
         <name>.debug_info</name>
         <load_address>0xcb1e</load_address>
         <run_address>0xcb1e</run_address>
         <size>0x60</size>
         <input_file_ref idref="fl-cc"/>
      </object_component>
      <object_component id="oc-120">
         <name>.debug_info</name>
         <load_address>0xcb7e</load_address>
         <run_address>0xcb7e</run_address>
         <size>0x46</size>
         <input_file_ref idref="fl-cc"/>
      </object_component>
      <object_component id="oc-9e">
         <name>.debug_info</name>
         <load_address>0xcbc4</load_address>
         <run_address>0xcbc4</run_address>
         <size>0x39</size>
         <input_file_ref idref="fl-cc"/>
      </object_component>
      <object_component id="oc-22">
         <name>.debug_info</name>
         <load_address>0xcbfd</load_address>
         <run_address>0xcbfd</run_address>
         <size>0x10a</size>
         <input_file_ref idref="fl-cd"/>
      </object_component>
      <object_component id="oc-63">
         <name>.debug_info</name>
         <load_address>0xcd07</load_address>
         <run_address>0xcd07</run_address>
         <size>0x1a8</size>
         <input_file_ref idref="fl-cd"/>
      </object_component>
      <object_component id="oc-1e3">
         <name>.debug_info</name>
         <load_address>0xceaf</load_address>
         <run_address>0xceaf</run_address>
         <size>0x4b2</size>
         <input_file_ref idref="fl-ce"/>
      </object_component>
      <object_component id="oc-165">
         <name>.debug_info</name>
         <load_address>0xd361</load_address>
         <run_address>0xd361</run_address>
         <size>0x1a5</size>
         <input_file_ref idref="fl-ce"/>
      </object_component>
      <object_component id="oc-228">
         <name>.debug_info</name>
         <load_address>0xd506</load_address>
         <run_address>0xd506</run_address>
         <size>0x39</size>
         <input_file_ref idref="fl-ce"/>
      </object_component>
      <object_component id="oc-248">
         <name>.debug_info</name>
         <load_address>0xd53f</load_address>
         <run_address>0xd53f</run_address>
         <size>0x39</size>
         <input_file_ref idref="fl-ce"/>
      </object_component>
      <object_component id="oc-22d">
         <name>.debug_info</name>
         <load_address>0xd578</load_address>
         <run_address>0xd578</run_address>
         <size>0x39</size>
         <input_file_ref idref="fl-ce"/>
      </object_component>
      <object_component id="oc-232">
         <name>.debug_info</name>
         <load_address>0xd5b1</load_address>
         <run_address>0xd5b1</run_address>
         <size>0xcd</size>
         <input_file_ref idref="fl-ce"/>
      </object_component>
      <object_component id="oc-bb">
         <name>.debug_info</name>
         <load_address>0xd67e</load_address>
         <run_address>0xd67e</run_address>
         <size>0x152</size>
         <input_file_ref idref="fl-cf"/>
      </object_component>
      <object_component id="oc-157">
         <name>.debug_info</name>
         <load_address>0xd7d0</load_address>
         <run_address>0xd7d0</run_address>
         <size>0x121</size>
         <input_file_ref idref="fl-d1"/>
      </object_component>
      <object_component id="oc-1d5">
         <name>.debug_info</name>
         <load_address>0xd8f1</load_address>
         <run_address>0xd8f1</run_address>
         <size>0x396</size>
         <input_file_ref idref="fl-d4"/>
      </object_component>
      <object_component id="oc-14f">
         <name>.debug_info</name>
         <load_address>0xdc87</load_address>
         <run_address>0xdc87</run_address>
         <size>0x210</size>
         <input_file_ref idref="fl-d4"/>
      </object_component>
      <object_component id="oc-1cf">
         <name>.debug_info</name>
         <load_address>0xde97</load_address>
         <run_address>0xde97</run_address>
         <size>0x220</size>
         <input_file_ref idref="fl-d4"/>
      </object_component>
      <object_component id="oc-149">
         <name>.debug_info</name>
         <load_address>0xe0b7</load_address>
         <run_address>0xe0b7</run_address>
         <size>0x283</size>
         <input_file_ref idref="fl-d4"/>
      </object_component>
      <object_component id="oc-143">
         <name>.debug_info</name>
         <load_address>0xe33a</load_address>
         <run_address>0xe33a</run_address>
         <size>0x224</size>
         <input_file_ref idref="fl-d4"/>
      </object_component>
      <object_component id="oc-1cb">
         <name>.debug_info</name>
         <load_address>0xe55e</load_address>
         <run_address>0xe55e</run_address>
         <size>0x3f3</size>
         <input_file_ref idref="fl-d6"/>
      </object_component>
      <object_component id="oc-13e">
         <name>.debug_info</name>
         <load_address>0xe951</load_address>
         <run_address>0xe951</run_address>
         <size>0x1ec</size>
         <input_file_ref idref="fl-d6"/>
      </object_component>
      <object_component id="oc-138">
         <name>.debug_info</name>
         <load_address>0xeb3d</load_address>
         <run_address>0xeb3d</run_address>
         <size>0x1ea</size>
         <input_file_ref idref="fl-d6"/>
      </object_component>
      <object_component id="oc-131">
         <name>.debug_info</name>
         <load_address>0xed27</load_address>
         <run_address>0xed27</run_address>
         <size>0x248</size>
         <input_file_ref idref="fl-d6"/>
      </object_component>
      <object_component id="oc-20c">
         <name>.debug_info</name>
         <load_address>0xef6f</load_address>
         <run_address>0xef6f</run_address>
         <size>0x51</size>
         <input_file_ref idref="fl-d6"/>
      </object_component>
      <object_component id="oc-280">
         <name>.debug_info</name>
         <load_address>0xefc0</load_address>
         <run_address>0xefc0</run_address>
         <size>0xad</size>
      </object_component>
      <object_component id="oc-1c8">
         <name>.debug_line</name>
         <load_address>0x0</load_address>
         <run_address>0x0</run_address>
         <size>0xe1</size>
         <input_file_ref idref="fl-2"/>
      </object_component>
      <object_component id="oc-c4">
         <name>.debug_line</name>
         <load_address>0xe1</load_address>
         <run_address>0xe1</run_address>
         <size>0x81</size>
         <input_file_ref idref="fl-2"/>
      </object_component>
      <object_component id="oc-109">
         <name>.debug_line</name>
         <load_address>0x162</load_address>
         <run_address>0x162</run_address>
         <size>0x73</size>
         <input_file_ref idref="fl-2"/>
      </object_component>
      <object_component id="oc-97">
         <name>.debug_line</name>
         <load_address>0x1d5</load_address>
         <run_address>0x1d5</run_address>
         <size>0x6f</size>
         <input_file_ref idref="fl-2"/>
      </object_component>
      <object_component id="oc-113">
         <name>.debug_line</name>
         <load_address>0x244</load_address>
         <run_address>0x244</run_address>
         <size>0x77</size>
         <input_file_ref idref="fl-2"/>
      </object_component>
      <object_component id="oc-119">
         <name>.debug_line</name>
         <load_address>0x2bb</load_address>
         <run_address>0x2bb</run_address>
         <size>0x20</size>
         <input_file_ref idref="fl-2"/>
      </object_component>
      <object_component id="oc-8b">
         <name>.debug_line</name>
         <load_address>0x2db</load_address>
         <run_address>0x2db</run_address>
         <size>0x77</size>
         <input_file_ref idref="fl-2"/>
      </object_component>
      <object_component id="oc-11e">
         <name>.debug_line</name>
         <load_address>0x352</load_address>
         <run_address>0x352</run_address>
         <size>0x73</size>
         <input_file_ref idref="fl-2"/>
      </object_component>
      <object_component id="oc-213">
         <name>.debug_line</name>
         <load_address>0x3c5</load_address>
         <run_address>0x3c5</run_address>
         <size>0x6f</size>
         <input_file_ref idref="fl-2"/>
      </object_component>
      <object_component id="oc-9c">
         <name>.debug_line</name>
         <load_address>0x434</load_address>
         <run_address>0x434</run_address>
         <size>0x70</size>
         <input_file_ref idref="fl-2"/>
      </object_component>
      <object_component id="oc-104">
         <name>.debug_line</name>
         <load_address>0x4a4</load_address>
         <run_address>0x4a4</run_address>
         <size>0x6b</size>
         <input_file_ref idref="fl-2"/>
      </object_component>
      <object_component id="oc-90">
         <name>.debug_line</name>
         <load_address>0x50f</load_address>
         <run_address>0x50f</run_address>
         <size>0x8d</size>
         <input_file_ref idref="fl-2"/>
      </object_component>
      <object_component id="oc-10e">
         <name>.debug_line</name>
         <load_address>0x59c</load_address>
         <run_address>0x59c</run_address>
         <size>0x73</size>
         <input_file_ref idref="fl-2"/>
      </object_component>
      <object_component id="oc-93">
         <name>.debug_line</name>
         <load_address>0x60f</load_address>
         <run_address>0x60f</run_address>
         <size>0x41</size>
         <input_file_ref idref="fl-3"/>
      </object_component>
      <object_component id="oc-36">
         <name>.debug_line</name>
         <load_address>0x650</load_address>
         <run_address>0x650</run_address>
         <size>0x41</size>
         <input_file_ref idref="fl-3"/>
      </object_component>
      <object_component id="oc-25">
         <name>.debug_line</name>
         <load_address>0x691</load_address>
         <run_address>0x691</run_address>
         <size>0xa1</size>
         <input_file_ref idref="fl-3"/>
      </object_component>
      <object_component id="oc-41">
         <name>.debug_line</name>
         <load_address>0x732</load_address>
         <run_address>0x732</run_address>
         <size>0x20</size>
         <input_file_ref idref="fl-3"/>
      </object_component>
      <object_component id="oc-23a">
         <name>.debug_line</name>
         <load_address>0x752</load_address>
         <run_address>0x752</run_address>
         <size>0x18a</size>
         <input_file_ref idref="fl-5"/>
      </object_component>
      <object_component id="oc-19d">
         <name>.debug_line</name>
         <load_address>0x8dc</load_address>
         <run_address>0x8dc</run_address>
         <size>0x6b</size>
         <input_file_ref idref="fl-5"/>
      </object_component>
      <object_component id="oc-1a7">
         <name>.debug_line</name>
         <load_address>0x947</load_address>
         <run_address>0x947</run_address>
         <size>0x77</size>
         <input_file_ref idref="fl-5"/>
      </object_component>
      <object_component id="oc-23e">
         <name>.debug_line</name>
         <load_address>0x9be</load_address>
         <run_address>0x9be</run_address>
         <size>0x45</size>
         <input_file_ref idref="fl-5"/>
      </object_component>
      <object_component id="oc-243">
         <name>.debug_line</name>
         <load_address>0xa03</load_address>
         <run_address>0xa03</run_address>
         <size>0x7b</size>
         <input_file_ref idref="fl-5"/>
      </object_component>
      <object_component id="oc-198">
         <name>.debug_line</name>
         <load_address>0xa7e</load_address>
         <run_address>0xa7e</run_address>
         <size>0x75</size>
         <input_file_ref idref="fl-5"/>
      </object_component>
      <object_component id="oc-209">
         <name>.debug_line</name>
         <load_address>0xaf3</load_address>
         <run_address>0xaf3</run_address>
         <size>0x20</size>
         <input_file_ref idref="fl-6"/>
      </object_component>
      <object_component id="oc-e5">
         <name>.debug_line</name>
         <load_address>0xb13</load_address>
         <run_address>0xb13</run_address>
         <size>0xf3</size>
         <input_file_ref idref="fl-6"/>
      </object_component>
      <object_component id="oc-12a">
         <name>.debug_line</name>
         <load_address>0xc06</load_address>
         <run_address>0xc06</run_address>
         <size>0x6b</size>
         <input_file_ref idref="fl-8"/>
      </object_component>
      <object_component id="oc-194">
         <name>.debug_line</name>
         <load_address>0xc71</load_address>
         <run_address>0xc71</run_address>
         <size>0x1a0</size>
         <input_file_ref idref="fl-9"/>
      </object_component>
      <object_component id="oc-d2">
         <name>.debug_line</name>
         <load_address>0xe11</load_address>
         <run_address>0xe11</run_address>
         <size>0x3e</size>
         <input_file_ref idref="fl-9"/>
      </object_component>
      <object_component id="oc-1ba">
         <name>.debug_line</name>
         <load_address>0xe4f</load_address>
         <run_address>0xe4f</run_address>
         <size>0x3e</size>
         <input_file_ref idref="fl-9"/>
      </object_component>
      <object_component id="oc-1c4">
         <name>.debug_line</name>
         <load_address>0xe8d</load_address>
         <run_address>0xe8d</run_address>
         <size>0x3e</size>
         <input_file_ref idref="fl-9"/>
      </object_component>
      <object_component id="oc-1c6">
         <name>.debug_line</name>
         <load_address>0xecb</load_address>
         <run_address>0xecb</run_address>
         <size>0x3e</size>
         <input_file_ref idref="fl-9"/>
      </object_component>
      <object_component id="oc-1be">
         <name>.debug_line</name>
         <load_address>0xf09</load_address>
         <run_address>0xf09</run_address>
         <size>0x3e</size>
         <input_file_ref idref="fl-9"/>
      </object_component>
      <object_component id="oc-1c2">
         <name>.debug_line</name>
         <load_address>0xf47</load_address>
         <run_address>0xf47</run_address>
         <size>0x3e</size>
         <input_file_ref idref="fl-9"/>
      </object_component>
      <object_component id="oc-1bc">
         <name>.debug_line</name>
         <load_address>0xf85</load_address>
         <run_address>0xf85</run_address>
         <size>0x3e</size>
         <input_file_ref idref="fl-9"/>
      </object_component>
      <object_component id="oc-1c0">
         <name>.debug_line</name>
         <load_address>0xfc3</load_address>
         <run_address>0xfc3</run_address>
         <size>0x3e</size>
         <input_file_ref idref="fl-9"/>
      </object_component>
      <object_component id="oc-80">
         <name>.debug_line</name>
         <load_address>0x1001</load_address>
         <run_address>0x1001</run_address>
         <size>0xedd</size>
         <input_file_ref idref="fl-9"/>
      </object_component>
      <object_component id="oc-d7">
         <name>.debug_line</name>
         <load_address>0x1ede</load_address>
         <run_address>0x1ede</run_address>
         <size>0x73</size>
         <input_file_ref idref="fl-9"/>
      </object_component>
      <object_component id="oc-1a2">
         <name>.debug_line</name>
         <load_address>0x1f51</load_address>
         <run_address>0x1f51</run_address>
         <size>0x3e</size>
         <input_file_ref idref="fl-9"/>
      </object_component>
      <object_component id="oc-100">
         <name>.debug_line</name>
         <load_address>0x1f8f</load_address>
         <run_address>0x1f8f</run_address>
         <size>0xa6</size>
         <input_file_ref idref="fl-b"/>
      </object_component>
      <object_component id="oc-da">
         <name>.debug_line</name>
         <load_address>0x2035</load_address>
         <run_address>0x2035</run_address>
         <size>0x53</size>
         <input_file_ref idref="fl-b"/>
      </object_component>
      <object_component id="oc-fe">
         <name>.debug_line</name>
         <load_address>0x2088</load_address>
         <run_address>0x2088</run_address>
         <size>0x53</size>
         <input_file_ref idref="fl-b"/>
      </object_component>
      <object_component id="oc-31">
         <name>.debug_line</name>
         <load_address>0x20db</load_address>
         <run_address>0x20db</run_address>
         <size>0x155</size>
         <input_file_ref idref="fl-b"/>
      </object_component>
      <object_component id="oc-2e">
         <name>.debug_line</name>
         <load_address>0x2230</load_address>
         <run_address>0x2230</run_address>
         <size>0xe8</size>
         <input_file_ref idref="fl-c"/>
      </object_component>
      <object_component id="oc-207">
         <name>.debug_line</name>
         <load_address>0x2318</load_address>
         <run_address>0x2318</run_address>
         <size>0x73</size>
         <input_file_ref idref="fl-d"/>
      </object_component>
      <object_component id="oc-205">
         <name>.debug_line</name>
         <load_address>0x238b</load_address>
         <run_address>0x238b</run_address>
         <size>0x50</size>
         <input_file_ref idref="fl-d"/>
      </object_component>
      <object_component id="oc-1fc">
         <name>.debug_line</name>
         <load_address>0x23db</load_address>
         <run_address>0x23db</run_address>
         <size>0x50</size>
         <input_file_ref idref="fl-d"/>
      </object_component>
      <object_component id="oc-203">
         <name>.debug_line</name>
         <load_address>0x242b</load_address>
         <run_address>0x242b</run_address>
         <size>0x50</size>
         <input_file_ref idref="fl-d"/>
      </object_component>
      <object_component id="oc-1fa">
         <name>.debug_line</name>
         <load_address>0x247b</load_address>
         <run_address>0x247b</run_address>
         <size>0x50</size>
         <input_file_ref idref="fl-d"/>
      </object_component>
      <object_component id="oc-df">
         <name>.debug_line</name>
         <load_address>0x24cb</load_address>
         <run_address>0x24cb</run_address>
         <size>0x123</size>
         <input_file_ref idref="fl-d"/>
      </object_component>
      <object_component id="oc-200">
         <name>.debug_line</name>
         <load_address>0x25ee</load_address>
         <run_address>0x25ee</run_address>
         <size>0x50</size>
         <input_file_ref idref="fl-d"/>
      </object_component>
      <object_component id="oc-47">
         <name>.debug_line</name>
         <load_address>0x263e</load_address>
         <run_address>0x263e</run_address>
         <size>0x88</size>
         <input_file_ref idref="fl-c8"/>
      </object_component>
      <object_component id="oc-b7">
         <name>.debug_line</name>
         <load_address>0x26c6</load_address>
         <run_address>0x26c6</run_address>
         <size>0x79</size>
         <input_file_ref idref="fl-c9"/>
      </object_component>
      <object_component id="oc-12d">
         <name>.debug_line</name>
         <load_address>0x273f</load_address>
         <run_address>0x273f</run_address>
         <size>0x90</size>
         <input_file_ref idref="fl-ca"/>
      </object_component>
      <object_component id="oc-59">
         <name>.debug_line</name>
         <load_address>0x27cf</load_address>
         <run_address>0x27cf</run_address>
         <size>0x4f</size>
         <input_file_ref idref="fl-ca"/>
      </object_component>
      <object_component id="oc-b0">
         <name>.debug_line</name>
         <load_address>0x281e</load_address>
         <run_address>0x281e</run_address>
         <size>0x34</size>
         <input_file_ref idref="fl-ca"/>
      </object_component>
      <object_component id="oc-ab">
         <name>.debug_line</name>
         <load_address>0x2852</load_address>
         <run_address>0x2852</run_address>
         <size>0x20</size>
         <input_file_ref idref="fl-cb"/>
      </object_component>
      <object_component id="oc-1a">
         <name>.debug_line</name>
         <load_address>0x2872</load_address>
         <run_address>0x2872</run_address>
         <size>0x55</size>
         <input_file_ref idref="fl-cb"/>
      </object_component>
      <object_component id="oc-4c">
         <name>.debug_line</name>
         <load_address>0x28c7</load_address>
         <run_address>0x28c7</run_address>
         <size>0x3a</size>
         <input_file_ref idref="fl-cb"/>
      </object_component>
      <object_component id="oc-a8">
         <name>.debug_line</name>
         <load_address>0x2901</load_address>
         <run_address>0x2901</run_address>
         <size>0x90</size>
         <input_file_ref idref="fl-cb"/>
      </object_component>
      <object_component id="oc-126">
         <name>.debug_line</name>
         <load_address>0x2991</load_address>
         <run_address>0x2991</run_address>
         <size>0x20</size>
         <input_file_ref idref="fl-cc"/>
      </object_component>
      <object_component id="oc-17">
         <name>.debug_line</name>
         <load_address>0x29b1</load_address>
         <run_address>0x29b1</run_address>
         <size>0xa9</size>
         <input_file_ref idref="fl-cc"/>
      </object_component>
      <object_component id="oc-3c">
         <name>.debug_line</name>
         <load_address>0x2a5a</load_address>
         <run_address>0x2a5a</run_address>
         <size>0x3a</size>
         <input_file_ref idref="fl-cc"/>
      </object_component>
      <object_component id="oc-123">
         <name>.debug_line</name>
         <load_address>0x2a94</load_address>
         <run_address>0x2a94</run_address>
         <size>0x98</size>
         <input_file_ref idref="fl-cc"/>
      </object_component>
      <object_component id="oc-a1">
         <name>.debug_line</name>
         <load_address>0x2b2c</load_address>
         <run_address>0x2b2c</run_address>
         <size>0x94</size>
         <input_file_ref idref="fl-cc"/>
      </object_component>
      <object_component id="oc-74">
         <name>.debug_line</name>
         <load_address>0x2bc0</load_address>
         <run_address>0x2bc0</run_address>
         <size>0x33</size>
         <input_file_ref idref="fl-cd"/>
      </object_component>
      <object_component id="oc-65">
         <name>.debug_line</name>
         <load_address>0x2bf3</load_address>
         <run_address>0x2bf3</run_address>
         <size>0x45</size>
         <input_file_ref idref="fl-cd"/>
      </object_component>
      <object_component id="oc-227">
         <name>.debug_line</name>
         <load_address>0x2c38</load_address>
         <run_address>0x2c38</run_address>
         <size>0xbd</size>
         <input_file_ref idref="fl-ce"/>
      </object_component>
      <object_component id="oc-163">
         <name>.debug_line</name>
         <load_address>0x2cf5</load_address>
         <run_address>0x2cf5</run_address>
         <size>0x6f</size>
         <input_file_ref idref="fl-ce"/>
      </object_component>
      <object_component id="oc-22b">
         <name>.debug_line</name>
         <load_address>0x2d64</load_address>
         <run_address>0x2d64</run_address>
         <size>0x2e</size>
         <input_file_ref idref="fl-ce"/>
      </object_component>
      <object_component id="oc-24b">
         <name>.debug_line</name>
         <load_address>0x2d92</load_address>
         <run_address>0x2d92</run_address>
         <size>0x98</size>
         <input_file_ref idref="fl-ce"/>
      </object_component>
      <object_component id="oc-230">
         <name>.debug_line</name>
         <load_address>0x2e2a</load_address>
         <run_address>0x2e2a</run_address>
         <size>0x95</size>
         <input_file_ref idref="fl-ce"/>
      </object_component>
      <object_component id="oc-235">
         <name>.debug_line</name>
         <load_address>0x2ebf</load_address>
         <run_address>0x2ebf</run_address>
         <size>0x91</size>
         <input_file_ref idref="fl-ce"/>
      </object_component>
      <object_component id="oc-be">
         <name>.debug_line</name>
         <load_address>0x2f50</load_address>
         <run_address>0x2f50</run_address>
         <size>0x40</size>
         <input_file_ref idref="fl-cf"/>
      </object_component>
      <object_component id="oc-15a">
         <name>.debug_line</name>
         <load_address>0x2f90</load_address>
         <run_address>0x2f90</run_address>
         <size>0x3c</size>
         <input_file_ref idref="fl-d1"/>
      </object_component>
      <object_component id="oc-217">
         <name>.debug_line</name>
         <load_address>0x2fcc</load_address>
         <run_address>0x2fcc</run_address>
         <size>0x5b</size>
         <input_file_ref idref="fl-d4"/>
      </object_component>
      <object_component id="oc-153">
         <name>.debug_line</name>
         <load_address>0x3027</load_address>
         <run_address>0x3027</run_address>
         <size>0x6b</size>
         <input_file_ref idref="fl-d4"/>
      </object_component>
      <object_component id="oc-1d3">
         <name>.debug_line</name>
         <load_address>0x3092</load_address>
         <run_address>0x3092</run_address>
         <size>0x6e</size>
         <input_file_ref idref="fl-d4"/>
      </object_component>
      <object_component id="oc-14d">
         <name>.debug_line</name>
         <load_address>0x3100</load_address>
         <run_address>0x3100</run_address>
         <size>0xaa</size>
         <input_file_ref idref="fl-d4"/>
      </object_component>
      <object_component id="oc-147">
         <name>.debug_line</name>
         <load_address>0x31aa</load_address>
         <run_address>0x31aa</run_address>
         <size>0x72</size>
         <input_file_ref idref="fl-d4"/>
      </object_component>
      <object_component id="oc-20b">
         <name>.debug_line</name>
         <load_address>0x321c</load_address>
         <run_address>0x321c</run_address>
         <size>0xc8</size>
         <input_file_ref idref="fl-d6"/>
      </object_component>
      <object_component id="oc-140">
         <name>.debug_line</name>
         <load_address>0x32e4</load_address>
         <run_address>0x32e4</run_address>
         <size>0x6d</size>
         <input_file_ref idref="fl-d6"/>
      </object_component>
      <object_component id="oc-13a">
         <name>.debug_line</name>
         <load_address>0x3351</load_address>
         <run_address>0x3351</run_address>
         <size>0x6d</size>
         <input_file_ref idref="fl-d6"/>
      </object_component>
      <object_component id="oc-134">
         <name>.debug_line</name>
         <load_address>0x33be</load_address>
         <run_address>0x33be</run_address>
         <size>0xc7</size>
         <input_file_ref idref="fl-d6"/>
      </object_component>
      <object_component id="oc-20e">
         <name>.debug_line</name>
         <load_address>0x3485</load_address>
         <run_address>0x3485</run_address>
         <size>0x58</size>
         <input_file_ref idref="fl-d6"/>
      </object_component>
      <object_component id="oc-c3">
         <name>.debug_frame</name>
         <load_address>0x0</load_address>
         <run_address>0x0</run_address>
         <size>0x78</size>
         <input_file_ref idref="fl-2"/>
      </object_component>
      <object_component id="oc-27">
         <name>.debug_frame</name>
         <load_address>0x78</load_address>
         <run_address>0x78</run_address>
         <size>0x90</size>
         <input_file_ref idref="fl-3"/>
      </object_component>
      <object_component id="oc-e6">
         <name>.debug_frame</name>
         <load_address>0x108</load_address>
         <run_address>0x108</run_address>
         <size>0xb8</size>
         <input_file_ref idref="fl-6"/>
      </object_component>
      <object_component id="oc-81">
         <name>.debug_frame</name>
         <load_address>0x1c0</load_address>
         <run_address>0x1c0</run_address>
         <size>0x6c0</size>
         <input_file_ref idref="fl-9"/>
      </object_component>
      <object_component id="oc-30">
         <name>.debug_frame</name>
         <load_address>0x880</load_address>
         <run_address>0x880</run_address>
         <size>0xec</size>
         <input_file_ref idref="fl-b"/>
      </object_component>
      <object_component id="oc-e0">
         <name>.debug_frame</name>
         <load_address>0x96c</load_address>
         <run_address>0x96c</run_address>
         <size>0xbc</size>
         <input_file_ref idref="fl-d"/>
      </object_component>
      <object_component id="oc-5a">
         <name>.debug_frame</name>
         <load_address>0xa28</load_address>
         <run_address>0xa28</run_address>
         <size>0x54</size>
         <input_file_ref idref="fl-ca"/>
      </object_component>
      <object_component id="oc-1b">
         <name>.debug_frame</name>
         <load_address>0xa7c</load_address>
         <run_address>0xa7c</run_address>
         <size>0x54</size>
         <input_file_ref idref="fl-cb"/>
      </object_component>
      <object_component id="oc-13">
         <name>.debug_frame</name>
         <load_address>0xad0</load_address>
         <run_address>0xad0</run_address>
         <size>0x60</size>
         <input_file_ref idref="fl-cc"/>
      </object_component>
      <object_component id="oc-66">
         <name>.debug_frame</name>
         <load_address>0xb30</load_address>
         <run_address>0xb30</run_address>
         <size>0x50</size>
         <input_file_ref idref="fl-cd"/>
      </object_component>
      <object_component id="oc-164">
         <name>.debug_frame</name>
         <load_address>0xb80</load_address>
         <run_address>0xb80</run_address>
         <size>0x5c</size>
         <input_file_ref idref="fl-ce"/>
      </object_component>
      <object_component id="oc-ba">
         <name>.debug_frame</name>
         <load_address>0xbdc</load_address>
         <run_address>0xbdc</run_address>
         <size>0x54</size>
         <input_file_ref idref="fl-cf"/>
      </object_component>
      <object_component id="oc-159">
         <name>.debug_frame</name>
         <load_address>0xc30</load_address>
         <run_address>0xc30</run_address>
         <size>0x54</size>
         <input_file_ref idref="fl-d1"/>
      </object_component>
      <object_component id="oc-152">
         <name>.debug_frame</name>
         <load_address>0xc84</load_address>
         <run_address>0xc84</run_address>
         <size>0x54</size>
         <input_file_ref idref="fl-d4"/>
      </object_component>
      <object_component id="oc-1d2">
         <name>.debug_frame</name>
         <load_address>0xcd8</load_address>
         <run_address>0xcd8</run_address>
         <size>0x54</size>
         <input_file_ref idref="fl-d4"/>
      </object_component>
      <object_component id="oc-14c">
         <name>.debug_frame</name>
         <load_address>0xd2c</load_address>
         <run_address>0xd2c</run_address>
         <size>0x64</size>
         <input_file_ref idref="fl-d4"/>
      </object_component>
      <object_component id="oc-146">
         <name>.debug_frame</name>
         <load_address>0xd90</load_address>
         <run_address>0xd90</run_address>
         <size>0x5c</size>
         <input_file_ref idref="fl-d4"/>
      </object_component>
      <object_component id="oc-141">
         <name>.debug_frame</name>
         <load_address>0xdec</load_address>
         <run_address>0xdec</run_address>
         <size>0x54</size>
         <input_file_ref idref="fl-d6"/>
      </object_component>
      <object_component id="oc-13b">
         <name>.debug_frame</name>
         <load_address>0xe40</load_address>
         <run_address>0xe40</run_address>
         <size>0x54</size>
         <input_file_ref idref="fl-d6"/>
      </object_component>
      <object_component id="oc-135">
         <name>.debug_frame</name>
         <load_address>0xe94</load_address>
         <run_address>0xe94</run_address>
         <size>0x68</size>
         <input_file_ref idref="fl-d6"/>
      </object_component>
      <object_component id="oc-1c7">
         <name>.debug_abbrev</name>
         <load_address>0x0</load_address>
         <run_address>0x0</run_address>
         <size>0xe0</size>
         <input_file_ref idref="fl-2"/>
      </object_component>
      <object_component id="oc-154">
         <name>.debug_abbrev</name>
         <load_address>0xe0</load_address>
         <run_address>0xe0</run_address>
         <size>0x9d</size>
         <input_file_ref idref="fl-2"/>
      </object_component>
      <object_component id="oc-108">
         <name>.debug_abbrev</name>
         <load_address>0x17d</load_address>
         <run_address>0x17d</run_address>
         <size>0x9f</size>
         <input_file_ref idref="fl-2"/>
      </object_component>
      <object_component id="oc-96">
         <name>.debug_abbrev</name>
         <load_address>0x21c</load_address>
         <run_address>0x21c</run_address>
         <size>0x69</size>
         <input_file_ref idref="fl-2"/>
      </object_component>
      <object_component id="oc-112">
         <name>.debug_abbrev</name>
         <load_address>0x285</load_address>
         <run_address>0x285</run_address>
         <size>0x70</size>
         <input_file_ref idref="fl-2"/>
      </object_component>
      <object_component id="oc-118">
         <name>.debug_abbrev</name>
         <load_address>0x2f5</load_address>
         <run_address>0x2f5</run_address>
         <size>0x1f</size>
         <input_file_ref idref="fl-2"/>
      </object_component>
      <object_component id="oc-8a">
         <name>.debug_abbrev</name>
         <load_address>0x314</load_address>
         <run_address>0x314</run_address>
         <size>0x24</size>
         <input_file_ref idref="fl-2"/>
      </object_component>
      <object_component id="oc-11d">
         <name>.debug_abbrev</name>
         <load_address>0x338</load_address>
         <run_address>0x338</run_address>
         <size>0x5c</size>
         <input_file_ref idref="fl-2"/>
      </object_component>
      <object_component id="oc-212">
         <name>.debug_abbrev</name>
         <load_address>0x394</load_address>
         <run_address>0x394</run_address>
         <size>0x24</size>
         <input_file_ref idref="fl-2"/>
      </object_component>
      <object_component id="oc-9b">
         <name>.debug_abbrev</name>
         <load_address>0x3b8</load_address>
         <run_address>0x3b8</run_address>
         <size>0x24</size>
         <input_file_ref idref="fl-2"/>
      </object_component>
      <object_component id="oc-103">
         <name>.debug_abbrev</name>
         <load_address>0x3dc</load_address>
         <run_address>0x3dc</run_address>
         <size>0x24</size>
         <input_file_ref idref="fl-2"/>
      </object_component>
      <object_component id="oc-8f">
         <name>.debug_abbrev</name>
         <load_address>0x400</load_address>
         <run_address>0x400</run_address>
         <size>0x24</size>
         <input_file_ref idref="fl-2"/>
      </object_component>
      <object_component id="oc-10d">
         <name>.debug_abbrev</name>
         <load_address>0x424</load_address>
         <run_address>0x424</run_address>
         <size>0x61</size>
         <input_file_ref idref="fl-2"/>
      </object_component>
      <object_component id="oc-92">
         <name>.debug_abbrev</name>
         <load_address>0x485</load_address>
         <run_address>0x485</run_address>
         <size>0x7c</size>
         <input_file_ref idref="fl-3"/>
      </object_component>
      <object_component id="oc-35">
         <name>.debug_abbrev</name>
         <load_address>0x501</load_address>
         <run_address>0x501</run_address>
         <size>0x29</size>
         <input_file_ref idref="fl-3"/>
      </object_component>
      <object_component id="oc-75">
         <name>.debug_abbrev</name>
         <load_address>0x52a</load_address>
         <run_address>0x52a</run_address>
         <size>0x79</size>
         <input_file_ref idref="fl-3"/>
      </object_component>
      <object_component id="oc-40">
         <name>.debug_abbrev</name>
         <load_address>0x5a3</load_address>
         <run_address>0x5a3</run_address>
         <size>0x1f</size>
         <input_file_ref idref="fl-3"/>
      </object_component>
      <object_component id="oc-239">
         <name>.debug_abbrev</name>
         <load_address>0x5c2</load_address>
         <run_address>0x5c2</run_address>
         <size>0x111</size>
         <input_file_ref idref="fl-5"/>
      </object_component>
      <object_component id="oc-19c">
         <name>.debug_abbrev</name>
         <load_address>0x6d3</load_address>
         <run_address>0x6d3</run_address>
         <size>0x5a</size>
         <input_file_ref idref="fl-5"/>
      </object_component>
      <object_component id="oc-1a6">
         <name>.debug_abbrev</name>
         <load_address>0x72d</load_address>
         <run_address>0x72d</run_address>
         <size>0x70</size>
         <input_file_ref idref="fl-5"/>
      </object_component>
      <object_component id="oc-23d">
         <name>.debug_abbrev</name>
         <load_address>0x79d</load_address>
         <run_address>0x79d</run_address>
         <size>0x4b</size>
         <input_file_ref idref="fl-5"/>
      </object_component>
      <object_component id="oc-242">
         <name>.debug_abbrev</name>
         <load_address>0x7e8</load_address>
         <run_address>0x7e8</run_address>
         <size>0x24</size>
         <input_file_ref idref="fl-5"/>
      </object_component>
      <object_component id="oc-197">
         <name>.debug_abbrev</name>
         <load_address>0x80c</load_address>
         <run_address>0x80c</run_address>
         <size>0x33</size>
         <input_file_ref idref="fl-5"/>
      </object_component>
      <object_component id="oc-208">
         <name>.debug_abbrev</name>
         <load_address>0x83f</load_address>
         <run_address>0x83f</run_address>
         <size>0x88</size>
         <input_file_ref idref="fl-6"/>
      </object_component>
      <object_component id="oc-1b7">
         <name>.debug_abbrev</name>
         <load_address>0x8c7</load_address>
         <run_address>0x8c7</run_address>
         <size>0x9b</size>
         <input_file_ref idref="fl-6"/>
      </object_component>
      <object_component id="oc-129">
         <name>.debug_abbrev</name>
         <load_address>0x962</load_address>
         <run_address>0x962</run_address>
         <size>0x24</size>
         <input_file_ref idref="fl-8"/>
      </object_component>
      <object_component id="oc-193">
         <name>.debug_abbrev</name>
         <load_address>0x986</load_address>
         <run_address>0x986</run_address>
         <size>0x129</size>
         <input_file_ref idref="fl-9"/>
      </object_component>
      <object_component id="oc-d1">
         <name>.debug_abbrev</name>
         <load_address>0xaaf</load_address>
         <run_address>0xaaf</run_address>
         <size>0x3d</size>
         <input_file_ref idref="fl-9"/>
      </object_component>
      <object_component id="oc-1b9">
         <name>.debug_abbrev</name>
         <load_address>0xaec</load_address>
         <run_address>0xaec</run_address>
         <size>0x27</size>
         <input_file_ref idref="fl-9"/>
      </object_component>
      <object_component id="oc-1c3">
         <name>.debug_abbrev</name>
         <load_address>0xb13</load_address>
         <run_address>0xb13</run_address>
         <size>0x27</size>
         <input_file_ref idref="fl-9"/>
      </object_component>
      <object_component id="oc-1c5">
         <name>.debug_abbrev</name>
         <load_address>0xb3a</load_address>
         <run_address>0xb3a</run_address>
         <size>0x27</size>
         <input_file_ref idref="fl-9"/>
      </object_component>
      <object_component id="oc-1bd">
         <name>.debug_abbrev</name>
         <load_address>0xb61</load_address>
         <run_address>0xb61</run_address>
         <size>0x27</size>
         <input_file_ref idref="fl-9"/>
      </object_component>
      <object_component id="oc-1c1">
         <name>.debug_abbrev</name>
         <load_address>0xb88</load_address>
         <run_address>0xb88</run_address>
         <size>0x27</size>
         <input_file_ref idref="fl-9"/>
      </object_component>
      <object_component id="oc-1bb">
         <name>.debug_abbrev</name>
         <load_address>0xbaf</load_address>
         <run_address>0xbaf</run_address>
         <size>0x27</size>
         <input_file_ref idref="fl-9"/>
      </object_component>
      <object_component id="oc-1bf">
         <name>.debug_abbrev</name>
         <load_address>0xbd6</load_address>
         <run_address>0xbd6</run_address>
         <size>0x27</size>
         <input_file_ref idref="fl-9"/>
      </object_component>
      <object_component id="oc-fc">
         <name>.debug_abbrev</name>
         <load_address>0xbfd</load_address>
         <run_address>0xbfd</run_address>
         <size>0x10c</size>
         <input_file_ref idref="fl-9"/>
      </object_component>
      <object_component id="oc-d6">
         <name>.debug_abbrev</name>
         <load_address>0xd09</load_address>
         <run_address>0xd09</run_address>
         <size>0x90</size>
         <input_file_ref idref="fl-9"/>
      </object_component>
      <object_component id="oc-1a1">
         <name>.debug_abbrev</name>
         <load_address>0xd99</load_address>
         <run_address>0xd99</run_address>
         <size>0x61</size>
         <input_file_ref idref="fl-9"/>
      </object_component>
      <object_component id="oc-ff">
         <name>.debug_abbrev</name>
         <load_address>0xdfa</load_address>
         <run_address>0xdfa</run_address>
         <size>0xab</size>
         <input_file_ref idref="fl-b"/>
      </object_component>
      <object_component id="oc-d9">
         <name>.debug_abbrev</name>
         <load_address>0xea5</load_address>
         <run_address>0xea5</run_address>
         <size>0x29</size>
         <input_file_ref idref="fl-b"/>
      </object_component>
      <object_component id="oc-fd">
         <name>.debug_abbrev</name>
         <load_address>0xece</load_address>
         <run_address>0xece</run_address>
         <size>0x27</size>
         <input_file_ref idref="fl-b"/>
      </object_component>
      <object_component id="oc-86">
         <name>.debug_abbrev</name>
         <load_address>0xef5</load_address>
         <run_address>0xef5</run_address>
         <size>0x101</size>
         <input_file_ref idref="fl-b"/>
      </object_component>
      <object_component id="oc-82">
         <name>.debug_abbrev</name>
         <load_address>0xff6</load_address>
         <run_address>0xff6</run_address>
         <size>0x75</size>
         <input_file_ref idref="fl-c"/>
      </object_component>
      <object_component id="oc-206">
         <name>.debug_abbrev</name>
         <load_address>0x106b</load_address>
         <run_address>0x106b</run_address>
         <size>0xc6</size>
         <input_file_ref idref="fl-d"/>
      </object_component>
      <object_component id="oc-204">
         <name>.debug_abbrev</name>
         <load_address>0x1131</load_address>
         <run_address>0x1131</run_address>
         <size>0x27</size>
         <input_file_ref idref="fl-d"/>
      </object_component>
      <object_component id="oc-1fb">
         <name>.debug_abbrev</name>
         <load_address>0x1158</load_address>
         <run_address>0x1158</run_address>
         <size>0x27</size>
         <input_file_ref idref="fl-d"/>
      </object_component>
      <object_component id="oc-202">
         <name>.debug_abbrev</name>
         <load_address>0x117f</load_address>
         <run_address>0x117f</run_address>
         <size>0x27</size>
         <input_file_ref idref="fl-d"/>
      </object_component>
      <object_component id="oc-1f9">
         <name>.debug_abbrev</name>
         <load_address>0x11a6</load_address>
         <run_address>0x11a6</run_address>
         <size>0x27</size>
         <input_file_ref idref="fl-d"/>
      </object_component>
      <object_component id="oc-1b5">
         <name>.debug_abbrev</name>
         <load_address>0x11cd</load_address>
         <run_address>0x11cd</run_address>
         <size>0xdf</size>
         <input_file_ref idref="fl-d"/>
      </object_component>
      <object_component id="oc-1ff">
         <name>.debug_abbrev</name>
         <load_address>0x12ac</load_address>
         <run_address>0x12ac</run_address>
         <size>0x4b</size>
         <input_file_ref idref="fl-d"/>
      </object_component>
      <object_component id="oc-a4">
         <name>.debug_abbrev</name>
         <load_address>0x12f7</load_address>
         <run_address>0x12f7</run_address>
         <size>0x3e</size>
         <input_file_ref idref="fl-c8"/>
      </object_component>
      <object_component id="oc-12e">
         <name>.debug_abbrev</name>
         <load_address>0x1335</load_address>
         <run_address>0x1335</run_address>
         <size>0x4f</size>
         <input_file_ref idref="fl-c9"/>
      </object_component>
      <object_component id="oc-12c">
         <name>.debug_abbrev</name>
         <load_address>0x1384</load_address>
         <run_address>0x1384</run_address>
         <size>0x5d</size>
         <input_file_ref idref="fl-ca"/>
      </object_component>
      <object_component id="oc-b8">
         <name>.debug_abbrev</name>
         <load_address>0x13e1</load_address>
         <run_address>0x13e1</run_address>
         <size>0x74</size>
         <input_file_ref idref="fl-ca"/>
      </object_component>
      <object_component id="oc-af">
         <name>.debug_abbrev</name>
         <load_address>0x1455</load_address>
         <run_address>0x1455</run_address>
         <size>0x24</size>
         <input_file_ref idref="fl-ca"/>
      </object_component>
      <object_component id="oc-aa">
         <name>.debug_abbrev</name>
         <load_address>0x1479</load_address>
         <run_address>0x1479</run_address>
         <size>0x37</size>
         <input_file_ref idref="fl-cb"/>
      </object_component>
[...]
               <logical_group_ref idref="lg-a"/>
            </allocated_space>
            <available_space>
               <start_address>0x20007930</start_address>
               <size>0x6d0</size>
            </available_space>
         </usage_details>
      </memory_area>
   </placement_map>
   <cptbl_list>
      <cptbl>
         <name>__TI_cinit_table</name>
         <cprec>
            <name>.data</name>
            <load_address>0x2630</load_address>
            <load_size>0xf</load_size>
            <run_address>0x200078f0</run_address>
            <run_size>0x40</run_size>
            <compression>lzss</compression>
         </cprec>
         <cprec>
            <name>.bss</name>
            <load_address>0x2650</load_address>
            <load_size>0x8</load_size>
            <run_address>0x20000000</run_address>
            <run_size>0x76ec</run_size>
            <compression>zero_init</compression>
         </cprec>
      </cptbl>
   </cptbl_list>
   <handler_table>
      <handler_table_name>__TI_handler_table</handler_table_name>
      <handler>
         <index>0x0</index>
         <name>__TI_decompress_lzss</name>
      </handler>
      <handler>
         <index>0x1</index>
         <name>__TI_decompress_none</name>
      </handler>
      <handler>
         <index>0x2</index>
         <name>__TI_zero_init</name>
      </handler>
   </handler_table>
   <symbol_table>
      <symbol id="sm-1">
         <name>__STACK_TOP</name>
         <value>0x200078f0</value>
      </symbol>
      <symbol id="sm-2">
         <name>__TI_CINIT_Base</name>
         <value>0x2658</value>
      </symbol>
      <symbol id="sm-3">
         <name>__TI_CINIT_Limit</name>
         <value>0x2668</value>
      </symbol>
      <symbol id="sm-4">
         <name>__TI_Handler_Table_Base</name>
         <value>0x2640</value>
      </symbol>
      <symbol id="sm-5">
         <name>__TI_Handler_Table_Limit</name>
         <value>0x264c</value>
      </symbol>
      <symbol id="sm-6">
         <name>binit</name>
         <value>0xffffffff</value>
      </symbol>
      <symbol id="sm-7">
         <name>__binit__</name>
         <value>0xffffffff</value>
      </symbol>
      <symbol id="sm-8">
         <name>__STACK_SIZE</name>
         <value>0x200</value>
      </symbol>
      <symbol id="sm-9">
         <name>__STACK_END</name>
         <value>0x200078f0</value>
      </symbol>
      <symbol id="sm-a">
         <name>__c_args__</name>
         <value>0xffffffff</value>
      </symbol>
      <symbol id="sm-b">
         <name>__TI_pprof_out_hndl</name>
         <value>0xffffffff</value>
      </symbol>
      <symbol id="sm-c">
         <name>__TI_prof_data_start</name>
         <value>0xffffffff</value>
      </symbol>
      <symbol id="sm-d">
         <name>__TI_prof_data_size</name>
         <value>0xffffffff</value>
      </symbol>
      <symbol id="sm-73">
         <name>BlinkLED</name>
         <value>0x22ef</value>
         <object_component_ref idref="oc-bf"/>
      </symbol>
      <symbol id="sm-74">
         <name>main</name>
         <value>0x2299</value>
         <object_component_ref idref="oc-bf"/>
      </symbol>
      <symbol id="sm-95">
         <name>ResetISR</name>
         <value>0x2607</value>
         <object_component_ref idref="oc-24"/>
      </symbol>
      <symbol id="sm-96">
         <name>g_pfnVectors</name>
         <value>0x0</value>
         <object_component_ref idref="oc-f"/>
      </symbol>
      <symbol id="sm-ca">
         <name>uxListRemove</name>
         <value>0x2081</value>
         <object_component_ref idref="oc-e1"/>
      </symbol>
      <symbol id="sm-cb">
         <name>vListInsert</name>
         <value>0x201b</value>
         <object_component_ref idref="oc-e1"/>
      </symbol>
      <symbol id="sm-cc">
         <name>vListInitialiseItem</name>
         <value>0x1fcf</value>
         <object_component_ref idref="oc-e1"/>
      </symbol>
      <symbol id="sm-cd">
         <name>vListInsertEnd</name>
         <value>0x1fdf</value>
         <object_component_ref idref="oc-e1"/>
      </symbol>
      <symbol id="sm-ce">
         <name>vListInitialise</name>
         <value>0x1f9f</value>
         <object_component_ref idref="oc-e1"/>
      </symbol>
      <symbol id="sm-2c2">
         <name>vTaskDelay</name>
         <value>0x5b3</value>
         <object_component_ref idref="oc-7c"/>
      </symbol>
      <symbol id="sm-2c3">
         <name>vTaskSuspendAll</name>
         <value>0xab5</value>
         <object_component_ref idref="oc-7c"/>
      </symbol>
      <symbol id="sm-2c4">
         <name>vTaskPlaceOnEventList</name>
         <value>0xed7</value>
         <object_component_ref idref="oc-7c"/>
      </symbol>
      <symbol id="sm-2c5">
         <name>vTaskSetTaskNumber</name>
         <value>0x1111</value>
         <object_component_ref idref="oc-7c"/>
      </symbol>
      <symbol id="sm-2c6">
         <name>uxTaskPriorityGetFromISR</name>
         <value>0x6cd</value>
         <object_component_ref idref="oc-7c"/>
      </symbol>
      <symbol id="sm-2c7">
         <name>ulTaskNotifyTake</name>
         <value>0x1675</value>
         <object_component_ref idref="oc-7c"/>
      </symbol>
      <symbol id="sm-2c8">
         <name>pcTaskGetName</name>
         <value>0xbdb</value>
         <object_component_ref idref="oc-7c"/>
      </symbol>
      <symbol id="sm-2c9">
         <name>xTaskCheckForTimeOut</name>
         <value>0x1065</value>
         <object_component_ref idref="oc-7c"/>
      </symbol>
      <symbol id="sm-2ca">
         <name>vTaskRemoveFromUnorderedEventList</name>
         <value>0xfb1</value>
         <object_component_ref idref="oc-7c"/>
      </symbol>
      <symbol id="sm-2cb">
         <name>vTaskPrioritySet</name>
         <value>0x715</value>
         <object_component_ref idref="oc-7c"/>
      </symbol>
      <symbol id="sm-2cc">
         <name>xTaskPriorityDisinherit</name>
         <value>0x14d7</value>
         <object_component_ref idref="oc-7c"/>
      </symbol>
      <symbol id="sm-2cd">
         <name>vTaskStartScheduler</name>
         <value>0xa49</value>
         <object_component_ref idref="oc-7c"/>
      </symbol>
      <symbol id="sm-2ce">
         <name>vTaskInternalSetTimeOutState</name>
         <value>0x103b</value>
         <object_component_ref idref="oc-7c"/>
      </symbol>
      <symbol id="sm-2cf">
         <name>xTaskNotifyStateClear</name>
         <value>0x1a41</value>
         <object_component_ref idref="oc-7c"/>
      </symbol>
      <symbol id="sm-2d0">
         <name>pvTaskIncrementMutexHeldCount</name>
         <value>0x165d</value>
         <object_component_ref idref="oc-7c"/>
      </symbol>
      <symbol id="sm-2d1">
         <name>uxTaskGetStackHighWaterMark</name>
         <value>0x135d</value>
         <object_component_ref idref="oc-7c"/>
      </symbol>
      <symbol id="sm-2d2">
         <name>xTaskGenericNotify</name>
         <value>0x179d</value>
         <object_component_ref idref="oc-7c"/>
      </symbol>
      <symbol id="sm-2d3">
         <name>vTaskPriorityDisinheritAfterTimeout</name>
         <value>0x1575</value>
         <object_component_ref idref="oc-7c"/>
      </symbol>
      <symbol id="sm-2d4">
         <name>xTaskCreate</name>
         <value>0x26d</value>
         <object_component_ref idref="oc-7c"/>
      </symbol>
      <symbol id="sm-2d5">
         <name>vTaskDelayUntil</name>
         <value>0x523</value>
         <object_component_ref idref="oc-7c"/>
      </symbol>
      <symbol id="sm-2d6">
         <name>uxTaskGetTaskNumber</name>
         <value>0x10f1</value>
         <object_component_ref idref="oc-7c"/>
      </symbol>
      <symbol id="sm-2d7">
         <name>vTaskEndScheduler</name>
         <value>0xa99</value>
         <object_component_ref idref="oc-7c"/>
      </symbol>
      <symbol id="sm-2d8">
         <name>xTaskNotifyWait</name>
         <value>0x16f5</value>
         <object_component_ref idref="oc-7c"/>
      </symbol>
      <symbol id="sm-2d9">
         <name>vTaskMissedYield</name>
         <value>0x10e3</value>
         <object_component_ref idref="oc-7c"/>
      </symbol>
      <symbol id="sm-2da">
         <name>uxTaskGetNumberOfTasks</name>
         <value>0xbd5</value>
         <object_component_ref idref="oc-7c"/>
      </symbol>
      <symbol id="sm-2db">
         <name>xTaskCatchUpTicks</name>
         <value>0xcd3</value>
         <object_component_ref idref="oc-7c"/>
      </symbol>
      <symbol id="sm-2dc">
         <name>xTaskGenericNotifyFromISR</name>
         <value>0x1889</value>
         <object_component_ref idref="oc-7c"/>
      </symbol>
      <symbol id="sm-2dd">
         <name>vTaskGetInfo</name>
         <value>0x11cd</value>
         <object_component_ref idref="oc-7c"/>
      </symbol>
      <symbol id="sm-2de">
         <name>uxTaskPriorityGet</name>
         <value>0x6a1</value>
         <object_component_ref idref="oc-7c"/>
      </symbol>
      <symbol id="sm-2df">
         <name>xTaskResumeAll</name>
         <value>0xac9</value>
         <object_component_ref idref="oc-7c"/>
      </symbol>
      <symbol id="sm-2e0">
         <name>xTaskGetTickCount</name>
         <value>0xbab</value>
         <object_component_ref idref="oc-7c"/>
      </symbol>
      <symbol id="sm-2e1">
         <name>ulTaskNotifyValueClear</name>
         <value>0x1a7b</value>
         <object_component_ref idref="oc-7c"/>
      </symbol>
      <symbol id="sm-2e2">
         <name>uxTaskGetSystemState</name>
         <value>0xc01</value>
         <object_component_ref idref="oc-7c"/>
      </symbol>
      <symbol id="sm-2e3">
         <name>vTaskDelete</name>
         <value>0x475</value>
         <object_component_ref idref="oc-7c"/>
      </symbol>
      <symbol id="sm-2e4">
         <name>pxCurrentTCB</name>
         <value>0x200078f0</value>
         <object_component_ref idref="oc-76"/>
      </symbol>
      <symbol id="sm-2e5">
         <name>vTaskNotifyGiveFromISR</name>
         <value>0x1995</value>
         <object_component_ref idref="oc-7c"/>
      </symbol>
      <symbol id="sm-2e6">
         <name>eTaskGetState</name>
         <value>0x5f1</value>
         <object_component_ref idref="oc-7c"/>
      </symbol>
      <symbol id="sm-2e7">
         <name>vTaskSuspend</name>
         <value>0x82d</value>
         <object_component_ref idref="oc-7c"/>
      </symbol>
      <symbol id="sm-2e8">
         <name>xTaskGetTickCountFromISR</name>
         <value>0xbc1</value>
         <object_component_ref idref="oc-7c"/>
      </symbol>
      <symbol id="sm-2e9">
         <name>vTaskResume</name>
         <value>0x941</value>
         <object_component_ref idref="oc-7c"/>
      </symbol>
      <symbol id="sm-2ea">
         <name>vTaskSetTimeOutState</name>
         <value>0x101d</value>
         <object_component_ref idref="oc-7c"/>
      </symbol>
      <symbol id="sm-2eb">
         <name>xTaskIncrementTick</name>
         <value>0xd21</value>
         <object_component_ref idref="oc-7c"/>
      </symbol>
      <symbol id="sm-2ec">
         <name>vTaskSwitchContext</name>
         <value>0xe35</value>
         <object_component_ref idref="oc-7c"/>
      </symbol>
      <symbol id="sm-2ed">
         <name>uxTaskResetEventItemValue</name>
         <value>0x1635</value>
         <object_component_ref idref="oc-7c"/>
      </symbol>
      <symbol id="sm-2ee">
         <name>xTaskResumeFromISR</name>
         <value>0x9bb</value>
         <object_component_ref idref="oc-7c"/>
      </symbol>
      <symbol id="sm-2ef">
         <name>xTaskGetCurrentTaskHandle</name>
         <value>0x13d5</value>
         <object_component_ref idref="oc-7c"/>
      </symbol>
      <symbol id="sm-2f0">
         <name>vTaskPlaceOnUnorderedEventList</name>
         <value>0xef9</value>
         <object_component_ref idref="oc-7c"/>
      </symbol>
      <symbol id="sm-2f1">
         <name>xTaskRemoveFromEventList</name>
         <value>0xf31</value>
         <object_component_ref idref="oc-7c"/>
      </symbol>
      <symbol id="sm-2f2">
         <name>xTaskPriorityInherit</name>
         <value>0x1409</value>
         <object_component_ref idref="oc-7c"/>
      </symbol>
      <symbol id="sm-322">
         <name>ulMaxSyscallInterruptPriority</name>
         <value>0x2628</value>
         <object_component_ref idref="oc-79"/>
      </symbol>
      <symbol id="sm-323">
         <name>vPortSetupTimerInterrupt</name>
         <value>0x1e2f</value>
         <object_component_ref idref="oc-2f"/>
      </symbol>
      <symbol id="sm-324">
         <name>vPortEndScheduler</name>
         <value>0x1dd1</value>
         <object_component_ref idref="oc-2f"/>
      </symbol>
      <symbol id="sm-325">
         <name>xPortSysTickHandler</name>
         <value>0x1e09</value>
         <object_component_ref idref="oc-2f"/>
      </symbol>
      <symbol id="sm-326">
         <name>pxPortInitialiseStack</name>
         <value>0x1d31</value>
         <object_component_ref idref="oc-2f"/>
      </symbol>
      <symbol id="sm-327">
         <name>vPortExitCritical</name>
         <value>0x1df3</value>
         <object_component_ref idref="oc-2f"/>
      </symbol>
      <symbol id="sm-328">
         <name>xPortStartScheduler</name>
         <value>0x1d9b</value>
         <object_component_ref idref="oc-2f"/>
      </symbol>
      <symbol id="sm-329">
         <name>vPortEnterCritical</name>
         <value>0x1dd3</value>
         <object_component_ref idref="oc-2f"/>
      </symbol>
      <symbol id="sm-338">
         <name>vPortStartFirstTask</name>
         <value>0x2265</value>
         <object_component_ref idref="oc-2a"/>
      </symbol>
      <symbol id="sm-339">
         <name>ulPortGetIPSR</name>
         <value>0x21cd</value>
         <object_component_ref idref="oc-2a"/>
      </symbol>
      <symbol id="sm-33a">
         <name>vPortEnableVFP</name>
         <value>0x2289</value>
         <object_component_ref idref="oc-2a"/>
      </symbol>
      <symbol id="sm-33b">
         <name>xPortPendSVHandler</name>
         <value>0x21e5</value>
         <object_component_ref idref="oc-2a"/>
      </symbol>
      <symbol id="sm-33c">
         <name>vPortSVCHandler</name>
         <value>0x2245</value>
         <object_component_ref idref="oc-2a"/>
      </symbol>
      <symbol id="sm-383">
         <name>vPortInitialiseBlocks</name>
         <value>0x1cd5</value>
         <object_component_ref idref="oc-db"/>
      </symbol>
      <symbol id="sm-384">
         <name>xPortGetFreeHeapSize</name>
         <value>0x1ccf</value>
         <object_component_ref idref="oc-db"/>
      </symbol>
      <symbol id="sm-385">
         <name>pvPortMalloc</name>
         <value>0x1b79</value>
         <object_component_ref idref="oc-db"/>
      </symbol>
      <symbol id="sm-386">
         <name>vPortFree</name>
         <value>0x1c71</value>
         <object_component_ref idref="oc-db"/>
      </symbol>
      <symbol id="sm-3a1">
         <name>memcpy</name>
         <value>0x2345</value>
         <object_component_ref idref="oc-43"/>
      </symbol>
      <symbol id="sm-3a2">
         <name>__aeabi_memcpy</name>
         <value>0x2345</value>
         <object_component_ref idref="oc-43"/>
      </symbol>
      <symbol id="sm-3a3">
         <name>__aeabi_memcpy8</name>
         <value>0x2345</value>
         <object_component_ref idref="oc-43"/>
      </symbol>
      <symbol id="sm-3a4">
         <name>__aeabi_memcpy4</name>
         <value>0x2345</value>
         <object_component_ref idref="oc-43"/>
      </symbol>
      <symbol id="sm-3b3">
         <name>__aeabi_memset</name>
         <value>0x23e3</value>
         <object_component_ref idref="oc-b3"/>
      </symbol>
      <symbol id="sm-3b4">
         <name>memset</name>
         <value>0x23e9</value>
         <object_component_ref idref="oc-b3"/>
      </symbol>
      <symbol id="sm-3b5">
         <name>__aeabi_memset8</name>
         <value>0x23e3</value>
         <object_component_ref idref="oc-b3"/>
      </symbol>
      <symbol id="sm-3b6">
         <name>__aeabi_memset4</name>
         <value>0x23e3</value>
         <object_component_ref idref="oc-b3"/>
      </symbol>
      <symbol id="sm-3b7">
         <name>__aeabi_memclr8</name>
         <value>0x23e1</value>
         <object_component_ref idref="oc-b3"/>
      </symbol>
      <symbol id="sm-3b8">
         <name>__aeabi_memclr4</name>
         <value>0x23e1</value>
         <object_component_ref idref="oc-b3"/>
      </symbol>
      <symbol id="sm-3b9">
         <name>__aeabi_memclr</name>
         <value>0x23e1</value>
         <object_component_ref idref="oc-b3"/>
      </symbol>
      <symbol id="sm-3cb">
         <name>__TI_zero_init</name>
         <value>0x25fb</value>
         <object_component_ref idref="oc-55"/>
      </symbol>
      <symbol id="sm-3e2">
         <name>__TI_decompress_none</name>
         <value>0x25ed</value>
         <object_component_ref idref="oc-18"/>
      </symbol>
      <symbol id="sm-405">
         <name>__TI_decompress_lzss</name>
         <value>0x245b</value>
         <object_component_ref idref="oc-12"/>
      </symbol>
      <symbol id="sm-418">
         <name>__stack</name>
         <value>0x200076f0</value>
         <object_component_ref idref="oc-21"/>
      </symbol>
      <symbol id="sm-419">
         <name>_c_int00_noargs</name>
         <value>0x2575</value>
         <object_component_ref idref="oc-61"/>
      </symbol>
      <symbol id="sm-441">
         <name>__TI_auto_init_nobinit_nopinit</name>
         <value>0x24c5</value>
         <object_component_ref idref="oc-161"/>
      </symbol>
      <symbol id="sm-44b">
         <name>_system_pre_init</name>
         <value>0x261f</value>
         <object_component_ref idref="oc-b9"/>
      </symbol>
      <symbol id="sm-457">
         <name>C$$EXIT</name>
         <value>0x2623</value>
         <object_component_ref idref="oc-155"/>
      </symbol>
      <symbol id="sm-458">
         <name>abort</name>
         <value>0x2623</value>
         <object_component_ref idref="oc-155"/>
      </symbol>
      <symbol id="sm-481">
         <name>GPIOPinTypeGPIOOutput</name>
         <value>0x25d5</value>
         <object_component_ref idref="oc-142"/>
      </symbol>
      <symbol id="sm-482">
         <name>GPIODirModeSet</name>
         <value>0x25a9</value>
         <object_component_ref idref="oc-1ce"/>
      </symbol>
      <symbol id="sm-483">
         <name>GPIOPinWrite</name>
         <value>0x2613</value>
         <object_component_ref idref="oc-14e"/>
      </symbol>
      <symbol id="sm-484">
         <name>GPIOPadConfigSet</name>
         <value>0x1e6d</value>
         <object_component_ref idref="oc-148"/>
      </symbol>
      <symbol id="sm-4bb">
         <name>SysCtlClockSet</name>
         <value>0x20c9</value>
         <object_component_ref idref="oc-130"/>
      </symbol>
      <symbol id="sm-4bc">
         <name>SysCtlDelay</name>
         <value>0x2619</value>
         <object_component_ref idref="oc-1c9"/>
      </symbol>
      <symbol id="sm-4bd">
         <name>SysCtlPeripheralEnable</name>
         <value>0x2541</value>
         <object_component_ref idref="oc-136"/>
      </symbol>
      <symbol id="sm-4be">
         <name>SysCtlPeripheralReady</name>
         <value>0x2509</value>
         <object_component_ref idref="oc-13c"/>
      </symbol>
      <symbol id="sm-4c0">
         <name>__TI_static_base__</name>
         <value>0x0</value>
      </symbol>
      <symbol id="sm-4c3">
         <name>vApplicationStackOverflowHook</name>
         <value>0x0</value>
      </symbol>
      <symbol id="sm-4c4">
         <name>__mpu_init</name>
         <value>0x0</value>
      </symbol>
      <symbol id="sm-4c5">
         <name>_system_post_cinit</name>
         <value>0x0</value>
      </symbol>
   </symbol_table>
   <title>Link errors: red sections failed placement</title>
</link_info>
