******************************************************************************
                  TI ARM Linker PC v18.12.3                    
******************************************************************************
>> Linked Mon Jul 27 12:40:13 2020

OUTPUT FILE NAME:   <freertos_demo.out>
ENTRY POINT SYMBOL: "_c_int00_noargs"  address: 00002f85


MEMORY CONFIGURATION

         name            origin    length      used     unused   attr    fill
----------------------  --------  ---------  --------  --------  ----  --------
  FLASH                 00000000   00040000  0000310c  0003cef4  R  X
  SRAM                  20000000   00008000  000079b4  0000064c  RW X


SEGMENT ALLOCATION MAP

run origin  load origin   length   init length attrs members
----------  ----------- ---------- ----------- ----- -------
00000000    00000000    00003110   00003110    r-x
  00000000    00000000    0000026c   0000026c    r-- .intvecs
  0000026c    0000026c    00002dd8   00002dd8    r-x .text
  00003044    00003044    00000088   00000088    r-- .const
  000030d0    000030d0    00000040   00000040    r-- .cinit
20000000    20000000    000079b4   00000000    rw-
  20000000    20000000    00007758   00000000    rw- .data
  20007758    20007758    00000200   00000000    rw- .stack
  20007958    20007958    0000005c   00000000    rw- .bss


SECTION ALLOCATION MAP

 output                                  attributes/
section   page    origin      length       input sections
--------  ----  ----------  ----------   ----------------
.intvecs   0    00000000    0000026c     
                  00000000    0000026c     startup_ccs.obj (.intvecs)

.text      0    0000026c    00002dd8     
                  0000026c    000011fc     tasks.obj (.text)
                  00001468    00000868     queue.obj (.text)
                  00001cd0    0000030c     uartstdio.obj (.text)
                  00001fdc    000002d4     rgb.obj (.text)
                  000022b0    00000198     led_task.obj (.text)
                  00002448    00000134     switch_task.obj (.text)
                  0000257c    00000132     driverlib.lib : gpio.obj (.text:GPIOPadConfigSet)
                  000026ae    00000002     rtsv7M4_T_le_v4SPD16_eabi.lib : div0.asm.obj (.text)
                  000026b0    00000118     driverlib.lib : sysctl.obj (.text:SysCtlClockGet)
                  000027c8    00000104     heap_2.obj (.text)
                  000028cc    000000e4     port.obj (.text)
                  000029b0    000000da     portasm.obj (.text)
                  00002a8a    00000002     --HOLE-- [fill = 0]
                  00002a8c    000000b8     freertos_demo.obj (.text)
                  00002b44    000000a8     buttons.obj (.text)
                  00002bec    0000009c     rtsv7M4_T_le_v4SPD16_eabi.lib : memcpy_t2.asm.obj (.text)
                  00002c88    00000092     list.obj (.text)
                  00002d1a    0000007a     rtsv7M4_T_le_v4SPD16_eabi.lib : memset_t2.asm.obj (.text)
                  00002d94    00000068                                   : copy_decompress_lzss.c.obj (.text:decompress:lzss:__TI_decompress_lzss)
                  00002dfc    00000050                                   : fs_toull_t2.asm.obj (.text)
                  00002e4c    00000046     driverlib.lib : uart.obj (.text:UARTConfigSetExpClk)
                  00002e92    00000002     --HOLE-- [fill = 0]
                  00002e94    00000044     rtsv7M4_T_le_v4SPD16_eabi.lib : autoinit.c.obj (.text:__TI_auto_init_nobinit_nopinit:__TI_auto_init_nobinit_nopinit)
                  00002ed8    00000040                                   : u_divt2.asm.obj (.text)
                  00002f18    00000038     driverlib.lib : sysctl.obj (.text:SysCtlPeripheralPresent)
                  00002f50    00000034                   : sysctl.obj (.text:SysCtlPeripheralEnable)
                  00002f84    00000034     rtsv7M4_T_le_v4SPD16_eabi.lib : boot_cortex_m.c.obj (.text:_c_int00_noargs:_c_int00_noargs)
                  00002fb8    00000020     driverlib.lib : uart.obj (.text:UARTDisable)
                  00002fd8    0000001c     rtsv7M4_T_le_v4SPD16_eabi.lib : copy_zero_init.c.obj (.text:decompress:ZI:__TI_zero_init_nomemset:__TI_zero_init_nomemset)
                  00002ff4    00000014     driverlib.lib : uart.obj (.text:UARTEnable)
                  00003008    0000000e     rtsv7M4_T_le_v4SPD16_eabi.lib : copy_decompress_none.c.obj (.text:decompress:none:__TI_decompress_none)
                  00003016    0000000c     startup_ccs.obj (.text)
                  00003022    0000000a     driverlib.lib : uart.obj (.text:UARTCharGet)
                  0000302c    0000000a                   : uart.obj (.text:UARTCharPut)
                  00003036    00000006                   : uart.obj (.text:UARTClockSourceSet)
                  0000303c    00000004     rtsv7M4_T_le_v4SPD16_eabi.lib : pre_init.c.obj (.text:_system_pre_init)
                  00003040    00000004                                   : exit.c.obj (.text:abort:abort)

.const     0    00003044    00000088     
                  00003044    0000006c     driverlib.lib : sysctl.obj (.const:g_pui32Xtals)
                  000030b0    00000018     uartstdio.obj (.const:$O2$$)
                  000030c8    00000004     port.obj (.const)

.cinit     0    000030d0    00000040     
                  000030d0    00000019     (.cinit..data.load) [load image, compression = lzss]
                  000030e9    00000003     --HOLE-- [fill = 0]
                  000030ec    0000000c     (__TI_handler_table)
                  000030f8    00000008     (.cinit..bss.load) [load image, compression = zero_init]
                  00003100    00000010     (__TI_cinit_table)

.init_array 
*          0    00000000    00000000     UNINITIALIZED

.data      0    20000000    00007758     UNINITIALIZED
                  20000000    00007548     heap_2.obj (.data:$O1$$)
                  20007548    000001ac     tasks.obj (.data:$O1$$)
                  200076f4    0000002c     tasks.obj (.data)
                  20007720    00000014     led_task.obj (.data:$O1$$)
                  20007734    00000014     rgb.obj (.data:$O1$$)
                  20007748    00000008     uartstdio.obj (.data:$O1$$)
                  20007750    00000004     buttons.obj (.data:$O1$$)
                  20007754    00000004     port.obj (.data)

.bss       0    20007958    0000005c     UNINITIALIZED
                  20007958    00000050     (.common:xQueueRegistry)
                  200079a8    00000008     tasks.obj (.bss)
                  200079b0    00000004     (.common:g_pUARTSemaphore)

.stack     0    20007758    00000200     UNINITIALIZED
                  20007758    00000004     rtsv7M4_T_le_v4SPD16_eabi.lib : boot_cortex_m.c.obj (.stack)
                  2000775c    000001fc     --HOLE--

MODULE SUMMARY

       Module                       code    ro data   rw data
       ------                       ----    -------   -------
    .\
       startup_ccs.obj              12      620       0      
       led_task.obj                 408     0         20     
       switch_task.obj              308     0         0      
       freertos_demo.obj            184     0         4      
    +--+----------------------------+-------+---------+---------+
       Total:                       912     620       24     
                                                             
    .\FreeRTOS\Source\
       tasks.obj                    4604    0         480    
       queue.obj                    2152    0         80     
       list.obj                     146     0         0      
    +--+----------------------------+-------+---------+---------+
       Total:                       6902    0         560    
                                                             
    .\FreeRTOS\Source\portable\CCS\ARM_CM4F\
       port.obj                     228     4         4      
       portasm.obj                  218     0         0      
    +--+----------------------------+-------+---------+---------+
       Total:                       446     4         4      
                                                             
    .\FreeRTOS\Source\portable\MemMang\
       heap_2.obj                   260     0         30024  
    +--+----------------------------+-------+---------+---------+
       Total:                       260     0         30024  
                                                             
    .\drivers\
       rgb.obj                      724     0         20     
       buttons.obj                  168     0         4      
    +--+----------------------------+-------+---------+---------+
       Total:                       892     0         24     
                                                             
    .\utils\
       uartstdio.obj                780     24        8      
    +--+----------------------------+-------+---------+---------+
       Total:                       780     24        8      
                                                             
    C:/ti/TivaWare_C_Series-2.1.4.178/driverlib/ccs/Debug/driverlib.lib
       sysctl.obj                   388     108       0      
       gpio.obj                     306     0         0      
       uart.obj                     148     0         0      
    +--+----------------------------+-------+---------+---------+
       Total:                       842     108       0      
                                                             
    C:\ti\ccs920\ccs\tools\compiler\ti-cgt-arm_18.12.3.LTS\lib\rtsv7M4_T_le_v4SPD16_eabi.lib
       memcpy_t2.asm.obj            156     0         0      
       memset_t2.asm.obj            122     0         0      
       copy_decompress_lzss.c.obj   104     0         0      
       fs_toull_t2.asm.obj          80      0         0      
       autoinit.c.obj               68      0         0      
       u_divt2.asm.obj              64      0         0      
       boot_cortex_m.c.obj          52      0         0      
       copy_zero_init.c.obj         28      0         0      
       copy_decompress_none.c.obj   14      0         0      
       exit.c.obj                   4       0         0      
       pre_init.c.obj               4       0         0      
       div0.asm.obj                 2       0         0      
    +--+----------------------------+-------+---------+---------+
       Total:                       698     0         0      
                                                             
       Stack:                       0       0         512    
       Linker Generated:            0       61        0      
    +--+----------------------------+-------+---------+---------+
       Grand Total:                 11732   817       31156  


LINKER GENERATED COPY TABLES

__TI_cinit_table @ 00003100 records: 2, size/record: 8, table size: 16
	.data: load addr=000030d0, load size=00000019 bytes, run addr=20000000, run size=00007758 bytes, compression=lzss
	.bss: load addr=000030f8, load size=00000008 bytes, run addr=20007958, run size=0000005c bytes, compression=zero_init


LINKER GENERATED HANDLER TABLE

__TI_handler_table @ 000030ec records: 3, size/record: 4, table size: 12
	index: 0, handler: __TI_decompress_lzss
	index: 1, handler: __TI_decompress_none
	index: 2, handler: __TI_zero_init


GLOBAL SYMBOLS: SORTED ALPHABETICALLY BY Name 

address   name                               
-------   ----                               
00002b9b  ButtonsInit                        
00002b45  ButtonsPoll                        
00003041  C$$EXIT                            
00002a8f  ConfigureUART                      
0000257d  GPIOPadConfigSet                   
000022b1  LEDTaskInit                        
00002259  RGBBlinkIntHandler                 
000021f3  RGBBlinkRateSet                    
000021db  RGBColorGet                        
00001fdd  RGBColorSet                        
0000219d  RGBDisable                         
00002073  RGBEnable                          
000020e7  RGBInit                            
0000204b  RGBIntensitySet                    
00002057  RGBSet                             
UNDEFED   ROM_GPIODirModeSet                 
UNDEFED   ROM_GPIOPinConfigure               
UNDEFED   ROM_GPIOPinRead                    
UNDEFED   ROM_GPIOPinTypeGPIOInput           
UNDEFED   ROM_GPIOPinTypeTimer               
UNDEFED   ROM_GPIOPinTypeUART                
UNDEFED   ROM_IntEnable                      
UNDEFED   ROM_SysCtlClockSet                 
UNDEFED   ROM_SysCtlPeripheralEnable         
UNDEFED   ROM_TimerConfigure                 
UNDEFED   ROM_TimerDisable                   
UNDEFED   ROM_TimerEnable                    
UNDEFED   ROM_TimerIntClear                  
UNDEFED   ROM_TimerIntEnable                 
UNDEFED   ROM_TimerLoadSet                   
UNDEFED   ROM_TimerLoadSet64                 
UNDEFED   ROM_TimerMatchSet                  
00003017  ResetISR                           
00002449  SwitchTaskInit                     
000026b1  SysCtlClockGet                     
00002f51  SysCtlPeripheralEnable             
00002f19  SysCtlPeripheralPresent            
00003023  UARTCharGet                        
0000302d  UARTCharPut                        
00003037  UARTClockSourceSet                 
00002e4d  UARTConfigSetExpClk                
00002fb9  UARTDisable                        
00002ff5  UARTEnable                         
00001f69  UARTStdioConfig                    
00001f5b  UARTgetc                           
00001eeb  UARTgets                           
00001ed1  UARTprintf                         
00001d03  UARTvprintf                        
00001cd1  UARTwrite                          
20007958  __STACK_END                        
00000200  __STACK_SIZE                       
20007958  __STACK_TOP                        
00003100  __TI_CINIT_Base                    
00003110  __TI_CINIT_Limit                   
000030ec  __TI_Handler_Table_Base            
000030f8  __TI_Handler_Table_Limit           
00002e95  __TI_auto_init_nobinit_nopinit     
00002d95  __TI_decompress_lzss               
00003009  __TI_decompress_none               
ffffffff  __TI_pprof_out_hndl                
ffffffff  __TI_prof_data_size                
ffffffff  __TI_prof_data_start               
00000000  __TI_static_base__                 
00002fd9  __TI_zero_init_nomemset            
00002dfd  __aeabi_f2ulz                      
000026af  __aeabi_idiv0                      
000026af  __aeabi_ldiv0                      
00002d1b  __aeabi_memclr                     
00002d1b  __aeabi_memclr4                    
00002d1b  __aeabi_memclr8                    
00002bed  __aeabi_memcpy                     
00002bed  __aeabi_memcpy4                    
00002bed  __aeabi_memcpy8                    
00002d1d  __aeabi_memset                     
00002d1d  __aeabi_memset4                    
00002d1d  __aeabi_memset8                    
00002ed9  __aeabi_uidiv                      
00002ed9  __aeabi_uidivmod                   
ffffffff  __binit__                          
ffffffff  __c_args__                         
UNDEFED   __mpu_init                         
20007758  __stack                            
00002f85  _c_int00_noargs                    
UNDEFED   _system_post_cinit                 
0000303d  _system_pre_init                   
00003041  abort                              
ffffffff  binit                              
00000fbd  eTaskGetState                      
20007724  g_pLEDQueue                        
200079b0  g_pUARTSemaphore                   
00000000  g_pfnVectors                       
00002acb  main                               
00002bed  memcpy                             
00002d23  memset                             
00001cad  pcQueueGetName                     
00001437  pcTaskGetName                      
0000280d  pvPortMalloc                       
000013e9  pvTaskIncrementMutexHeldCount      
200076f4  pxCurrentTCB                       
0000296b  pxPortInitialiseStack              
00001ca7  ucQueueGetQueueType                
000030c8  ulMaxSyscallInterruptPriority      
000029c1  ulPortGetIPSR                      
0000138d  ulTaskNotifyTake                   
00001363  ulTaskNotifyValueClear             
00002cf5  uxListRemove                       
00001ca3  uxQueueGetQueueNumber              
00001c91  uxQueueMessagesWaiting             
00001c89  uxQueueMessagesWaitingFromISR      
00001c75  uxQueueSpacesAvailable             
0000135d  uxTaskGetNumberOfTasks             
00001351  uxTaskGetStackHighWaterMark        
000012b1  uxTaskGetSystemState               
00001235  uxTaskGetTaskNumber                
0000121d  uxTaskPriorityGet                  
000011fd  uxTaskPriorityGetFromISR           
000011e9  uxTaskResetEventItemValue          
00002a8d  vApplicationStackOverflowHook      
00002cdf  vListInitialise                    
00002cd9  vListInitialiseItem                
00002ca1  vListInsert                        
00002c89  vListInsertEnd                     
00002a7d  vPortEnableVFP                     
00002969  vPortEndScheduler                  
00002951  vPortEnterCritical                 
0000293f  vPortExitCritical                  
000027d1  vPortFree                          
000027cf  vPortInitialiseBlocks              
00002a39  vPortSVCHandler                    
000028f3  vPortSetupTimerInterrupt           
00002a59  vPortStartFirstTask                
00001c59  vQueueAddToRegistry                
00001c49  vQueueDelete                       
00001c45  vQueueSetQueueNumber               
00001c29  vQueueUnregisterQueue              
000011b9  vTaskDelay                         
0000115d  vTaskDelayUntil                    
000010b9  vTaskDelete                        
0000109b  vTaskEndScheduler                  
00001027  vTaskGetInfo                       
00000a9f  vTaskInternalSetTimeOutState       
00000fa1  vTaskMissedYield                   
00000f15  vTaskNotifyGiveFromISR             
00000ef3  vTaskPlaceOnEventList              
00000ed1  vTaskPlaceOnUnorderedEventList     
00000e5d  vTaskPriorityDisinheritAfterTimeout
00000d9d  vTaskPrioritySet                   
00000d3f  vTaskRemoveFromUnorderedEventList  
00000cd7  vTaskResume                        
00000cd1  vTaskSetTaskNumber                 
00000cb7  vTaskSetTimeOutState               
00000c77  vTaskStartScheduler                
00000bc9  vTaskSuspend                       
00000b0f  vTaskSuspendAll                    
00000b39  vTaskSwitchContext                 
000027c9  xPortGetFreeHeapSize               
000029d9  xPortPendSVHandler                 
00002907  xPortStartScheduler                
000028cd  xPortSysTickHandler                
00001bef  xQueueCreateMutex                  
00001bbb  xQueueGenericCreate                
00001b3f  xQueueGenericReset                 
00001965  xQueueGenericSend                  
00001adf  xQueueGenericSendFromISR           
00001a8d  xQueueGiveFromISR                  
00001a61  xQueueGiveMutexRecursive           
000018e3  xQueueIsQueueEmptyFromISR          
000018d5  xQueueIsQueueFullFromISR           
000017d3  xQueuePeek                         
000017a1  xQueuePeekFromISR                  
000016b1  xQueueReceive                      
00001655  xQueueReceiveFromISR               
20007958  xQueueRegistry                     
000014e1  xQueueSemaphoreTake                
00001609  xQueueTakeMutexRecursive           
00000b19  xTaskCatchUpTicks                  
00000ab1  xTaskCheckForTimeOut               
000009cd  xTaskCreate                        
0000083b  xTaskGenericNotify                 
00000785  xTaskGenericNotifyFromISR          
00000775  xTaskGetCurrentTaskHandle          
0000076f  xTaskGetTickCount                  
00000769  xTaskGetTickCountFromISR           
00000325  xTaskIncrementTick                 
0000073d  xTaskNotifyStateClear              
000006b9  xTaskNotifyWait                    
000005a9  xTaskPriorityDisinherit            
00000513  xTaskPriorityInherit               
000004b9  xTaskRemoveFromEventList           
000003ff  xTaskResumeAll                     
0000028d  xTaskResumeFromISR                 


GLOBAL SYMBOLS: SORTED BY Symbol Address 

address   name                               
-------   ----                               
00000000  __TI_static_base__                 
00000000  g_pfnVectors                       
00000200  __STACK_SIZE                       
0000028d  xTaskResumeFromISR                 
00000325  xTaskIncrementTick                 
000003ff  xTaskResumeAll                     
000004b9  xTaskRemoveFromEventList           
00000513  xTaskPriorityInherit               
000005a9  xTaskPriorityDisinherit            
000006b9  xTaskNotifyWait                    
0000073d  xTaskNotifyStateClear              
00000769  xTaskGetTickCountFromISR           
0000076f  xTaskGetTickCount                  
00000775  xTaskGetCurrentTaskHandle          
00000785  xTaskGenericNotifyFromISR          
0000083b  xTaskGenericNotify                 
000009cd  xTaskCreate                        
00000a9f  vTaskInternalSetTimeOutState       
00000ab1  xTaskCheckForTimeOut               
00000b0f  vTaskSuspendAll                    
00000b19  xTaskCatchUpTicks                  
00000b39  vTaskSwitchContext                 
00000bc9  vTaskSuspend                       
00000c77  vTaskStartScheduler                
00000cb7  vTaskSetTimeOutState               
00000cd1  vTaskSetTaskNumber                 
00000cd7  vTaskResume                        
00000d3f  vTaskRemoveFromUnorderedEventList  
00000d9d  vTaskPrioritySet                   
00000e5d  vTaskPriorityDisinheritAfterTimeout
00000ed1  vTaskPlaceOnUnorderedEventList     
00000ef3  vTaskPlaceOnEventList              
00000f15  vTaskNotifyGiveFromISR             
00000fa1  vTaskMissedYield                   
00000fbd  eTaskGetState                      
00001027  vTaskGetInfo                       
0000109b  vTaskEndScheduler                  
000010b9  vTaskDelete                        
0000115d  vTaskDelayUntil                    
000011b9  vTaskDelay                         
000011e9  uxTaskResetEventItemValue          
000011fd  uxTaskPriorityGetFromISR           
0000121d  uxTaskPriorityGet                  
00001235  uxTaskGetTaskNumber                
000012b1  uxTaskGetSystemState               
00001351  uxTaskGetStackHighWaterMark        
0000135d  uxTaskGetNumberOfTasks             
00001363  ulTaskNotifyValueClear             
0000138d  ulTaskNotifyTake                   
000013e9  pvTaskIncrementMutexHeldCount      
00001437  pcTaskGetName                      
000014e1  xQueueSemaphoreTake                
00001609  xQueueTakeMutexRecursive           
00001655  xQueueReceiveFromISR               
000016b1  xQueueReceive                      
000017a1  xQueuePeekFromISR                  
000017d3  xQueuePeek                         
000018d5  xQueueIsQueueFullFromISR           
000018e3  xQueueIsQueueEmptyFromISR          
00001965  xQueueGenericSend                  
00001a61  xQueueGiveMutexRecursive           
00001a8d  xQueueGiveFromISR                  
00001adf  xQueueGenericSendFromISR           
00001b3f  xQueueGenericReset                 
00001bbb  xQueueGenericCreate                
00001bef  xQueueCreateMutex                  
00001c29  vQueueUnregisterQueue              
00001c45  vQueueSetQueueNumber               
00001c49  vQueueDelete                       
00001c59  vQueueAddToRegistry                
00001c75  uxQueueSpacesAvailable             
00001c89  uxQueueMessagesWaitingFromISR      
00001c91  uxQueueMessagesWaiting             
00001ca3  uxQueueGetQueueNumber              
00001ca7  ucQueueGetQueueType                
00001cad  pcQueueGetName                     
00001cd1  UARTwrite                          
00001d03  UARTvprintf                        
00001ed1  UARTprintf                         
00001eeb  UARTgets                           
00001f5b  UARTgetc                           
00001f69  UARTStdioConfig                    
00001fdd  RGBColorSet                        
0000204b  RGBIntensitySet                    
00002057  RGBSet                             
00002073  RGBEnable                          
000020e7  RGBInit                            
0000219d  RGBDisable                         
000021db  RGBColorGet                        
000021f3  RGBBlinkRateSet                    
00002259  RGBBlinkIntHandler                 
000022b1  LEDTaskInit                        
00002449  SwitchTaskInit                     
0000257d  GPIOPadConfigSet                   
000026af  __aeabi_idiv0                      
000026af  __aeabi_ldiv0                      
000026b1  SysCtlClockGet                     
000027c9  xPortGetFreeHeapSize               
000027cf  vPortInitialiseBlocks              
000027d1  vPortFree                          
0000280d  pvPortMalloc                       
000028cd  xPortSysTickHandler                
000028f3  vPortSetupTimerInterrupt           
00002907  xPortStartScheduler                
0000293f  vPortExitCritical                  
00002951  vPortEnterCritical                 
00002969  vPortEndScheduler                  
0000296b  pxPortInitialiseStack              
000029c1  ulPortGetIPSR                      
000029d9  xPortPendSVHandler                 
00002a39  vPortSVCHandler                    
00002a59  vPortStartFirstTask                
00002a7d  vPortEnableVFP                     
00002a8d  vApplicationStackOverflowHook      
00002a8f  ConfigureUART                      
00002acb  main                               
00002b45  ButtonsPoll                        
00002b9b  ButtonsInit                        
00002bed  __aeabi_memcpy                     
00002bed  __aeabi_memcpy4                    
00002bed  __aeabi_memcpy8                    
00002bed  memcpy                             
00002c89  vListInsertEnd                     
00002ca1  vListInsert                        
00002cd9  vListInitialiseItem                
00002cdf  vListInitialise                    
00002cf5  uxListRemove                       
00002d1b  __aeabi_memclr                     
00002d1b  __aeabi_memclr4                    
00002d1b  __aeabi_memclr8                    
00002d1d  __aeabi_memset                     
00002d1d  __aeabi_memset4                    
00002d1d  __aeabi_memset8                    
00002d23  memset                             
00002d95  __TI_decompress_lzss               
00002dfd  __aeabi_f2ulz                      
00002e4d  UARTConfigSetExpClk                
00002e95  __TI_auto_init_nobinit_nopinit     
00002ed9  __aeabi_uidiv                      
00002ed9  __aeabi_uidivmod                   
00002f19  SysCtlPeripheralPresent            
00002f51  SysCtlPeripheralEnable             
00002f85  _c_int00_noargs                    
00002fb9  UARTDisable                        
00002fd9  __TI_zero_init_nomemset            
00002ff5  UARTEnable                         
00003009  __TI_decompress_none               
00003017  ResetISR                           
00003023  UARTCharGet                        
0000302d  UARTCharPut                        
00003037  UARTClockSourceSet                 
0000303d  _system_pre_init                   
00003041  C$$EXIT                            
00003041  abort                              
000030c8  ulMaxSyscallInterruptPriority      
000030ec  __TI_Handler_Table_Base            
000030f8  __TI_Handler_Table_Limit           
00003100  __TI_CINIT_Base                    
00003110  __TI_CINIT_Limit                   
200076f4  pxCurrentTCB                       
20007724  g_pLEDQueue                        
20007758  __stack                            
20007958  __STACK_END                        
20007958  __STACK_TOP                        
20007958  xQueueRegistry                     
200079b0  g_pUARTSemaphore                   
ffffffff  __TI_pprof_out_hndl                
ffffffff  __TI_prof_data_size                
ffffffff  __TI_prof_data_start               
ffffffff  __binit__                          
ffffffff  __c_args__                         
ffffffff  binit                              
UNDEFED   ROM_GPIODirModeSet                 
UNDEFED   ROM_GPIOPinConfigure               
UNDEFED   ROM_GPIOPinRead                    
UNDEFED   ROM_GPIOPinTypeGPIOInput           
UNDEFED   ROM_GPIOPinTypeTimer               
UNDEFED   ROM_GPIOPinTypeUART                
UNDEFED   ROM_IntEnable                      
UNDEFED   ROM_SysCtlClockSet                 
UNDEFED   ROM_SysCtlPeripheralEnable         
UNDEFED   ROM_TimerConfigure                 
UNDEFED   ROM_TimerDisable                   
UNDEFED   ROM_TimerEnable                    
UNDEFED   ROM_TimerIntClear                  
UNDEFED   ROM_TimerIntEnable                 
UNDEFED   ROM_TimerLoadSet                   
UNDEFED   ROM_TimerLoadSet64                 
UNDEFED   ROM_TimerMatchSet                  
UNDEFED   __mpu_init                         
UNDEFED   _system_post_cinit                 

[191 symbols]
